Archive member included to satisfy reference by file (symbol)

../Middlewares/ST/AI/Lib/NetworkRuntime900_CM4_GCC.a(ai_platform.o)
                              ./X-CUBE-AI/App/sine_model.o (ai_buffer_array_item_set_address)
../Middlewares/ST/AI/Lib/NetworkRuntime900_CM4_GCC.a(ai_platform_interface.o)
                              ./X-CUBE-AI/App/sine_model.o (ai_platform_get_weights_map)
../Middlewares/ST/AI/Lib/NetworkRuntime900_CM4_GCC.a(core_common.o)
                              ../Middlewares/ST/AI/Lib/NetworkRuntime900_CM4_GCC.a(ai_platform_interface.o) (core_init)
../Middlewares/ST/AI/Lib/NetworkRuntime900_CM4_GCC.a(core_mem_manager.o)
                              ../Middlewares/ST/AI/Lib/NetworkRuntime900_CM4_GCC.a(ai_platform_interface.o) (core_mem_alloc)
../Middlewares/ST/AI/Lib/NetworkRuntime900_CM4_GCC.a(layers.o)
                              ../Middlewares/ST/AI/Lib/NetworkRuntime900_CM4_GCC.a(ai_platform_interface.o) (ai_check_custom_types)
../Middlewares/ST/AI/Lib/NetworkRuntime900_CM4_GCC.a(layers_conv2d_generic_float.o)
                              ./X-CUBE-AI/App/sine_model.o (forward_dense)
../Middlewares/ST/AI/Lib/NetworkRuntime900_CM4_GCC.a(layers_nl_generic_float.o)
                              ./X-CUBE-AI/App/sine_model.o (forward_relu)
../Middlewares/ST/AI/Lib/NetworkRuntime900_CM4_GCC.a(layers_conv2d_integer_scratch.o)
                              ../Middlewares/ST/AI/Lib/NetworkRuntime900_CM4_GCC.a(layers.o) (get_conv2d_scratch_size)
../Middlewares/ST/AI/Lib/NetworkRuntime900_CM4_GCC.a(forward_lite_conv2d_if32of32wf32.o)
                              ../Middlewares/ST/AI/Lib/NetworkRuntime900_CM4_GCC.a(layers_conv2d_generic_float.o) (forward_lite_conv2d_if32of32wf32)
../Middlewares/ST/AI/Lib/NetworkRuntime900_CM4_GCC.a(lite_nl_softmax_if32of32.o)
                              ../Middlewares/ST/AI/Lib/NetworkRuntime900_CM4_GCC.a(layers_nl_generic_float.o) (forward_lite_nl_softmax_if32of32_kernel)
../Middlewares/ST/AI/Lib/NetworkRuntime900_CM4_GCC.a(lite_nl_relu_if32of32.o)
                              ../Middlewares/ST/AI/Lib/NetworkRuntime900_CM4_GCC.a(layers_nl_generic_float.o) (forward_lite_nl_prelu_if32of32_kernel)
../Middlewares/ST/AI/Lib/NetworkRuntime900_CM4_GCC.a(lite_dense_if32.o)
                              ../Middlewares/ST/AI/Lib/NetworkRuntime900_CM4_GCC.a(layers_conv2d_generic_float.o) (forward_lite_dense_if32of32wf32)
../Middlewares/ST/AI/Lib/NetworkRuntime900_CM4_GCC.a(st_int8_fill.o)
                              ../Middlewares/ST/AI/Lib/NetworkRuntime900_CM4_GCC.a(layers_nl_generic_float.o) (st_int8_fill)
../Middlewares/ST/AI/Lib/NetworkRuntime900_CM4_GCC.a(ai_math_helpers.o)
                              ../Middlewares/ST/AI/Lib/NetworkRuntime900_CM4_GCC.a(layers_nl_generic_float.o) (ai_math_sqrt)
../Middlewares/ST/AI/Lib/NetworkRuntime900_CM4_GCC.a(ai_datatypes_format.o)
                              ../Middlewares/ST/AI/Lib/NetworkRuntime900_CM4_GCC.a(ai_platform_interface.o) (ai_array_to_buffer_fmt)
../Middlewares/ST/AI/Lib/NetworkRuntime900_CM4_GCC.a(ai_datatypes_internal.o)
                              ../Middlewares/ST/AI/Lib/NetworkRuntime900_CM4_GCC.a(ai_platform_interface.o) (ai_version_get)
../Middlewares/ST/AI/Lib/NetworkRuntime900_CM4_GCC.a(ai_math_elementwise_mul_int8.o)
                              ../Middlewares/ST/AI/Lib/NetworkRuntime900_CM4_GCC.a(ai_math_helpers.o) (ai_math_elementwise_mul_int8)
../Middlewares/ST/AI/Lib/NetworkRuntime900_CM4_GCC.a(ai_math_elementwise_sum_int8.o)
                              ../Middlewares/ST/AI/Lib/NetworkRuntime900_CM4_GCC.a(ai_math_helpers.o) (ai_math_elementwise_sum_int8)
../Middlewares/ST/AI/Lib/NetworkRuntime900_CM4_GCC.a(st_align_factor.o)
                              ../Middlewares/ST/AI/Lib/NetworkRuntime900_CM4_GCC.a(ai_math_helpers.o) (align_factor)
/opt/st/stm32cubeide_1.13.2/plugins/com.st.stm32cube.ide.mcu.externaltools.gnu-tools-for-stm32.12.3.rel1.linux64_1.0.200.202406132123/tools/bin/../lib/gcc/arm-none-eabi/12.3.1/../../../../arm-none-eabi/lib/thumb/v7e-m+fp/hard/libc_nano.a(libc_a-exit.o)
                              /opt/st/stm32cubeide_1.13.2/plugins/com.st.stm32cube.ide.mcu.externaltools.gnu-tools-for-stm32.12.3.rel1.linux64_1.0.200.202406132123/tools/bin/../lib/gcc/arm-none-eabi/12.3.1/../../../../arm-none-eabi/lib/thumb/v7e-m+fp/hard/crt0.o (exit)
/opt/st/stm32cubeide_1.13.2/plugins/com.st.stm32cube.ide.mcu.externaltools.gnu-tools-for-stm32.12.3.rel1.linux64_1.0.200.202406132123/tools/bin/../lib/gcc/arm-none-eabi/12.3.1/../../../../arm-none-eabi/lib/thumb/v7e-m+fp/hard/libc_nano.a(libc_a-malloc.o)
                              ../Middlewares/ST/AI/Lib/NetworkRuntime900_CM4_GCC.a(core_mem_manager.o) (malloc)
/opt/st/stm32cubeide_1.13.2/plugins/com.st.stm32cube.ide.mcu.externaltools.gnu-tools-for-stm32.12.3.rel1.linux64_1.0.200.202406132123/tools/bin/../lib/gcc/arm-none-eabi/12.3.1/../../../../arm-none-eabi/lib/thumb/v7e-m+fp/hard/libc_nano.a(libc_a-mallocr.o)
[...]
Memory Configuration

Name             Origin             Length             Attributes
RAM              0x20000000         0x00020000         xrw
FLASH            0x08000000         0x00080000         xr
*default*        0x00000000         0xffffffff

Linker script and memory map

LOAD /opt/st/stm32cubeide_1.13.2/plugins/com.st.stm32cube.ide.mcu.externaltools.gnu-tools-for-stm32.12.3.rel1.linux64_1.0.200.202406132123/tools/bin/../lib/gcc/arm-none-eabi/12.3.1/thumb/v7e-m+fp/hard/crti.o
LOAD /opt/st/stm32cubeide_1.13.2/plugins/com.st.stm32cube.ide.mcu.externaltools.gnu-tools-for-stm32.12.3.rel1.linux64_1.0.200.202406132123/tools/bin/../lib/gcc/arm-none-eabi/12.3.1/thumb/v7e-m+fp/hard/crtbegin.o
LOAD /opt/st/stm32cubeide_1.13.2/plugins/com.st.stm32cube.ide.mcu.externaltools.gnu-tools-for-stm32.12.3.rel1.linux64_1.0.200.202406132123/tools/bin/../lib/gcc/arm-none-eabi/12.3.1/../../../../arm-none-eabi/lib/thumb/v7e-m+fp/hard/crt0.o
LOAD ./Core/Src/main.o
LOAD ./Core/Src/stm32f4xx_hal_msp.o
LOAD ./Core/Src/stm32f4xx_it.o
LOAD ./Core/Src/sysmem.o
LOAD ./Core/Src/system_stm32f4xx.o
LOAD ./Core/Startup/startup_stm32f446retx.o
LOAD ./Drivers/STM32F4xx_HAL_Driver/Src/stm32f4xx_hal.o
LOAD ./Drivers/STM32F4xx_HAL_Driver/Src/stm32f4xx_hal_cortex.o
LOAD ./Drivers/STM32F4xx_HAL_Driver/Src/stm32f4xx_hal_dma.o
LOAD ./Drivers/STM32F4xx_HAL_Driver/Src/stm32f4xx_hal_dma_ex.o
LOAD ./Drivers/STM32F4xx_HAL_Driver/Src/stm32f4xx_hal_exti.o
LOAD ./Drivers/STM32F4xx_HAL_Driver/Src/stm32f4xx_hal_flash.o
LOAD ./Drivers/STM32F4xx_HAL_Driver/Src/stm32f4xx_hal_flash_ex.o
LOAD ./Drivers/STM32F4xx_HAL_Driver/Src/stm32f4xx_hal_flash_ramfunc.o
LOAD ./Drivers/STM32F4xx_HAL_Driver/Src/stm32f4xx_hal_gpio.o
LOAD ./Drivers/STM32F4xx_HAL_Driver/Src/stm32f4xx_hal_pwr.o
LOAD ./Drivers/STM32F4xx_HAL_Driver/Src/stm32f4xx_hal_pwr_ex.o
LOAD ./Drivers/STM32F4xx_HAL_Driver/Src/stm32f4xx_hal_rcc.o
LOAD ./Drivers/STM32F4xx_HAL_Driver/Src/stm32f4xx_hal_rcc_ex.o
LOAD ./Drivers/STM32F4xx_HAL_Driver/Src/stm32f4xx_hal_tim.o
LOAD ./Drivers/STM32F4xx_HAL_Driver/Src/stm32f4xx_hal_tim_ex.o
LOAD ./Drivers/STM32F4xx_HAL_Driver/Src/stm32f4xx_hal_uart.o
LOAD ./X-CUBE-AI/App/app_x-cube-ai.o
LOAD ./X-CUBE-AI/App/sine_model.o
LOAD ./X-CUBE-AI/App/sine_model_data.o
LOAD ./X-CUBE-AI/App/sine_model_data_params.o
LOAD ../Middlewares/ST/AI/Lib/NetworkRuntime900_CM4_GCC.a
START GROUP
LOAD /opt/st/stm32cubeide_1.13.2/plugins/com.st.stm32cube.ide.mcu.externaltools.gnu-tools-for-stm32.12.3.rel1.linux64_1.0.200.202406132123/tools/bin/../lib/gcc/arm-none-eabi/12.3.1/../../../../arm-none-eabi/lib/thumb/v7e-m+fp/hard/libc_nano.a
LOAD /opt/st/stm32cubeide_1.13.2/plugins/com.st.stm32cube.ide.mcu.externaltools.gnu-tools-for-stm32.12.3.rel1.linux64_1.0.200.202406132123/tools/bin/../lib/gcc/arm-none-eabi/12.3.1/../../../../arm-none-eabi/lib/thumb/v7e-m+fp/hard/libm.a
END GROUP
START GROUP
LOAD /opt/st/stm32cubeide_1.13.2/plugins/com.st.stm32cube.ide.mcu.externaltools.gnu-tools-for-stm32.12.3.rel1.linux64_1.0.200.202406132123/tools/bin/../lib/gcc/arm-none-eabi/12.3.1/thumb/v7e-m+fp/hard/libgcc.a
LOAD /opt/st/stm32cubeide_1.13.2/plugins/com.st.stm32cube.ide.mcu.externaltools.gnu-tools-for-stm32.12.3.rel1.linux64_1.0.200.202406132123/tools/bin/../lib/gcc/arm-none-eabi/12.3.1/../../../../arm-none-eabi/lib/thumb/v7e-m+fp/hard/libc_nano.a
END GROUP
START GROUP
LOAD /opt/st/stm32cubeide_1.13.2/plugins/com.st.stm32cube.ide.mcu.externaltools.gnu-tools-for-stm32.12.3.rel1.linux64_1.0.200.202406132123/tools/bin/../lib/gcc/arm-none-eabi/12.3.1/thumb/v7e-m+fp/hard/libgcc.a
LOAD /opt/st/stm32cubeide_1.13.2/plugins/com.st.stm32cube.ide.mcu.externaltools.gnu-tools-for-stm32.12.3.rel1.linux64_1.0.200.202406132123/tools/bin/../lib/gcc/arm-none-eabi/12.3.1/../../../../arm-none-eabi/lib/thumb/v7e-m+fp/hard/libc_nano.a
LOAD /opt/st/stm32cubeide_1.13.2/plugins/com.st.stm32cube.ide.mcu.externaltools.gnu-tools-for-stm32.12.3.rel1.linux64_1.0.200.202406132123/tools/bin/../lib/gcc/arm-none-eabi/12.3.1/../../../../arm-none-eabi/lib/thumb/v7e-m+fp/hard/libnosys.a
END GROUP
START GROUP
LOAD /opt/st/stm32cubeide_1.13.2/plugins/com.st.stm32cube.ide.mcu.externaltools.gnu-tools-for-stm32.12.3.rel1.linux64_1.0.200.202406132123/tools/bin/../lib/gcc/arm-none-eabi/12.3.1/thumb/v7e-m+fp/hard/libgcc.a
LOAD /opt/st/stm32cubeide_1.13.2/plugins/com.st.stm32cube.ide.mcu.externaltools.gnu-tools-for-stm32.12.3.rel1.linux64_1.0.200.202406132123/tools/bin/../lib/gcc/arm-none-eabi/12.3.1/../../../../arm-none-eabi/lib/thumb/v7e-m+fp/hard/libc_nano.a
LOAD /opt/st/stm32cubeide_1.13.2/plugins/com.st.stm32cube.ide.mcu.externaltools.gnu-tools-for-stm32.12.3.rel1.linux64_1.0.200.202406132123/tools/bin/../lib/gcc/arm-none-eabi/12.3.1/../../../../arm-none-eabi/lib/thumb/v7e-m+fp/hard/libnosys.a
END GROUP
LOAD /opt/st/stm32cubeide_1.13.2/plugins/com.st.stm32cube.ide.mcu.externaltools.gnu-tools-for-stm32.12.3.rel1.linux64_1.0.200.202406132123/tools/bin/../lib/gcc/arm-none-eabi/12.3.1/thumb/v7e-m+fp/hard/crtend.o
LOAD /opt/st/stm32cubeide_1.13.2/plugins/com.st.stm32cube.ide.mcu.externaltools.gnu-tools-for-stm32.12.3.rel1.linux64_1.0.200.202406132123/tools/bin/../lib/gcc/arm-none-eabi/12.3.1/thumb/v7e-m+fp/hard/crtn.o
                0x20020000                        _estack = (ORIGIN (RAM) + LENGTH (RAM))
                0x00000800                        _Min_Heap_Size = 0x800
                0x00000800                        _Min_Stack_Size = 0x800

.isr_vector     0x08000000      0x1c4
                0x08000000                        . = ALIGN (0x4)
 *(.isr_vector)
 .isr_vector    0x08000000      0x1c4 ./Core/Startup/startup_stm32f446retx.o
                0x08000000                g_pfnVectors
                0x080001c4                        . = ALIGN (0x4)

.text           0x080001d0     0x5ec0
                0x080001d0                        . = ALIGN (0x4)
 *(.text)
 .text          0x080001d0       0x40 /opt/st/stm32cubeide_1.13.2/plugins/com.st.stm32cube.ide.mcu.externaltools.gnu-tools-for-stm32.12.3.rel1.linux64_1.0.200.202406132123/tools/bin/../lib/gcc/arm-none-eabi/12.3.1/thumb/v7e-m+fp/hard/crtbegin.o
 .text          0x08000210       0xa0 /opt/st/stm32cubeide_1.13.2/plugins/com.st.stm32cube.ide.mcu.externaltools.gnu-tools-for-stm32.12.3.rel1.linux64_1.0.200.202406132123/tools/bin/../lib/gcc/arm-none-eabi/12.3.1/../../../../arm-none-eabi/lib/thumb/v7e-m+fp/hard/libc_nano.a(libc_a-memchr.o)
                0x08000210                memchr
 .text          0x080002b0       0x10 /opt/st/stm32cubeide_1.13.2/plugins/com.st.stm32cube.ide.mcu.externaltools.gnu-tools-for-stm32.12.3.rel1.linux64_1.0.200.202406132123/tools/bin/../lib/gcc/arm-none-eabi/12.3.1/../../../../arm-none-eabi/lib/thumb/v7e-m+fp/hard/libc_nano.a(libc_a-strlen.o)
                0x080002b0                strlen
 .text          0x080002c0      0x378 /opt/st/stm32cubeide_1.13.2/plugins/com.st.stm32cube.ide.mcu.externaltools.gnu-tools-for-stm32.12.3.rel1.linux64_1.0.200.202406132123/tools/bin/../lib/gcc/arm-none-eabi/12.3.1/thumb/v7e-m+fp/hard/libgcc.a(_arm_addsubdf3.o)
                0x080002c0                __aeabi_drsub
                0x080002c8                __aeabi_dsub
                0x080002c8                __subdf3
                0x080002cc                __adddf3
                0x080002cc                __aeabi_dadd
                0x08000544                __aeabi_ui2d
                0x08000544                __floatunsidf
                0x08000564                __floatsidf
                0x08000564                __aeabi_i2d
                0x08000588                __extendsfdf2
                0x08000588                __aeabi_f2d
                0x080005cc                __aeabi_ul2d
                0x080005cc                __floatundidf
                0x080005dc                __floatdidf
                0x080005dc                __aeabi_l2d
 .text          0x08000638      0x424 /opt/st/stm32cubeide_1.13.2/plugins/com.st.stm32cube.ide.mcu.externaltools.gnu-tools-for-stm32.12.3.rel1.linux64_1.0.200.202406132123/tools/bin/../lib/gcc/arm-none-eabi/12.3.1/thumb/v7e-m+fp/hard/libgcc.a(_arm_muldivdf3.o)
                0x08000638                __aeabi_dmul
                0x08000638                __muldf3
                0x0800088c                __aeabi_ddiv
                0x0800088c                __divdf3
 .text          0x08000a5c      0x110 /opt/st/stm32cubeide_1.13.2/plugins/com.st.stm32cube.ide.mcu.externaltools.gnu-tools-for-stm32.12.3.rel1.linux64_1.0.200.202406132123/tools/bin/../lib/gcc/arm-none-eabi/12.3.1/thumb/v7e-m+fp/hard/libgcc.a(_arm_cmpdf2.o)
                0x08000a5c                __gtdf2
                0x08000a5c                __gedf2
                0x08000a64                __ltdf2
                0x08000a64                __ledf2
                0x08000a6c                __cmpdf2
                0x08000a6c                __eqdf2
                0x08000a6c                __nedf2
                0x08000ae8                __aeabi_cdrcmple
                0x08000af8                __aeabi_cdcmple
                0x08000af8                __aeabi_cdcmpeq
                0x08000b08                __aeabi_dcmpeq
                0x08000b1c                __aeabi_dcmplt
                0x08000b30                __aeabi_dcmple
                0x08000b44                __aeabi_dcmpge
                0x08000b58                __aeabi_dcmpgt
 .text          0x08000b6c       0x2c /opt/st/stm32cubeide_1.13.2/plugins/com.st.stm32cube.ide.mcu.externaltools.gnu-tools-for-stm32.12.3.rel1.linux64_1.0.200.202406132123/tools/bin/../lib/gcc/arm-none-eabi/12.3.1/thumb/v7e-m+fp/hard/libgcc.a(_arm_unorddf2.o)
                0x08000b6c                __aeabi_dcmpun
                0x08000b6c                __unorddf2
 .text          0x08000b98       0x50 /opt/st/stm32cubeide_1.13.2/plugins/com.st.stm32cube.ide.mcu.externaltools.gnu-tools-for-stm32.12.3.rel1.linux64_1.0.200.202406132123/tools/bin/../lib/gcc/arm-none-eabi/12.3.1/thumb/v7e-m+fp/hard/libgcc.a(_arm_fixdfsi.o)
                0x08000b98                __fixdfsi
                0x08000b98                __aeabi_d2iz
 .text          0x08000be8       0xa0 /opt/st/stm32cubeide_1.13.2/plugins/com.st.stm32cube.ide.mcu.externaltools.gnu-tools-for-stm32.12.3.rel1.linux64_1.0.200.202406132123/tools/bin/../lib/gcc/arm-none-eabi/12.3.1/thumb/v7e-m+fp/hard/libgcc.a(_arm_truncdfsf2.o)
                0x08000be8                __aeabi_d2f
                0x08000be8                __truncdfsf2
 *(.text*)
 .text.main     0x08000c88       0x48 ./Core/Src/main.o
                0x08000c88                main
 .text.HAL_MspInit
                0x08000cd0       0x50 ./Core/Src/stm32f4xx_hal_msp.o
                0x08000cd0                HAL_MspInit
 .text.NMI_Handler
                0x08000d20        0x8 ./Core/Src/stm32f4xx_it.o
                0x08000d20                NMI_Handler
 .text.HardFault_Handler
                0x08000d28        0x8 ./Core/Src/stm32f4xx_it.o
                0x08000d28                HardFault_Handler
 .text.MemManage_Handler
                0x08000d30        0x8 ./Core/Src/stm32f4xx_it.o
                0x08000d30                MemManage_Handler
 .text.BusFault_Handler
                0x08000d38        0x8 ./Core/Src/stm32f4xx_it.o
                0x08000d38                BusFault_Handler
 .text.UsageFault_Handler
                0x08000d40        0x8 ./Core/Src/stm32f4xx_it.o
                0x08000d40                UsageFault_Handler
 .text.SVC_Handler
                0x08000d48        0xe ./Core/Src/stm32f4xx_it.o
                0x08000d48                SVC_Handler
 .text.DebugMon_Handler
                0x08000d56        0xe ./Core/Src/stm32f4xx_it.o
                0x08000d56                DebugMon_Handler
 .text.PendSV_Handler
                0x08000d64        0xe ./Core/Src/stm32f4xx_it.o
                0x08000d64                PendSV_Handler
 .text.SysTick_Handler
                0x08000d72        0xc ./Core/Src/stm32f4xx_it.o
                0x08000d72                SysTick_Handler
 *fill*         0x08000d7e        0x2 
 .text._sbrk    0x08000d80       0x6c ./Core/Src/sysmem.o
                0x08000d80                _sbrk
 .text.SystemInit
                0x08000dec       0x24 ./Core/Src/system_stm32f4xx.o
                0x08000dec                SystemInit
 .text.Reset_Handler
                0x08000e10       0x50 ./Core/Startup/startup_stm32f446retx.o
                0x08000e10                Reset_Handler
 .text.Default_Handler
                0x08000e60        0x2 ./Core/Startup/startup_stm32f446retx.o
                0x08000e60                RTC_Alarm_IRQHandler
                0x08000e60                EXTI2_IRQHandler
                0x08000e60                TIM8_CC_IRQHandler
                0x08000e60                FMPI2C1_EV_IRQHandler
                0x08000e60                SPI4_IRQHandler
                0x08000e60                TIM1_CC_IRQHandler
                0x08000e60                DMA2_Stream5_IRQHandler
                0x08000e60                DMA1_Stream5_IRQHandler
                0x08000e60                PVD_IRQHandler
                0x08000e60                SDIO_IRQHandler
                0x08000e60                TAMP_STAMP_IRQHandler
                0x08000e60                CAN2_RX1_IRQHandler
                0x08000e60                EXTI3_IRQHandler
                0x08000e60                TIM8_TRG_COM_TIM14_IRQHandler
                0x08000e60                TIM1_UP_TIM10_IRQHandler
                0x08000e60                TIM8_UP_TIM13_IRQHandler
                0x08000e60                I2C3_ER_IRQHandler
                0x08000e60                EXTI0_IRQHandler
                0x08000e60                I2C2_EV_IRQHandler
                0x08000e60                DMA1_Stream2_IRQHandler
                0x08000e60                CAN1_RX0_IRQHandler
                0x08000e60                FPU_IRQHandler
                0x08000e60                OTG_HS_WKUP_IRQHandler
                0x08000e60                CAN2_SCE_IRQHandler
                0x08000e60                DMA2_Stream2_IRQHandler
                0x08000e60                SPI1_IRQHandler
                0x08000e60                TIM6_DAC_IRQHandler
                0x08000e60                TIM1_BRK_TIM9_IRQHandler
                0x08000e60                DCMI_IRQHandler
                0x08000e60                CAN2_RX0_IRQHandler
                0x08000e60                DMA2_Stream3_IRQHandler
                0x08000e60                SAI2_IRQHandler
                0x08000e60                USART6_IRQHandler
                0x08000e60                USART3_IRQHandler
                0x08000e60                CAN1_RX1_IRQHandler
                0x08000e60                UART5_IRQHandler
                0x08000e60                DMA2_Stream0_IRQHandler
                0x08000e60                TIM4_IRQHandler
                0x08000e60                QUADSPI_IRQHandler
                0x08000e60                I2C1_EV_IRQHandler
                0x08000e60                DMA1_Stream6_IRQHandler
                0x08000e60                DMA1_Stream1_IRQHandler
                0x08000e60                UART4_IRQHandler
                0x08000e60                TIM3_IRQHandler
                0x08000e60                RCC_IRQHandler
                0x08000e60                TIM8_BRK_TIM12_IRQHandler
                0x08000e60                Default_Handler
                0x08000e60                CEC_IRQHandler
                0x08000e60                EXTI15_10_IRQHandler
                0x08000e60                ADC_IRQHandler
                0x08000e60                DMA1_Stream7_IRQHandler
                0x08000e60                TIM7_IRQHandler
                0x08000e60                CAN2_TX_IRQHandler
                0x08000e60                TIM5_IRQHandler
                0x08000e60                DMA2_Stream7_IRQHandler
                0x08000e60                I2C3_EV_IRQHandler
                0x08000e60                EXTI9_5_IRQHandler
                0x08000e60                RTC_WKUP_IRQHandler
                0x08000e60                SPDIF_RX_IRQHandler
                0x08000e60                SPI2_IRQHandler
                0x08000e60                OTG_HS_EP1_IN_IRQHandler
                0x08000e60                DMA1_Stream0_IRQHandler
                0x08000e60                CAN1_TX_IRQHandler
                0x08000e60                FMPI2C1_ER_IRQHandler
                0x08000e60                EXTI4_IRQHandler
                0x08000e60                OTG_HS_EP1_OUT_IRQHandler
                0x08000e60                WWDG_IRQHandler
                0x08000e60                TIM2_IRQHandler
                0x08000e60                OTG_FS_WKUP_IRQHandler
                0x08000e60                TIM1_TRG_COM_TIM11_IRQHandler
                0x08000e60                OTG_HS_IRQHandler
                0x08000e60                EXTI1_IRQHandler
                0x08000e60                USART2_IRQHandler
                0x08000e60                I2C2_ER_IRQHandler
                0x08000e60                DMA2_Stream1_IRQHandler
                0x08000e60                CAN1_SCE_IRQHandler
                0x08000e60                FLASH_IRQHandler
                0x08000e60                DMA2_Stream4_IRQHandler
                0x08000e60                USART1_IRQHandler
                0x08000e60                OTG_FS_IRQHandler
                0x08000e60                SPI3_IRQHandler
                0x08000e60                DMA1_Stream4_IRQHandler
                0x08000e60                I2C1_ER_IRQHandler
                0x08000e60                FMC_IRQHandler
                0x08000e60                DMA2_Stream6_IRQHandler
                0x08000e60                SAI1_IRQHandler
                0x08000e60                DMA1_Stream3_IRQHandler
 *fill*         0x08000e62        0x2 
 .text.HAL_Init
                0x08000e64       0x44 ./Drivers/STM32F4xx_HAL_Driver/Src/stm32f4xx_hal.o
                0x08000e64                HAL_Init
 .text.HAL_InitTick
                0x08000ea8       0x60 ./Drivers/STM32F4xx_HAL_Driver/Src/stm32f4xx_hal.o
                0x08000ea8                HAL_InitTick
 .text.HAL_IncTick
                0x08000f08       0x28 ./Drivers/STM32F4xx_HAL_Driver/Src/stm32f4xx_hal.o
                0x08000f08                HAL_IncTick
 .text.HAL_GetTick
                0x08000f30       0x18 ./Drivers/STM32F4xx_HAL_Driver/Src/stm32f4xx_hal.o
                0x08000f30                HAL_GetTick
 .text.__NVIC_SetPriorityGrouping
                0x08000f48       0x48 ./Drivers/STM32F4xx_HAL_Driver/Src/stm32f4xx_hal_cortex.o
 .text.__NVIC_GetPriorityGrouping
                0x08000f90       0x1c ./Drivers/STM32F4xx_HAL_Driver/Src/stm32f4xx_hal_cortex.o
 .text.__NVIC_SetPriority
                0x08000fac       0x54 ./Drivers/STM32F4xx_HAL_Driver/Src/stm32f4xx_hal_cortex.o
 .text.NVIC_EncodePriority
                0x08001000       0x66 ./Drivers/STM32F4xx_HAL_Driver/Src/stm32f4xx_hal_cortex.o
 *fill*         0x08001066        0x2 
 .text.SysTick_Config
                0x08001068       0x44 ./Drivers/STM32F4xx_HAL_Driver/Src/stm32f4xx_hal_cortex.o
 .text.HAL_NVIC_SetPriorityGrouping
                0x080010ac       0x16 ./Drivers/STM32F4xx_HAL_Driver/Src/stm32f4xx_hal_cortex.o
                0x080010ac                HAL_NVIC_SetPriorityGrouping
 .text.HAL_NVIC_SetPriority
                0x080010c2       0x38 ./Drivers/STM32F4xx_HAL_Driver/Src/stm32f4xx_hal_cortex.o
                0x080010c2                HAL_NVIC_SetPriority
 .text.HAL_SYSTICK_Config
                0x080010fa       0x18 ./Drivers/STM32F4xx_HAL_Driver/Src/stm32f4xx_hal_cortex.o
                0x080010fa                HAL_SYSTICK_Config
 .text.HAL_UART_Transmit
                0x08001112      0x116 ./Drivers/STM32F4xx_HAL_Driver/Src/stm32f4xx_hal_uart.o
                0x08001112                HAL_UART_Transmit
 .text.UART_WaitOnFlagUntilTimeout
                0x08001228       0xb2 ./Drivers/STM32F4xx_HAL_Driver/Src/stm32f4xx_hal_uart.o
 .text.UART_EndRxTransfer
                0x080012da       0xc6 ./Drivers/STM32F4xx_HAL_Driver/Src/stm32f4xx_hal_uart.o
 .text.ai_log_err
                0x080013a0       0x48 ./X-CUBE-AI/App/app_x-cube-ai.o
 .text.ai_boostrap
                0x080013e8       0xc8 ./X-CUBE-AI/App/app_x-cube-ai.o
 .text.ai_run   0x080014b0       0x54 ./X-CUBE-AI/App/app_x-cube-ai.o
 *fill*         0x08001504        0x4 
 .text.acquire_and_process_data
                0x08001508       0x78 ./X-CUBE-AI/App/app_x-cube-ai.o
                0x08001508                acquire_and_process_data
 .text.post_process
                0x08001580       0x58 ./X-CUBE-AI/App/app_x-cube-ai.o
                0x08001580                post_process
 .text.MX_X_CUBE_AI_Init
                0x080015d8       0x1c ./X-CUBE-AI/App/app_x-cube-ai.o
                0x080015d8                MX_X_CUBE_AI_Init
 .text.MX_X_CUBE_AI_Process
                0x080015f4       0x70 ./X-CUBE-AI/App/app_x-cube-ai.o
                0x080015f4                MX_X_CUBE_AI_Process
 .text.sine_model_configure_activations
                0x08001664       0xc0 ./X-CUBE-AI/App/sine_model.o
 .text.sine_model_configure_weights
                0x08001724      0x118 ./X-CUBE-AI/App/sine_model.o
 .text.ai_sine_model_get_error
                0x0800183c       0x18 ./X-CUBE-AI/App/sine_model.o
                0x0800183c                ai_sine_model_get_error
 .text.ai_sine_model_create
                0x08001854       0x2c ./X-CUBE-AI/App/sine_model.o
                0x08001854                ai_sine_model_create
 .text.ai_sine_model_create_and_init
                0x08001880       0xfc ./X-CUBE-AI/App/sine_model.o
                0x08001880                ai_sine_model_create_and_init
 .text.ai_sine_model_inputs_get
                0x0800197c       0x34 ./X-CUBE-AI/App/sine_model.o
                0x0800197c                ai_sine_model_inputs_get
 .text.ai_sine_model_outputs_get
                0x080019b0       0x34 ./X-CUBE-AI/App/sine_model.o
                0x080019b0                ai_sine_model_outputs_get
 .text.ai_sine_model_init
                0x080019e4       0x78 ./X-CUBE-AI/App/sine_model.o
                0x080019e4                ai_sine_model_init
 .text.ai_sine_model_run
                0x08001a5c       0x20 ./X-CUBE-AI/App/sine_model.o
                0x08001a5c                ai_sine_model_run
 .text.ai_sine_model_data_params_get
                0x08001a7c       0x50 ./X-CUBE-AI/App/sine_model_data.o
                0x08001a7c                ai_sine_model_data_params_get
 .text.ai_buffer_get_size
                0x08001acc       0x68 ../Middlewares/ST/AI/Lib/NetworkRuntime900_CM4_GCC.a(ai_platform.o)
                0x08001acc                ai_buffer_get_size
 .text.ai_buffer_array_sane
                0x08001b34       0x14 ../Middlewares/ST/AI/Lib/NetworkRuntime900_CM4_GCC.a(ai_platform.o)
                0x08001b34                ai_buffer_array_sane
 .text.ai_buffer_array_item_set_address
                0x08001b48       0x20 ../Middlewares/ST/AI/Lib/NetworkRuntime900_CM4_GCC.a(ai_platform.o)
                0x08001b48                ai_buffer_array_item_set_address
 .text.ai_platform_get_weights_map
                0x08001b68       0xa8 ../Middlewares/ST/AI/Lib/NetworkRuntime900_CM4_GCC.a(ai_platform_interface.o)
                0x08001b68                ai_platform_get_weights_map
 .text.ai_platform_get_activations_map
                0x08001c10       0xa8 ../Middlewares/ST/AI/Lib/NetworkRuntime900_CM4_GCC.a(ai_platform_interface.o)
                0x08001c10                ai_platform_get_activations_map
 .text.ai_platform_bind_network_params
                0x08001cb8       0x44 ../Middlewares/ST/AI/Lib/NetworkRuntime900_CM4_GCC.a(ai_platform_interface.o)
                0x08001cb8                ai_platform_bind_network_params
 .text.ai_platform_network_get_error
                0x08001cfc       0x18 ../Middlewares/ST/AI/Lib/NetworkRuntime900_CM4_GCC.a(ai_platform_interface.o)
                0x08001cfc                ai_platform_network_get_error
 .text.ai_platform_network_set_error
                0x08001d14        0xc ../Middlewares/ST/AI/Lib/NetworkRuntime900_CM4_GCC.a(ai_platform_interface.o)
                0x08001d14                ai_platform_network_set_error
 .text.ai_platform_inputs_get
                0x08001d20       0xec ../Middlewares/ST/AI/Lib/NetworkRuntime900_CM4_GCC.a(ai_platform_interface.o)
                0x08001d20                ai_platform_inputs_get
 .text.ai_platform_outputs_get
                0x08001e0c       0xe8 ../Middlewares/ST/AI/Lib/NetworkRuntime900_CM4_GCC.a(ai_platform_interface.o)
                0x08001e0c                ai_platform_outputs_get
 .text.ai_platform_network_create
                0x08001ef4       0x84 ../Middlewares/ST/AI/Lib/NetworkRuntime900_CM4_GCC.a(ai_platform_interface.o)
                0x08001ef4                ai_platform_network_create
 .text.ai_platform_network_init
                0x08001f78      0x19c ../Middlewares/ST/AI/Lib/NetworkRuntime900_CM4_GCC.a(ai_platform_interface.o)
                0x08001f78                ai_platform_network_init
 .text.ai_platform_network_post_init
                0x08002114       0x60 ../Middlewares/ST/AI/Lib/NetworkRuntime900_CM4_GCC.a(ai_platform_interface.o)
                0x08002114                ai_platform_network_post_init
 .text.ai_platform_network_process
                0x08002174      0x480 ../Middlewares/ST/AI/Lib/NetworkRuntime900_CM4_GCC.a(ai_platform_interface.o)
                0x08002174                ai_platform_network_process
 .text.core_init
                0x080025f4        0x4 ../Middlewares/ST/AI/Lib/NetworkRuntime900_CM4_GCC.a(core_common.o)
                0x080025f4                core_init
 .text.core_get_error
                0x080025f8        0xc ../Middlewares/ST/AI/Lib/NetworkRuntime900_CM4_GCC.a(core_common.o)
                0x080025f8                core_get_error
 .text.core_set_error
                0x08002604       0x18 ../Middlewares/ST/AI/Lib/NetworkRuntime900_CM4_GCC.a(core_common.o)
                0x08002604                core_set_error
 .text.ai_check_custom_types
                0x0800261c       0x54 ../Middlewares/ST/AI/Lib/NetworkRuntime900_CM4_GCC.a(layers.o)
                0x0800261c                ai_check_custom_types
 .text.ai_layers_init_all
                0x08002670       0x1c ../Middlewares/ST/AI/Lib/NetworkRuntime900_CM4_GCC.a(layers.o)
                0x08002670                ai_layers_init_all
 .text.ai_layers_post_init_all
                0x0800268c       0x28 ../Middlewares/ST/AI/Lib/NetworkRuntime900_CM4_GCC.a(layers.o)
                0x0800268c                ai_layers_post_init_all
 .text.ai_layers_forward_all
                0x080026b4       0x94 ../Middlewares/ST/AI/Lib/NetworkRuntime900_CM4_GCC.a(layers.o)
                0x080026b4                ai_layers_forward_all
 .text.forward_dense
                0x08002748      0x3e0 ../Middlewares/ST/AI/Lib/NetworkRuntime900_CM4_GCC.a(layers_conv2d_generic_float.o)
                0x08002748                forward_dense
 .text.forward_relu
                0x08002b28      0x138 ../Middlewares/ST/AI/Lib/NetworkRuntime900_CM4_GCC.a(layers_nl_generic_float.o)
                0x08002b28                forward_relu
 .text.forward_lite_nl_relu_generic_if32of32_kernel
                0x08002c60       0xfc ../Middlewares/ST/AI/Lib/NetworkRuntime900_CM4_GCC.a(lite_nl_relu_if32of32.o)
                0x08002c60                forward_lite_nl_relu_generic_if32of32_kernel
 .text.forward_lite_dense_if32of32wf32
                0x08002d5c      0x2b4 ../Middlewares/ST/AI/Lib/NetworkRuntime900_CM4_GCC.a(lite_dense_if32.o)
                0x08002d5c                forward_lite_dense_if32of32wf32
 .text.st_int8_copy
                0x08003010      0x10c ../Middlewares/ST/AI/Lib/NetworkRuntime900_CM4_GCC.a(st_int8_fill.o)
                0x08003010                st_int8_copy
 .text.ai_array_to_buffer_fmt
                0x0800311c       0xe0 ../Middlewares/ST/AI/Lib/NetworkRuntime900_CM4_GCC.a(ai_datatypes_format.o)
                0x0800311c                ai_array_to_buffer_fmt
 .text.ai_array_get_byte_size
                0x080031fc       0x50 ../Middlewares/ST/AI/Lib/NetworkRuntime900_CM4_GCC.a(ai_datatypes_format.o)
                0x080031fc                ai_array_get_byte_size
 .text.ai_array_get_data_byte_size
                0x0800324c       0x24 ../Middlewares/ST/AI/Lib/NetworkRuntime900_CM4_GCC.a(ai_datatypes_format.o)
                0x0800324c                ai_array_get_data_byte_size
 .text.ai_version_get
                0x08003270        0xc ../Middlewares/ST/AI/Lib/NetworkRuntime900_CM4_GCC.a(ai_datatypes_internal.o)
                0x08003270                ai_version_get
 .text.get_tensor_byte_size
                0x0800327c       0x30 ../Middlewares/ST/AI/Lib/NetworkRuntime900_CM4_GCC.a(ai_datatypes_internal.o)
                0x0800327c                get_tensor_byte_size
 .text.malloc   0x080032ac       0x10 /opt/st/stm32cubeide_1.13.2/plugins/com.st.stm32cube.ide.mcu.externaltools.gnu-tools-for-stm32.12.3.rel1.linux64_1.0.200.202406132123/tools/bin/../lib/gcc/arm-none-eabi/12.3.1/../../../../arm-none-eabi/lib/thumb/v7e-m+fp/hard/libc_nano.a(libc_a-malloc.o)
                0x080032ac                malloc
 .text.sbrk_aligned
                0x080032bc       0x44 /opt/st/stm32cubeide_1.13.2/plugins/com.st.stm32cube.ide.mcu.externaltools.gnu-tools-for-stm32.12.3.rel1.linux64_1.0.200.202406132123/tools/bin/../lib/gcc/arm-none-eabi/12.3.1/../../../../arm-none-eabi/lib/thumb/v7e-m+fp/hard/libc_nano.a(libc_a-mallocr.o)
 .text._malloc_r
                0x08003300      0x100 /opt/st/stm32cubeide_1.13.2/plugins/com.st.stm32cube.ide.mcu.externaltools.gnu-tools-for-stm32.12.3.rel1.linux64_1.0.200.202406132123/tools/bin/../lib/gcc/arm-none-eabi/12.3.1/../../../../arm-none-eabi/lib/thumb/v7e-m+fp/hard/libc_nano.a(libc_a-mallocr.o)
                0x08003300                _malloc_r
 .text.__malloc_lock
                0x08003400        0xc /opt/st/stm32cubeide_1.13.2/plugins/com.st.stm32cube.ide.mcu.externaltools.gnu-tools-for-stm32.12.3.rel1.linux64_1.0.200.202406132123/tools/bin/../lib/gcc/arm-none-eabi/12.3.1/../../../../arm-none-eabi/lib/thumb/v7e-m+fp/hard/libc_nano.a(libc_a-mlock.o)
                0x08003400                __malloc_lock
 .text.__malloc_unlock
                0x0800340c        0xc /opt/st/stm32cubeide_1.13.2/plugins/com.st.stm32cube.ide.mcu.externaltools.gnu-tools-for-stm32.12.3.rel1.linux64_1.0.200.202406132123/tools/bin/../lib/gcc/arm-none-eabi/12.3.1/../../../../arm-none-eabi/lib/thumb/v7e-m+fp/hard/libc_nano.a(libc_a-mlock.o)
                0x0800340c                __malloc_unlock
 .text._realloc_r
                0x08003418       0x5c /opt/st/stm32cubeide_1.13.2/plugins/com.st.stm32cube.ide.mcu.externaltools.gnu-tools-for-stm32.12.3.rel1.linux64_1.0.200.202406132123/tools/bin/../lib/gcc/arm-none-eabi/12.3.1/../../../../arm-none-eabi/lib/thumb/v7e-m+fp/hard/libc_nano.a(libc_a-reallocr.o)
                0x08003418                _realloc_r
 .text.__cvt    0x08003474       0xca /opt/st/stm32cubeide_1.13.2/plugins/com.st.stm32cube.ide.mcu.externaltools.gnu-tools-for-stm32.12.3.rel1.linux64_1.0.200.202406132123/tools/bin/../lib/gcc/arm-none-eabi/12.3.1/../../../../arm-none-eabi/lib/thumb/v7e-m+fp/hard/libc_nano.a(libc_a-nano-vfprintf_float.o)
                0x08003474                __cvt
 .text.__exponent
                0x0800353e       0x74 /opt/st/stm32cubeide_1.13.2/plugins/com.st.stm32cube.ide.mcu.externaltools.gnu-tools-for-stm32.12.3.rel1.linux64_1.0.200.202406132123/tools/bin/../lib/gcc/arm-none-eabi/12.3.1/../../../../arm-none-eabi/lib/thumb/v7e-m+fp/hard/libc_nano.a(libc_a-nano-vfprintf_float.o)
                0x0800353e                __exponent
 *fill*         0x080035b2        0x2 
 .text._printf_float
                0x080035b4      0x454 /opt/st/stm32cubeide_1.13.2/plugins/com.st.stm32cube.ide.mcu.externaltools.gnu-tools-for-stm32.12.3.rel1.linux64_1.0.200.202406132123/tools/bin/../lib/gcc/arm-none-eabi/12.3.1/../../../../arm-none-eabi/lib/thumb/v7e-m+fp/hard/libc_nano.a(libc_a-nano-vfprintf_float.o)
                0x080035b4                _printf_float
 .text._printf_common
                0x08003a08       0xda /opt/st/stm32cubeide_1.13.2/plugins/com.st.stm32cube.ide.mcu.externaltools.gnu-tools-for-stm32.12.3.rel1.linux64_1.0.200.202406132123/tools/bin/../lib/gcc/arm-none-eabi/12.3.1/../../../../arm-none-eabi/lib/thumb/v7e-m+fp/hard/libc_nano.a(libc_a-nano-vfprintf_i.o)
                0x08003a08                _printf_common
 *fill*         0x08003ae2        0x2 
 .text._printf_i
                0x08003ae4      0x240 /opt/st/stm32cubeide_1.13.2/plugins/com.st.stm32cube.ide.mcu.externaltools.gnu-tools-for-stm32.12.3.rel1.linux64_1.0.200.202406132123/tools/bin/../lib/gcc/arm-none-eabi/12.3.1/../../../../arm-none-eabi/lib/thumb/v7e-m+fp/hard/libc_nano.a(libc_a-nano-vfprintf_i.o)
                0x08003ae4                _printf_i
 .text.std      0x08003d24       0x6c /opt/st/stm32cubeide_1.13.2/plugins/com.st.stm32cube.ide.mcu.externaltools.gnu-tools-for-stm32.12.3.rel1.linux64_1.0.200.202406132123/tools/bin/../lib/gcc/arm-none-eabi/12.3.1/../../../../arm-none-eabi/lib/thumb/v7e-m+fp/hard/libc_nano.a(libc_a-findfp.o)
 .text.stdio_exit_handler
                0x08003d90       0x18 /opt/st/stm32cubeide_1.13.2/plugins/com.st.stm32cube.ide.mcu.externaltools.gnu-tools-for-stm32.12.3.rel1.linux64_1.0.200.202406132123/tools/bin/../lib/gcc/arm-none-eabi/12.3.1/../../../../arm-none-eabi/lib/thumb/v7e-m+fp/hard/libc_nano.a(libc_a-findfp.o)
 .text.cleanup_stdio
                0x08003da8       0x40 /opt/st/stm32cubeide_1.13.2/plugins/com.st.stm32cube.ide.mcu.externaltools.gnu-tools-for-stm32.12.3.rel1.linux64_1.0.200.202406132123/tools/bin/../lib/gcc/arm-none-eabi/12.3.1/../../../../arm-none-eabi/lib/thumb/v7e-m+fp/hard/libc_nano.a(libc_a-findfp.o)
 .text.global_stdio_init.part.0
                0x08003de8       0x3c /opt/st/stm32cubeide_1.13.2/plugins/com.st.stm32cube.ide.mcu.externaltools.gnu-tools-for-stm32.12.3.rel1.linux64_1.0.200.202406132123/tools/bin/../lib/gcc/arm-none-eabi/12.3.1/../../../../arm-none-eabi/lib/thumb/v7e-m+fp/hard/libc_nano.a(libc_a-findfp.o)
 .text.__sfp_lock_acquire
                0x08003e24        0xc /opt/st/stm32cubeide_1.13.2/plugins/com.st.stm32cube.ide.mcu.externaltools.gnu-tools-for-stm32.12.3.rel1.linux64_1.0.200.202406132123/tools/bin/../lib/gcc/arm-none-eabi/12.3.1/../../../../arm-none-eabi/lib/thumb/v7e-m+fp/hard/libc_nano.a(libc_a-findfp.o)
                0x08003e24                __sfp_lock_acquire
 .text.__sfp_lock_release
                0x08003e30        0xc /opt/st/stm32cubeide_1.13.2/plugins/com.st.stm32cube.ide.mcu.externaltools.gnu-tools-for-stm32.12.3.rel1.linux64_1.0.200.202406132123/tools/bin/../lib/gcc/arm-none-eabi/12.3.1/../../../../arm-none-eabi/lib/thumb/v7e-m+fp/hard/libc_nano.a(libc_a-findfp.o)
                0x08003e30                __sfp_lock_release
 .text.__sinit  0x08003e3c       0x30 /opt/st/stm32cubeide_1.13.2/plugins/com.st.stm32cube.ide.mcu.externaltools.gnu-tools-for-stm32.12.3.rel1.linux64_1.0.200.202406132123/tools/bin/../lib/gcc/arm-none-eabi/12.3.1/../../../../arm-none-eabi/lib/thumb/v7e-m+fp/hard/libc_nano.a(libc_a-findfp.o)
                0x08003e3c                __sinit
 .text._fwalk_sglue
                0x08003e6c       0x3c /opt/st/stm32cubeide_1.13.2/plugins/com.st.stm32cube.ide.mcu.externaltools.gnu-tools-for-stm32.12.3.rel1.linux64_1.0.200.202406132123/tools/bin/../lib/gcc/arm-none-eabi/12.3.1/../../../../arm-none-eabi/lib/thumb/v7e-m+fp/hard/libc_nano.a(libc_a-fwalk.o)
                0x08003e6c                _fwalk_sglue
 .text._puts_r  0x08003ea8       0xaa /opt/st/stm32cubeide_1.13.2/plugins/com.st.stm32cube.ide.mcu.externaltools.gnu-tools-for-stm32.12.3.rel1.linux64_1.0.200.202406132123/tools/bin/../lib/gcc/arm-none-eabi/12.3.1/../../../../arm-none-eabi/lib/thumb/v7e-m+fp/hard/libc_nano.a(libc_a-puts.o)
                0x08003ea8                _puts_r
 *fill*         0x08003f52        0x2 
 .text.puts     0x08003f54       0x10 /opt/st/stm32cubeide_1.13.2/plugins/com.st.stm32cube.ide.mcu.externaltools.gnu-tools-for-stm32.12.3.rel1.linux64_1.0.200.202406132123/tools/bin/../lib/gcc/arm-none-eabi/12.3.1/../../../../arm-none-eabi/lib/thumb/v7e-m+fp/hard/libc_nano.a(libc_a-puts.o)
                0x08003f54                puts
 .text.sprintf  0x08003f64       0x40 /opt/st/stm32cubeide_1.13.2/plugins/com.st.stm32cube.ide.mcu.externaltools.gnu-tools-for-stm32.12.3.rel1.linux64_1.0.200.202406132123/tools/bin/../lib/gcc/arm-none-eabi/12.3.1/../../../../arm-none-eabi/lib/thumb/v7e-m+fp/hard/libc_nano.a(libc_a-sprintf.o)
                0x08003f64                sprintf
                0x08003f64                siprintf
 .text.__sread  0x08003fa4       0x22 /opt/st/stm32cubeide_1.13.2/plugins/com.st.stm32cube.ide.mcu.externaltools.gnu-tools-for-stm32.12.3.rel1.linux64_1.0.200.202406132123/tools/bin/../lib/gcc/arm-none-eabi/12.3.1/../../../../arm-none-eabi/lib/thumb/v7e-m+fp/hard/libc_nano.a(libc_a-stdio.o)
                0x08003fa4                __sread
 .text.__swrite
                0x08003fc6       0x38 /opt/st/stm32cubeide_1.13.2/plugins/com.st.stm32cube.ide.mcu.externaltools.gnu-tools-for-stm32.12.3.rel1.linux64_1.0.200.202406132123/tools/bin/../lib/gcc/arm-none-eabi/12.3.1/../../../../arm-none-eabi/lib/thumb/v7e-m+fp/hard/libc_nano.a(libc_a-stdio.o)
                0x08003fc6                __swrite
 .text.__sseek  0x08003ffe       0x24 /opt/st/stm32cubeide_1.13.2/plugins/com.st.stm32cube.ide.mcu.externaltools.gnu-tools-for-stm32.12.3.rel1.linux64_1.0.200.202406132123/tools/bin/../lib/gcc/arm-none-eabi/12.3.1/../../../../arm-none-eabi/lib/thumb/v7e-m+fp/hard/libc_nano.a(libc_a-stdio.o)
                0x08003ffe                __sseek
 .text.__sclose
                0x08004022        0x8 /opt/st/stm32cubeide_1.13.2/plugins/com.st.stm32cube.ide.mcu.externaltools.gnu-tools-for-stm32.12.3.rel1.linux64_1.0.200.202406132123/tools/bin/../lib/gcc/arm-none-eabi/12.3.1/../../../../arm-none-eabi/lib/thumb/v7e-m+fp/hard/libc_nano.a(libc_a-stdio.o)
                0x08004022                __sclose
 .text.__swbuf_r
                0x0800402a       0x7c /opt/st/stm32cubeide_1.13.2/plugins/com.st.stm32cube.ide.mcu.externaltools.gnu-tools-for-stm32.12.3.rel1.linux64_1.0.200.202406132123/tools/bin/../lib/gcc/arm-none-eabi/12.3.1/../../../../arm-none-eabi/lib/thumb/v7e-m+fp/hard/libc_nano.a(libc_a-wbuf.o)
                0x0800402a                __swbuf_r
 *fill*         0x080040a6        0x2 
 .text.__swsetup_r
                0x080040a8       0xac /opt/st/stm32cubeide_1.13.2/plugins/com.st.stm32cube.ide.mcu.externaltools.gnu-tools-for-stm32.12.3.rel1.linux64_1.0.200.202406132123/tools/bin/../lib/gcc/arm-none-eabi/12.3.1/../../../../arm-none-eabi/lib/thumb/v7e-m+fp/hard/libc_nano.a(libc_a-wsetup.o)
                0x080040a8                __swsetup_r
 .text.memset   0x08004154       0x10 /opt/st/stm32cubeide_1.13.2/plugins/com.st.stm32cube.ide.mcu.externaltools.gnu-tools-for-stm32.12.3.rel1.linux64_1.0.200.202406132123/tools/bin/../lib/gcc/arm-none-eabi/12.3.1/../../../../arm-none-eabi/lib/thumb/v7e-m+fp/hard/libc_nano.a(libc_a-memset.o)
                0x08004154                memset
 .text._localeconv_r
                0x08004164        0x8 /opt/st/stm32cubeide_1.13.2/plugins/com.st.stm32cube.ide.mcu.externaltools.gnu-tools-for-stm32.12.3.rel1.linux64_1.0.200.202406132123/tools/bin/../lib/gcc/arm-none-eabi/12.3.1/../../../../arm-none-eabi/lib/thumb/v7e-m+fp/hard/libc_nano.a(libc_a-localeconv.o)
                0x08004164                _localeconv_r
 .text._close_r
                0x0800416c       0x20 /opt/st/stm32cubeide_1.13.2/plugins/com.st.stm32cube.ide.mcu.externaltools.gnu-tools-for-stm32.12.3.rel1.linux64_1.0.200.202406132123/tools/bin/../lib/gcc/arm-none-eabi/12.3.1/../../../../arm-none-eabi/lib/thumb/v7e-m+fp/hard/libc_nano.a(libc_a-closer.o)
                0x0800416c                _close_r
 .text._lseek_r
                0x0800418c       0x24 /opt/st/stm32cubeide_1.13.2/plugins/com.st.stm32cube.ide.mcu.externaltools.gnu-tools-for-stm32.12.3.rel1.linux64_1.0.200.202406132123/tools/bin/../lib/gcc/arm-none-eabi/12.3.1/../../../../arm-none-eabi/lib/thumb/v7e-m+fp/hard/libc_nano.a(libc_a-lseekr.o)
                0x0800418c                _lseek_r
 .text._read_r  0x080041b0       0x24 /opt/st/stm32cubeide_1.13.2/plugins/com.st.stm32cube.ide.mcu.externaltools.gnu-tools-for-stm32.12.3.rel1.linux64_1.0.200.202406132123/tools/bin/../lib/gcc/arm-none-eabi/12.3.1/../../../../arm-none-eabi/lib/thumb/v7e-m+fp/hard/libc_nano.a(libc_a-readr.o)
                0x080041b0                _read_r
 .text._sbrk_r  0x080041d4       0x20 /opt/st/stm32cubeide_1.13.2/plugins/com.st.stm32cube.ide.mcu.externaltools.gnu-tools-for-stm32.12.3.rel1.linux64_1.0.200.202406132123/tools/bin/../lib/gcc/arm-none-eabi/12.3.1/../../../../arm-none-eabi/lib/thumb/v7e-m+fp/hard/libc_nano.a(libc_a-sbrkr.o)
                0x080041d4                _sbrk_r
 .text._write_r
                0x080041f4       0x24 /opt/st/stm32cubeide_1.13.2/plugins/com.st.stm32cube.ide.mcu.externaltools.gnu-tools-for-stm32.12.3.rel1.linux64_1.0.200.202406132123/tools/bin/../lib/gcc/arm-none-eabi/12.3.1/../../../../arm-none-eabi/lib/thumb/v7e-m+fp/hard/libc_nano.a(libc_a-writer.o)
                0x080041f4                _write_r
 .text.__errno  0x08004218        0xc /opt/st/stm32cubeide_1.13.2/plugins/com.st.stm32cube.ide.mcu.externaltools.gnu-tools-for-stm32.12.3.rel1.linux64_1.0.200.202406132123/tools/bin/../lib/gcc/arm-none-eabi/12.3.1/../../../../arm-none-eabi/lib/thumb/v7e-m+fp/hard/libc_nano.a(libc_a-errno.o)
                0x08004218                __errno
 .text.__libc_init_array
                0x08004224       0x48 /opt/st/stm32cubeide_1.13.2/plugins/com.st.stm32cube.ide.mcu.externaltools.gnu-tools-for-stm32.12.3.rel1.linux64_1.0.200.202406132123/tools/bin/../lib/gcc/arm-none-eabi/12.3.1/../../../../arm-none-eabi/lib/thumb/v7e-m+fp/hard/libc_nano.a(libc_a-init.o)
                0x08004224                __libc_init_array
 .text.__retarget_lock_init_recursive
                0x0800426c        0x2 /opt/st/stm32cubeide_1.13.2/plugins/com.st.stm32cube.ide.mcu.externaltools.gnu-tools-for-stm32.12.3.rel1.linux64_1.0.200.202406132123/tools/bin/../lib/gcc/arm-none-eabi/12.3.1/../../../../arm-none-eabi/lib/thumb/v7e-m+fp/hard/libc_nano.a(libc_a-lock.o)
                0x0800426c                __retarget_lock_init_recursive
 .text.__retarget_lock_acquire_recursive
                0x0800426e        0x2 /opt/st/stm32cubeide_1.13.2/plugins/com.st.stm32cube.ide.mcu.externaltools.gnu-tools-for-stm32.12.3.rel1.linux64_1.0.200.202406132123/tools/bin/../lib/gcc/arm-none-eabi/12.3.1/../../../../arm-none-eabi/lib/thumb/v7e-m+fp/hard/libc_nano.a(libc_a-lock.o)
                0x0800426e                __retarget_lock_acquire_recursive
 .text.__retarget_lock_release_recursive
                0x08004270        0x2 /opt/st/stm32cubeide_1.13.2/plugins/com.st.stm32cube.ide.mcu.externaltools.gnu-tools-for-stm32.12.3.rel1.linux64_1.0.200.202406132123/tools/bin/../lib/gcc/arm-none-eabi/12.3.1/../../../../arm-none-eabi/lib/thumb/v7e-m+fp/hard/libc_nano.a(libc_a-lock.o)
                0x08004270                __retarget_lock_release_recursive
 .text.memcpy   0x08004272       0x1c /opt/st/stm32cubeide_1.13.2/plugins/com.st.stm32cube.ide.mcu.externaltools.gnu-tools-for-stm32.12.3.rel1.linux64_1.0.200.202406132123/tools/bin/../lib/gcc/arm-none-eabi/12.3.1/../../../../arm-none-eabi/lib/thumb/v7e-m+fp/hard/libc_nano.a(libc_a-memcpy-stub.o)
                0x08004272                memcpy
 .text.quorem   0x0800428e      0x110 /opt/st/stm32cubeide_1.13.2/plugins/com.st.stm32cube.ide.mcu.externaltools.gnu-tools-for-stm32.12.3.rel1.linux64_1.0.200.202406132123/tools/bin/../lib/gcc/arm-none-eabi/12.3.1/../../../../arm-none-eabi/lib/thumb/v7e-m+fp/hard/libc_nano.a(libc_a-dtoa.o)
 *fill*         0x0800439e        0x2 
 .text._dtoa_r  0x080043a0      0xb88 /opt/st/stm32cubeide_1.13.2/plugins/com.st.stm32cube.ide.mcu.externaltools.gnu-tools-for-stm32.12.3.rel1.linux64_1.0.200.202406132123/tools/bin/../lib/gcc/arm-none-eabi/12.3.1/../../../../arm-none-eabi/lib/thumb/v7e-m+fp/hard/libc_nano.a(libc_a-dtoa.o)
                0x080043a0                _dtoa_r
 .text._free_r  0x08004f28       0x94 /opt/st/stm32cubeide_1.13.2/plugins/com.st.stm32cube.ide.mcu.externaltools.gnu-tools-for-stm32.12.3.rel1.linux64_1.0.200.202406132123/tools/bin/../lib/gcc/arm-none-eabi/12.3.1/../../../../arm-none-eabi/lib/thumb/v7e-m+fp/hard/libc_nano.a(libc_a-freer.o)
                0x08004f28                _free_r
 .text._Balloc  0x08004fbc       0x80 /opt/st/stm32cubeide_1.13.2/plugins/com.st.stm32cube.ide.mcu.externaltools.gnu-tools-for-stm32.12.3.rel1.linux64_1.0.200.202406132123/tools/bin/../lib/gcc/arm-none-eabi/12.3.1/../../../../arm-none-eabi/lib/thumb/v7e-m+fp/hard/libc_nano.a(libc_a-mprec.o)
                0x08004fbc                _Balloc
 .text._Bfree   0x0800503c       0x44 /opt/st/stm32cubeide_1.13.2/plugins/com.st.stm32cube.ide.mcu.externaltools.gnu-tools-for-stm32.12.3.rel1.linux64_1.0.200.202406132123/tools/bin/../lib/gcc/arm-none-eabi/12.3.1/../../../../arm-none-eabi/lib/thumb/v7e-m+fp/hard/libc_nano.a(libc_a-mprec.o)
                0x0800503c                _Bfree
 .text.__multadd
                0x08005080       0x8c /opt/st/stm32cubeide_1.13.2/plugins/com.st.stm32cube.ide.mcu.externaltools.gnu-tools-for-stm32.12.3.rel1.linux64_1.0.200.202406132123/tools/bin/../lib/gcc/arm-none-eabi/12.3.1/../../../../arm-none-eabi/lib/thumb/v7e-m+fp/hard/libc_nano.a(libc_a-mprec.o)
                0x08005080                __multadd
 .text.__hi0bits
                0x0800510c       0x3e /opt/st/stm32cubeide_1.13.2/plugins/com.st.stm32cube.ide.mcu.externaltools.gnu-tools-for-stm32.12.3.rel1.linux64_1.0.200.202406132123/tools/bin/../lib/gcc/arm-none-eabi/12.3.1/../../../../arm-none-eabi/lib/thumb/v7e-m+fp/hard/libc_nano.a(libc_a-mprec.o)
                0x0800510c                __hi0bits
 .text.__lo0bits
                0x0800514a       0x5a /opt/st/stm32cubeide_1.13.2/plugins/com.st.stm32cube.ide.mcu.externaltools.gnu-tools-for-stm32.12.3.rel1.linux64_1.0.200.202406132123/tools/bin/../lib/gcc/arm-none-eabi/12.3.1/../../../../arm-none-eabi/lib/thumb/v7e-m+fp/hard/libc_nano.a(libc_a-mprec.o)
                0x0800514a                __lo0bits
 .text.__i2b    0x080051a4       0x2c /opt/st/stm32cubeide_1.13.2/plugins/com.st.stm32cube.ide.mcu.externaltools.gnu-tools-for-stm32.12.3.rel1.linux64_1.0.200.202406132123/tools/bin/../lib/gcc/arm-none-eabi/12.3.1/../../../../arm-none-eabi/lib/thumb/v7e-m+fp/hard/libc_nano.a(libc_a-mprec.o)
                0x080051a4                __i2b
 .text.__multiply
                0x080051d0      0x154 /opt/st/stm32cubeide_1.13.2/plugins/com.st.stm32cube.ide.mcu.externaltools.gnu-tools-for-stm32.12.3.rel1.linux64_1.0.200.202406132123/tools/bin/../lib/gcc/arm-none-eabi/12.3.1/../../../../arm-none-eabi/lib/thumb/v7e-m+fp/hard/libc_nano.a(libc_a-mprec.o)
                0x080051d0                __multiply
 .text.__pow5mult
                0x08005324       0xb4 /opt/st/stm32cubeide_1.13.2/plugins/com.st.stm32cube.ide.mcu.externaltools.gnu-tools-for-stm32.12.3.rel1.linux64_1.0.200.202406132123/tools/bin/../lib/gcc/arm-none-eabi/12.3.1/../../../../arm-none-eabi/lib/thumb/v7e-m+fp/hard/libc_nano.a(libc_a-mprec.o)
                0x08005324                __pow5mult
 .text.__lshift
                0x080053d8       0xd8 /opt/st/stm32cubeide_1.13.2/plugins/com.st.stm32cube.ide.mcu.externaltools.gnu-tools-for-stm32.12.3.rel1.linux64_1.0.200.202406132123/tools/bin/../lib/gcc/arm-none-eabi/12.3.1/../../../../arm-none-eabi/lib/thumb/v7e-m+fp/hard/libc_nano.a(libc_a-mprec.o)
                0x080053d8                __lshift
 .text.__mcmp   0x080054b0       0x36 /opt/st/stm32cubeide_1.13.2/plugins/com.st.stm32cube.ide.mcu.externaltools.gnu-tools-for-stm32.12.3.rel1.linux64_1.0.200.202406132123/tools/bin/../lib/gcc/arm-none-eabi/12.3.1/../../../../arm-none-eabi/lib/thumb/v7e-m+fp/hard/libc_nano.a(libc_a-mprec.o)
                0x080054b0                __mcmp
 *fill*         0x080054e6        0x2 
 .text.__mdiff  0x080054e8      0x128 /opt/st/stm32cubeide_1.13.2/plugins/com.st.stm32cube.ide.mcu.externaltools.gnu-tools-for-stm32.12.3.rel1.linux64_1.0.200.202406132123/tools/bin/../lib/gcc/arm-none-eabi/12.3.1/../../../../arm-none-eabi/lib/thumb/v7e-m+fp/hard/libc_nano.a(libc_a-mprec.o)
                0x080054e8                __mdiff
 .text.__d2b    0x08005610       0xb0 /opt/st/stm32cubeide_1.13.2/plugins/com.st.stm32cube.ide.mcu.externaltools.gnu-tools-for-stm32.12.3.rel1.linux64_1.0.200.202406132123/tools/bin/../lib/gcc/arm-none-eabi/12.3.1/../../../../arm-none-eabi/lib/thumb/v7e-m+fp/hard/libc_nano.a(libc_a-mprec.o)
                0x08005610                __d2b
 .text._malloc_usable_size_r
                0x080056c0       0x10 /opt/st/stm32cubeide_1.13.2/plugins/com.st.stm32cube.ide.mcu.externaltools.gnu-tools-for-stm32.12.3.rel1.linux64_1.0.200.202406132123/tools/bin/../lib/gcc/arm-none-eabi/12.3.1/../../../../arm-none-eabi/lib/thumb/v7e-m+fp/hard/libc_nano.a(libc_a-msizer.o)
                0x080056c0                _malloc_usable_size_r
 .text.__ssputs_r
                0x080056d0       0xb6 /opt/st/stm32cubeide_1.13.2/plugins/com.st.stm32cube.ide.mcu.externaltools.gnu-tools-for-stm32.12.3.rel1.linux64_1.0.200.202406132123/tools/bin/../lib/gcc/arm-none-eabi/12.3.1/../../../../arm-none-eabi/lib/thumb/v7e-m+fp/hard/libc_nano.a(libc_a-nano-svfprintf.o)
                0x080056d0                __ssputs_r
 *fill*         0x08005786        0x2 
 .text._svfprintf_r
                0x08005788      0x1f8 /opt/st/stm32cubeide_1.13.2/plugins/com.st.stm32cube.ide.mcu.externaltools.gnu-tools-for-stm32.12.3.rel1.linux64_1.0.200.202406132123/tools/bin/../lib/gcc/arm-none-eabi/12.3.1/../../../../arm-none-eabi/lib/thumb/v7e-m+fp/hard/libc_nano.a(libc_a-nano-svfprintf.o)
                0x08005788                _svfprintf_r
                0x08005788                _svfiprintf_r
 .text.__sflush_r
                0x08005980      0x108 /opt/st/stm32cubeide_1.13.2/plugins/com.st.stm32cube.ide.mcu.externaltools.gnu-tools-for-stm32.12.3.rel1.linux64_1.0.200.202406132123/tools/bin/../lib/gcc/arm-none-eabi/12.3.1/../../../../arm-none-eabi/lib/thumb/v7e-m+fp/hard/libc_nano.a(libc_a-fflush.o)
                0x08005980                __sflush_r
 .text._fflush_r
                0x08005a88       0x50 /opt/st/stm32cubeide_1.13.2/plugins/com.st.stm32cube.ide.mcu.externaltools.gnu-tools-for-stm32.12.3.rel1.linux64_1.0.200.202406132123/tools/bin/../lib/gcc/arm-none-eabi/12.3.1/../../../../arm-none-eabi/lib/thumb/v7e-m+fp/hard/libc_nano.a(libc_a-fflush.o)
                0x08005a88                _fflush_r
 .text.__swhatbuf_r
                0x08005ad8       0x4c /opt/st/stm32cubeide_1.13.2/plugins/com.st.stm32cube.ide.mcu.externaltools.gnu-tools-for-stm32.12.3.rel1.linux64_1.0.200.202406132123/tools/bin/../lib/gcc/arm-none-eabi/12.3.1/../../../../arm-none-eabi/lib/thumb/v7e-m+fp/hard/libc_nano.a(libc_a-makebuf.o)
                0x08005ad8                __swhatbuf_r
 .text.__smakebuf_r
                0x08005b24       0x78 /opt/st/stm32cubeide_1.13.2/plugins/com.st.stm32cube.ide.mcu.externaltools.gnu-tools-for-stm32.12.3.rel1.linux64_1.0.200.202406132123/tools/bin/../lib/gcc/arm-none-eabi/12.3.1/../../../../arm-none-eabi/lib/thumb/v7e-m+fp/hard/libc_nano.a(libc_a-makebuf.o)
                0x08005b24                __smakebuf_r
 .text.memmove  0x08005b9c       0x34 /opt/st/stm32cubeide_1.13.2/plugins/com.st.stm32cube.ide.mcu.externaltools.gnu-tools-for-stm32.12.3.rel1.linux64_1.0.200.202406132123/tools/bin/../lib/gcc/arm-none-eabi/12.3.1/../../../../arm-none-eabi/lib/thumb/v7e-m+fp/hard/libc_nano.a(libc_a-memmove.o)
                0x08005b9c                memmove
 .text._fstat_r
                0x08005bd0       0x24 /opt/st/stm32cubeide_1.13.2/plugins/com.st.stm32cube.ide.mcu.externaltools.gnu-tools-for-stm32.12.3.rel1.linux64_1.0.200.202406132123/tools/bin/../lib/gcc/arm-none-eabi/12.3.1/../../../../arm-none-eabi/lib/thumb/v7e-m+fp/hard/libc_nano.a(libc_a-fstatr.o)
                0x08005bd0                _fstat_r
 .text._isatty_r
                0x08005bf4       0x20 /opt/st/stm32cubeide_1.13.2/plugins/com.st.stm32cube.ide.mcu.externaltools.gnu-tools-for-stm32.12.3.rel1.linux64_1.0.200.202406132123/tools/bin/../lib/gcc/arm-none-eabi/12.3.1/../../../../arm-none-eabi/lib/thumb/v7e-m+fp/hard/libc_nano.a(libc_a-isattyr.o)
                0x08005bf4                _isatty_r
 .text.__assert_func
                0x08005c14       0x3c /opt/st/stm32cubeide_1.13.2/plugins/com.st.stm32cube.ide.mcu.externaltools.gnu-tools-for-stm32.12.3.rel1.linux64_1.0.200.202406132123/tools/bin/../lib/gcc/arm-none-eabi/12.3.1/../../../../arm-none-eabi/lib/thumb/v7e-m+fp/hard/libc_nano.a(libc_a-assert.o)
                0x08005c14                __assert_func
 .text._calloc_r
                0x08005c50       0x28 /opt/st/stm32cubeide_1.13.2/plugins/com.st.stm32cube.ide.mcu.externaltools.gnu-tools-for-stm32.12.3.rel1.linux64_1.0.200.202406132123/tools/bin/../lib/gcc/arm-none-eabi/12.3.1/../../../../arm-none-eabi/lib/thumb/v7e-m+fp/hard/libc_nano.a(libc_a-callocr.o)
                0x08005c50                _calloc_r
 .text.__ascii_mbtowc
                0x08005c78       0x24 /opt/st/stm32cubeide_1.13.2/plugins/com.st.stm32cube.ide.mcu.externaltools.gnu-tools-for-stm32.12.3.rel1.linux64_1.0.200.202406132123/tools/bin/../lib/gcc/arm-none-eabi/12.3.1/../../../../arm-none-eabi/lib/thumb/v7e-m+fp/hard/libc_nano.a(libc_a-mbtowc_r.o)
                0x08005c78                __ascii_mbtowc
 .text.__ascii_wctomb
                0x08005c9c       0x1a /opt/st/stm32cubeide_1.13.2/plugins/com.st.stm32cube.ide.mcu.externaltools.gnu-tools-for-stm32.12.3.rel1.linux64_1.0.200.202406132123/tools/bin/../lib/gcc/arm-none-eabi/12.3.1/../../../../arm-none-eabi/lib/thumb/v7e-m+fp/hard/libc_nano.a(libc_a-wctomb_r.o)
                0x08005c9c                __ascii_wctomb
 *fill*         0x08005cb6        0x2 
 .text.fprintf  0x08005cb8       0x24 /opt/st/stm32cubeide_1.13.2/plugins/com.st.stm32cube.ide.mcu.externaltools.gnu-tools-for-stm32.12.3.rel1.linux64_1.0.200.202406132123/tools/bin/../lib/gcc/arm-none-eabi/12.3.1/../../../../arm-none-eabi/lib/thumb/v7e-m+fp/hard/libc_nano.a(libc_a-fprintf.o)
                0x08005cb8                fprintf
                0x08005cb8                fiprintf
 .text.abort    0x08005cdc        0xe /opt/st/stm32cubeide_1.13.2/plugins/com.st.stm32cube.ide.mcu.externaltools.gnu-tools-for-stm32.12.3.rel1.linux64_1.0.200.202406132123/tools/bin/../lib/gcc/arm-none-eabi/12.3.1/../../../../arm-none-eabi/lib/thumb/v7e-m+fp/hard/libc_nano.a(libc_a-abort.o)
                0x08005cdc                abort
 .text.__sfputc_r
                0x08005cea       0x2e /opt/st/stm32cubeide_1.13.2/plugins/com.st.stm32cube.ide.mcu.externaltools.gnu-tools-for-stm32.12.3.rel1.linux64_1.0.200.202406132123/tools/bin/../lib/gcc/arm-none-eabi/12.3.1/../../../../arm-none-eabi/lib/thumb/v7e-m+fp/hard/libc_nano.a(libc_a-nano-vfprintf.o)
 .text.__sfputs_r
                0x08005d18       0x24 /opt/st/stm32cubeide_1.13.2/plugins/com.st.stm32cube.ide.mcu.externaltools.gnu-tools-for-stm32.12.3.rel1.linux64_1.0.200.202406132123/tools/bin/../lib/gcc/arm-none-eabi/12.3.1/../../../../arm-none-eabi/lib/thumb/v7e-m+fp/hard/libc_nano.a(libc_a-nano-vfprintf.o)
                0x08005d18                __sfputs_r
 .text._vfprintf_r
                0x08005d3c      0x230 /opt/st/stm32cubeide_1.13.2/plugins/com.st.stm32cube.ide.mcu.externaltools.gnu-tools-for-stm32.12.3.rel1.linux64_1.0.200.202406132123/tools/bin/../lib/gcc/arm-none-eabi/12.3.1/../../../../arm-none-eabi/lib/thumb/v7e-m+fp/hard/libc_nano.a(libc_a-nano-vfprintf.o)
                0x08005d3c                _vfiprintf_r
                0x08005d3c                _vfprintf_r
 .text._raise_r
                0x08005f6c       0x50 /opt/st/stm32cubeide_1.13.2/plugins/com.st.stm32cube.ide.mcu.externaltools.gnu-tools-for-stm32.12.3.rel1.linux64_1.0.200.202406132123/tools/bin/../lib/gcc/arm-none-eabi/12.3.1/../../../../arm-none-eabi/lib/thumb/v7e-m+fp/hard/libc_nano.a(libc_a-signal.o)
                0x08005f6c                _raise_r
 .text.raise    0x08005fbc       0x10 /opt/st/stm32cubeide_1.13.2/plugins/com.st.stm32cube.ide.mcu.externaltools.gnu-tools-for-stm32.12.3.rel1.linux64_1.0.200.202406132123/tools/bin/../lib/gcc/arm-none-eabi/12.3.1/../../../../arm-none-eabi/lib/thumb/v7e-m+fp/hard/libc_nano.a(libc_a-signal.o)
                0x08005fbc                raise
 .text._kill_r  0x08005fcc       0x24 /opt/st/stm32cubeide_1.13.2/plugins/com.st.stm32cube.ide.mcu.externaltools.gnu-tools-for-stm32.12.3.rel1.linux64_1.0.200.202406132123/tools/bin/../lib/gcc/arm-none-eabi/12.3.1/../../../../arm-none-eabi/lib/thumb/v7e-m+fp/hard/libc_nano.a(libc_a-signalr.o)
                0x08005fcc                _kill_r
 .text._getpid_r
                0x08005ff0        0x4 /opt/st/stm32cubeide_1.13.2/plugins/com.st.stm32cube.ide.mcu.externaltools.gnu-tools-for-stm32.12.3.rel1.linux64_1.0.200.202406132123/tools/bin/../lib/gcc/arm-none-eabi/12.3.1/../../../../arm-none-eabi/lib/thumb/v7e-m+fp/hard/libc_nano.a(libc_a-signalr.o)
                0x08005ff0                _getpid_r
 .text._close   0x08005ff4       0x10 /opt/st/stm32cubeide_1.13.2/plugins/com.st.stm32cube.ide.mcu.externaltools.gnu-tools-for-stm32.12.3.rel1.linux64_1.0.200.202406132123/tools/bin/../lib/gcc/arm-none-eabi/12.3.1/../../../../arm-none-eabi/lib/thumb/v7e-m+fp/hard/libnosys.a(close.o)
                0x08005ff4                _close
 .text._fstat   0x08006004       0x10 /opt/st/stm32cubeide_1.13.2/plugins/com.st.stm32cube.ide.mcu.externaltools.gnu-tools-for-stm32.12.3.rel1.linux64_1.0.200.202406132123/tools/bin/../lib/gcc/arm-none-eabi/12.3.1/../../../../arm-none-eabi/lib/thumb/v7e-m+fp/hard/libnosys.a(fstat.o)
                0x08006004                _fstat
 .text._getpid  0x08006014       0x10 /opt/st/stm32cubeide_1.13.2/plugins/com.st.stm32cube.ide.mcu.externaltools.gnu-tools-for-stm32.12.3.rel1.linux64_1.0.200.202406132123/tools/bin/../lib/gcc/arm-none-eabi/12.3.1/../../../../arm-none-eabi/lib/thumb/v7e-m+fp/hard/libnosys.a(getpid.o)
                0x08006014                _getpid
 .text._isatty  0x08006024       0x10 /opt/st/stm32cubeide_1.13.2/plugins/com.st.stm32cube.ide.mcu.externaltools.gnu-tools-for-stm32.12.3.rel1.linux64_1.0.200.202406132123/tools/bin/../lib/gcc/arm-none-eabi/12.3.1/../../../../arm-none-eabi/lib/thumb/v7e-m+fp/hard/libnosys.a(isatty.o)
                0x08006024                _isatty
 .text._kill    0x08006034       0x10 /opt/st/stm32cubeide_1.13.2/plugins/com.st.stm32cube.ide.mcu.externaltools.gnu-tools-for-stm32.12.3.rel1.linux64_1.0.200.202406132123/tools/bin/../lib/gcc/arm-none-eabi/12.3.1/../../../../arm-none-eabi/lib/thumb/v7e-m+fp/hard/libnosys.a(kill.o)
                0x08006034                _kill
 .text._lseek   0x08006044       0x10 /opt/st/stm32cubeide_1.13.2/plugins/com.st.stm32cube.ide.mcu.externaltools.gnu-tools-for-stm32.12.3.rel1.linux64_1.0.200.202406132123/tools/bin/../lib/gcc/arm-none-eabi/12.3.1/../../../../arm-none-eabi/lib/thumb/v7e-m+fp/hard/libnosys.a(lseek.o)
                0x08006044                _lseek
 .text._read    0x08006054       0x10 /opt/st/stm32cubeide_1.13.2/plugins/com.st.stm32cube.ide.mcu.externaltools.gnu-tools-for-stm32.12.3.rel1.linux64_1.0.200.202406132123/tools/bin/../lib/gcc/arm-none-eabi/12.3.1/../../../../arm-none-eabi/lib/thumb/v7e-m+fp/hard/libnosys.a(read.o)
                0x08006054                _read
 .text._write   0x08006064       0x10 /opt/st/stm32cubeide_1.13.2/plugins/com.st.stm32cube.ide.mcu.externaltools.gnu-tools-for-stm32.12.3.rel1.linux64_1.0.200.202406132123/tools/bin/../lib/gcc/arm-none-eabi/12.3.1/../../../../arm-none-eabi/lib/thumb/v7e-m+fp/hard/libnosys.a(write.o)
                0x08006064                _write
 .text._exit    0x08006074        0x2 /opt/st/stm32cubeide_1.13.2/plugins/com.st.stm32cube.ide.mcu.externaltools.gnu-tools-for-stm32.12.3.rel1.linux64_1.0.200.202406132123/tools/bin/../lib/gcc/arm-none-eabi/12.3.1/../../../../arm-none-eabi/lib/thumb/v7e-m+fp/hard/libnosys.a(_exit.o)
                0x08006074                _exit
 *(.glue_7)
 .glue_7        0x08006076        0x0 linker stubs
 *(.glue_7t)
 .glue_7t       0x08006076        0x0 linker stubs
 *(.eh_frame)
 *fill*         0x08006076        0x2 
 .eh_frame      0x08006078        0x0 /opt/st/stm32cubeide_1.13.2/plugins/com.st.stm32cube.ide.mcu.externaltools.gnu-tools-for-stm32.12.3.rel1.linux64_1.0.200.202406132123/tools/bin/../lib/gcc/arm-none-eabi/12.3.1/thumb/v7e-m+fp/hard/crtbegin.o
 *(.init)
 .init          0x08006078        0x4 /opt/st/stm32cubeide_1.13.2/plugins/com.st.stm32cube.ide.mcu.externaltools.gnu-tools-for-stm32.12.3.rel1.linux64_1.0.200.202406132123/tools/bin/../lib/gcc/arm-none-eabi/12.3.1/thumb/v7e-m+fp/hard/crti.o
                0x08006078                _init
 .init          0x0800607c        0x8 /opt/st/stm32cubeide_1.13.2/plugins/com.st.stm32cube.ide.mcu.externaltools.gnu-tools-for-stm32.12.3.rel1.linux64_1.0.200.202406132123/tools/bin/../lib/gcc/arm-none-eabi/12.3.1/thumb/v7e-m+fp/hard/crtn.o
 *(.fini)
 .fini          0x08006084        0x4 /opt/st/stm32cubeide_1.13.2/plugins/com.st.stm32cube.ide.mcu.externaltools.gnu-tools-for-stm32.12.3.rel1.linux64_1.0.200.202406132123/tools/bin/../lib/gcc/arm-none-eabi/12.3.1/thumb/v7e-m+fp/hard/crti.o
                0x08006084                _fini
 .fini          0x08006088        0x8 /opt/st/stm32cubeide_1.13.2/plugins/com.st.stm32cube.ide.mcu.externaltools.gnu-tools-for-stm32.12.3.rel1.linux64_1.0.200.202406132123/tools/bin/../lib/gcc/arm-none-eabi/12.3.1/thumb/v7e-m+fp/hard/crtn.o
                0x08006090                        . = ALIGN (0x4)
                0x08006090                        _etext = .

.vfp11_veneer   0x08006090        0x0
 .vfp11_veneer  0x08006090        0x0 linker stubs

.v4_bx          0x08006090        0x0
 .v4_bx         0x08006090        0x0 linker stubs

.iplt           0x08006090        0x0
 .iplt          0x08006090        0x0 /opt/st/stm32cubeide_1.13.2/plugins/com.st.stm32cube.ide.mcu.externaltools.gnu-tools-for-stm32.12.3.rel1.linux64_1.0.200.202406132123/tools/bin/../lib/gcc/arm-none-eabi/12.3.1/thumb/v7e-m+fp/hard/crtbegin.o

.rodata         0x080060a0      0x998
                0x080060a0                        . = ALIGN (0x4)
 *(.rodata)
 .rodata        0x080060a0       0x1b ./Core/Src/main.o
 *fill*         0x080060bb        0x1 
 .rodata        0x080060bc       0xa3 ./X-CUBE-AI/App/app_x-cube-ai.o
 *fill*         0x0800615f        0x1 
 .rodata        0x08006160       0x30 ./X-CUBE-AI/App/sine_model_data.o
 *(.rodata*)
 .rodata.gemm_2_chain
                0x08006190        0x8 ./X-CUBE-AI/App/sine_model.o
 .rodata.nl_1_nl_chain
                0x08006198        0x8 ./X-CUBE-AI/App/sine_model.o
 .rodata.gemm_1_chain
                0x080061a0        0x8 ./X-CUBE-AI/App/sine_model.o
 .rodata.nl_0_nl_chain
                0x080061a8        0x8 ./X-CUBE-AI/App/sine_model.o
 .rodata.gemm_0_chain
                0x080061b0        0x8 ./X-CUBE-AI/App/sine_model.o
 *fill*         0x080061b8        0x8 
 .rodata.s_sine_model_weights_array_u64
                0x080061c0      0x508 ./X-CUBE-AI/App/sine_model_data_params.o
                0x080061c0                s_sine_model_weights_array_u64
 .rodata._printf_float.str1.1
                0x080066c8       0x12 /opt/st/stm32cubeide_1.13.2/plugins/com.st.stm32cube.ide.mcu.externaltools.gnu-tools-for-stm32.12.3.rel1.linux64_1.0.200.202406132123/tools/bin/../lib/gcc/arm-none-eabi/12.3.1/../../../../arm-none-eabi/lib/thumb/v7e-m+fp/hard/libc_nano.a(libc_a-nano-vfprintf_float.o)
 .rodata._printf_i.str1.1
                0x080066da       0x22 /opt/st/stm32cubeide_1.13.2/plugins/com.st.stm32cube.ide.mcu.externaltools.gnu-tools-for-stm32.12.3.rel1.linux64_1.0.200.202406132123/tools/bin/../lib/gcc/arm-none-eabi/12.3.1/../../../../arm-none-eabi/lib/thumb/v7e-m+fp/hard/libc_nano.a(libc_a-nano-vfprintf_i.o)
 .rodata._dtoa_r.str1.1
                0x080066fc       0x8d /opt/st/stm32cubeide_1.13.2/plugins/com.st.stm32cube.ide.mcu.externaltools.gnu-tools-for-stm32.12.3.rel1.linux64_1.0.200.202406132123/tools/bin/../lib/gcc/arm-none-eabi/12.3.1/../../../../arm-none-eabi/lib/thumb/v7e-m+fp/hard/libc_nano.a(libc_a-dtoa.o)
                                 0x8f (size before relaxing)
 .rodata._Balloc.str1.1
                0x08006789       0x59 /opt/st/stm32cubeide_1.13.2/plugins/com.st.stm32cube.ide.mcu.externaltools.gnu-tools-for-stm32.12.3.rel1.linux64_1.0.200.202406132123/tools/bin/../lib/gcc/arm-none-eabi/12.3.1/../../../../arm-none-eabi/lib/thumb/v7e-m+fp/hard/libc_nano.a(libc_a-mprec.o)
                                 0x70 (size before relaxing)
 .rodata.__multadd.str1.1
                0x080067e2       0x11 /opt/st/stm32cubeide_1.13.2/plugins/com.st.stm32cube.ide.mcu.externaltools.gnu-tools-for-stm32.12.3.rel1.linux64_1.0.200.202406132123/tools/bin/../lib/gcc/arm-none-eabi/12.3.1/../../../../arm-none-eabi/lib/thumb/v7e-m+fp/hard/libc_nano.a(libc_a-mprec.o)
 *fill*         0x080067e2        0x2 
 .rodata.p05.0  0x080067e4        0xc /opt/st/stm32cubeide_1.13.2/plugins/com.st.stm32cube.ide.mcu.externaltools.gnu-tools-for-stm32.12.3.rel1.linux64_1.0.200.202406132123/tools/bin/../lib/gcc/arm-none-eabi/12.3.1/../../../../arm-none-eabi/lib/thumb/v7e-m+fp/hard/libc_nano.a(libc_a-mprec.o)
 .rodata.__mprec_bigtens
                0x080067f0       0x28 /opt/st/stm32cubeide_1.13.2/plugins/com.st.stm32cube.ide.mcu.externaltools.gnu-tools-for-stm32.12.3.rel1.linux64_1.0.200.202406132123/tools/bin/../lib/gcc/arm-none-eabi/12.3.1/../../../../arm-none-eabi/lib/thumb/v7e-m+fp/hard/libc_nano.a(libc_a-mprec.o)
                0x080067f0                __mprec_bigtens
 .rodata.__mprec_tens
                0x08006818       0xc8 /opt/st/stm32cubeide_1.13.2/plugins/com.st.stm32cube.ide.mcu.externaltools.gnu-tools-for-stm32.12.3.rel1.linux64_1.0.200.202406132123/tools/bin/../lib/gcc/arm-none-eabi/12.3.1/../../../../arm-none-eabi/lib/thumb/v7e-m+fp/hard/libc_nano.a(libc_a-mprec.o)
                0x08006818                __mprec_tens
 .rodata._svfprintf_r.str1.1
                0x080068e0       0x11 /opt/st/stm32cubeide_1.13.2/plugins/com.st.stm32cube.ide.mcu.externaltools.gnu-tools-for-stm32.12.3.rel1.linux64_1.0.200.202406132123/tools/bin/../lib/gcc/arm-none-eabi/12.3.1/../../../../arm-none-eabi/lib/thumb/v7e-m+fp/hard/libc_nano.a(libc_a-nano-svfprintf.o)
 .rodata._setlocale_r.str1.1
                0x080068f1        0x8 /opt/st/stm32cubeide_1.13.2/plugins/com.st.stm32cube.ide.mcu.externaltools.gnu-tools-for-stm32.12.3.rel1.linux64_1.0.200.202406132123/tools/bin/../lib/gcc/arm-none-eabi/12.3.1/../../../../arm-none-eabi/lib/thumb/v7e-m+fp/hard/libc_nano.a(libc_a-locale.o)
                                  0x9 (size before relaxing)
 .rodata.str1.1
                0x080068f9        0x2 /opt/st/stm32cubeide_1.13.2/plugins/com.st.stm32cube.ide.mcu.externaltools.gnu-tools-for-stm32.12.3.rel1.linux64_1.0.200.202406132123/tools/bin/../lib/gcc/arm-none-eabi/12.3.1/../../../../arm-none-eabi/lib/thumb/v7e-m+fp/hard/libc_nano.a(libc_a-locale.o)
 .rodata.__assert_func.str1.1
                0x080068fb       0x3c /opt/st/stm32cubeide_1.13.2/plugins/com.st.stm32cube.ide.mcu.externaltools.gnu-tools-for-stm32.12.3.rel1.linux64_1.0.200.202406132123/tools/bin/../lib/gcc/arm-none-eabi/12.3.1/../../../../arm-none-eabi/lib/thumb/v7e-m+fp/hard/libc_nano.a(libc_a-assert.o)
                                 0x3d (size before relaxing)
 .rodata._ctype_
                0x08006937      0x101 /opt/st/stm32cubeide_1.13.2/plugins/com.st.stm32cube.ide.mcu.externaltools.gnu-tools-for-stm32.12.3.rel1.linux64_1.0.200.202406132123/tools/bin/../lib/gcc/arm-none-eabi/12.3.1/../../../../arm-none-eabi/lib/thumb/v7e-m+fp/hard/libc_nano.a(libc_a-ctype_.o)
                0x08006937                _ctype_
 .rodata._vfprintf_r.str1.1
                0x08006a38       0x11 /opt/st/stm32cubeide_1.13.2/plugins/com.st.stm32cube.ide.mcu.externaltools.gnu-tools-for-stm32.12.3.rel1.linux64_1.0.200.202406132123/tools/bin/../lib/gcc/arm-none-eabi/12.3.1/../../../../arm-none-eabi/lib/thumb/v7e-m+fp/hard/libc_nano.a(libc_a-nano-vfprintf.o)
                0x08006a4c                        . = ALIGN (0x4)

.ARM.extab      0x08006a38        0x0
                0x08006a38                        . = ALIGN (0x4)
 *(.ARM.extab* .gnu.linkonce.armextab.*)
                0x08006a38                        . = ALIGN (0x4)

.ARM            0x08006a38        0x8
                0x08006a38                        . = ALIGN (0x4)
                0x08006a38                        __exidx_start = .
 *(.ARM.exidx*)
 .ARM.exidx     0x08006a38        0x8 /opt/st/stm32cubeide_1.13.2/plugins/com.st.stm32cube.ide.mcu.externaltools.gnu-tools-for-stm32.12.3.rel1.linux64_1.0.200.202406132123/tools/bin/../lib/gcc/arm-none-eabi/12.3.1/../../../../arm-none-eabi/lib/thumb/v7e-m+fp/hard/libc_nano.a(libc_a-memchr.o)
 .ARM.exidx     0x08006a40        0x0 /opt/st/stm32cubeide_1.13.2/plugins/com.st.stm32cube.ide.mcu.externaltools.gnu-tools-for-stm32.12.3.rel1.linux64_1.0.200.202406132123/tools/bin/../lib/gcc/arm-none-eabi/12.3.1/../../../../arm-none-eabi/lib/thumb/v7e-m+fp/hard/libc_nano.a(libc_a-strlen.o)
                                  0x8 (size before relaxing)
                0x08006a40                        __exidx_end = .
                0x08006a40                        . = ALIGN (0x4)

.preinit_array  0x08006a40        0x0
                0x08006a40                        . = ALIGN (0x4)
                0x08006a40                        PROVIDE (__preinit_array_start = .)
 *(.preinit_array*)
                0x08006a40                        PROVIDE (__preinit_array_end = .)
                0x08006a40                        . = ALIGN (0x4)

.init_array     0x08006a40        0x4
                0x08006a40                        . = ALIGN (0x4)
                0x08006a40                        PROVIDE (__init_array_start = .)
 *(SORT_BY_NAME(.init_array.*))
 *(.init_array*)
 .init_array    0x08006a40        0x4 /opt/st/stm32cubeide_1.13.2/plugins/com.st.stm32cube.ide.mcu.externaltools.gnu-tools-for-stm32.12.3.rel1.linux64_1.0.200.202406132123/tools/bin/../lib/gcc/arm-none-eabi/12.3.1/thumb/v7e-m+fp/hard/crtbegin.o
                0x08006a44                        PROVIDE (__init_array_end = .)
                0x08006a44                        . = ALIGN (0x4)

.fini_array     0x08006a44        0x4
                0x08006a44                        . = ALIGN (0x4)
                [!provide]                        PROVIDE (__fini_array_start = .)
 *(SORT_BY_NAME(.fini_array.*))
 *(.fini_array*)
 .fini_array    0x08006a44        0x4 /opt/st/stm32cubeide_1.13.2/plugins/com.st.stm32cube.ide.mcu.externaltools.gnu-tools-for-stm32.12.3.rel1.linux64_1.0.200.202406132123/tools/bin/../lib/gcc/arm-none-eabi/12.3.1/thumb/v7e-m+fp/hard/crtbegin.o
                [!provide]                        PROVIDE (__fini_array_end = .)
                0x08006a48                        . = ALIGN (0x4)
                0x08006a48                        _sidata = LOADADDR (.data)

.rel.dyn        0x08006a48        0x0
 .rel.iplt      0x08006a48        0x0 /opt/st/stm32cubeide_1.13.2/plugins/com.st.stm32cube.ide.mcu.externaltools.gnu-tools-for-stm32.12.3.rel1.linux64_1.0.200.202406132123/tools/bin/../lib/gcc/arm-none-eabi/12.3.1/thumb/v7e-m+fp/hard/crtbegin.o

.data           0x20000000      0x868 load address 0x08006a48
                0x20000000                        . = ALIGN (0x4)
                0x20000000                        _sdata = .
 *(.data)
 *(.data*)
 .data.SystemCoreClock
                0x20000000        0x4 ./Core/Src/system_stm32f4xx.o
                0x20000000                SystemCoreClock
 .data.uwTickPrio
                0x20000004        0x4 ./Drivers/STM32F4xx_HAL_Driver/Src/stm32f4xx_hal.o
                0x20000004                uwTickPrio
 .data.uwTickFreq
                0x20000008        0x1 ./Drivers/STM32F4xx_HAL_Driver/Src/stm32f4xx_hal.o
                0x20000008                uwTickFreq
 *fill*         0x20000009        0x3 
 .data.data_ins
                0x2000000c        0x4 ./X-CUBE-AI/App/app_x-cube-ai.o
                0x2000000c                data_ins
 .data.data_outs
                0x20000010        0x4 ./X-CUBE-AI/App/app_x-cube-ai.o
                0x20000010                data_outs
 .data.data_activations0
                0x20000014        0x4 ./X-CUBE-AI/App/app_x-cube-ai.o
                0x20000014                data_activations0
 .data.serving_default_dense_input0_output_array
                0x20000018       0x10 ./X-CUBE-AI/App/sine_model.o
 .data.gemm_0_output_array
                0x20000028       0x10 ./X-CUBE-AI/App/sine_model.o
 .data.nl_0_nl_output_array
                0x20000038       0x10 ./X-CUBE-AI/App/sine_model.o
 .data.gemm_1_output_array
                0x20000048       0x10 ./X-CUBE-AI/App/sine_model.o
 .data.nl_1_nl_output_array
                0x20000058       0x10 ./X-CUBE-AI/App/sine_model.o
 .data.gemm_2_output_array
                0x20000068       0x10 ./X-CUBE-AI/App/sine_model.o
 .data.gemm_0_weights_array
                0x20000078       0x10 ./X-CUBE-AI/App/sine_model.o
 .data.gemm_0_bias_array
                0x20000088       0x10 ./X-CUBE-AI/App/sine_model.o
 .data.gemm_1_weights_array
                0x20000098       0x10 ./X-CUBE-AI/App/sine_model.o
 .data.gemm_1_bias_array
                0x200000a8       0x10 ./X-CUBE-AI/App/sine_model.o
 .data.gemm_2_weights_array
                0x200000b8       0x10 ./X-CUBE-AI/App/sine_model.o
 .data.gemm_2_bias_array
                0x200000c8       0x10 ./X-CUBE-AI/App/sine_model.o
 .data.__compound_literal.0
                0x200000d8       0x10 ./X-CUBE-AI/App/sine_model.o
 .data.__compound_literal.1
                0x200000e8       0x10 ./X-CUBE-AI/App/sine_model.o
 .data.serving_default_dense_input0_output
                0x200000f8       0x1c ./X-CUBE-AI/App/sine_model.o
 .data.__compound_literal.2
                0x20000114       0x10 ./X-CUBE-AI/App/sine_model.o
 .data.__compound_literal.3
                0x20000124       0x10 ./X-CUBE-AI/App/sine_model.o
 .data.gemm_0_output
                0x20000134       0x1c ./X-CUBE-AI/App/sine_model.o
 .data.__compound_literal.4
                0x20000150       0x10 ./X-CUBE-AI/App/sine_model.o
 .data.__compound_literal.5
                0x20000160       0x10 ./X-CUBE-AI/App/sine_model.o
 .data.nl_0_nl_output
                0x20000170       0x1c ./X-CUBE-AI/App/sine_model.o
 .data.__compound_literal.6
                0x2000018c       0x10 ./X-CUBE-AI/App/sine_model.o
 .data.__compound_literal.7
                0x2000019c       0x10 ./X-CUBE-AI/App/sine_model.o
 .data.gemm_1_output
                0x200001ac       0x1c ./X-CUBE-AI/App/sine_model.o
 .data.__compound_literal.8
                0x200001c8       0x10 ./X-CUBE-AI/App/sine_model.o
 .data.__compound_literal.9
                0x200001d8       0x10 ./X-CUBE-AI/App/sine_model.o
 .data.nl_1_nl_output
                0x200001e8       0x1c ./X-CUBE-AI/App/sine_model.o
 .data.__compound_literal.10
                0x20000204       0x10 ./X-CUBE-AI/App/sine_model.o
 .data.__compound_literal.11
                0x20000214       0x10 ./X-CUBE-AI/App/sine_model.o
 .data.gemm_2_output
                0x20000224       0x1c ./X-CUBE-AI/App/sine_model.o
 .data.__compound_literal.12
                0x20000240       0x10 ./X-CUBE-AI/App/sine_model.o
 .data.__compound_literal.13
                0x20000250       0x10 ./X-CUBE-AI/App/sine_model.o
 .data.gemm_0_weights
                0x20000260       0x1c ./X-CUBE-AI/App/sine_model.o
 .data.__compound_literal.14
                0x2000027c       0x10 ./X-CUBE-AI/App/sine_model.o
 .data.__compound_literal.15
                0x2000028c       0x10 ./X-CUBE-AI/App/sine_model.o
 .data.gemm_0_bias
                0x2000029c       0x1c ./X-CUBE-AI/App/sine_model.o
 .data.__compound_literal.16
                0x200002b8       0x10 ./X-CUBE-AI/App/sine_model.o
 .data.__compound_literal.17
                0x200002c8       0x10 ./X-CUBE-AI/App/sine_model.o
 .data.gemm_1_weights
                0x200002d8       0x1c ./X-CUBE-AI/App/sine_model.o
 .data.__compound_literal.18
                0x200002f4       0x10 ./X-CUBE-AI/App/sine_model.o
 .data.__compound_literal.19
                0x20000304       0x10 ./X-CUBE-AI/App/sine_model.o
 .data.gemm_1_bias
                0x20000314       0x1c ./X-CUBE-AI/App/sine_model.o
 .data.__compound_literal.20
                0x20000330       0x10 ./X-CUBE-AI/App/sine_model.o
 .data.__compound_literal.21
                0x20000340       0x10 ./X-CUBE-AI/App/sine_model.o
 .data.gemm_2_weights
                0x20000350       0x1c ./X-CUBE-AI/App/sine_model.o
 .data.__compound_literal.22
                0x2000036c       0x10 ./X-CUBE-AI/App/sine_model.o
 .data.__compound_literal.23
                0x2000037c       0x10 ./X-CUBE-AI/App/sine_model.o
 .data.gemm_2_bias
                0x2000038c       0x1c ./X-CUBE-AI/App/sine_model.o
 .data.__compound_literal.24
                0x200003a8        0x4 ./X-CUBE-AI/App/sine_model.o
 .data.__compound_literal.25
                0x200003ac        0x4 ./X-CUBE-AI/App/sine_model.o
 .data.__compound_literal.26
                0x200003b0        0x8 ./X-CUBE-AI/App/sine_model.o
 .data.__compound_literal.28
                0x200003b8       0x30 ./X-CUBE-AI/App/sine_model.o
 .data.gemm_2_layer
                0x200003e8       0x1c ./X-CUBE-AI/App/sine_model.o
 .data.__compound_literal.29
                0x20000404        0x4 ./X-CUBE-AI/App/sine_model.o
 .data.__compound_literal.30
                0x20000408        0x4 ./X-CUBE-AI/App/sine_model.o
 .data.__compound_literal.33
                0x2000040c       0x30 ./X-CUBE-AI/App/sine_model.o
 .data.nl_1_nl_layer
                0x2000043c       0x20 ./X-CUBE-AI/App/sine_model.o
 .data.__compound_literal.34
                0x2000045c        0x4 ./X-CUBE-AI/App/sine_model.o
 .data.__compound_literal.35
                0x20000460        0x4 ./X-CUBE-AI/App/sine_model.o
 .data.__compound_literal.36
                0x20000464        0x8 ./X-CUBE-AI/App/sine_model.o
 .data.__compound_literal.38
                0x2000046c       0x30 ./X-CUBE-AI/App/sine_model.o
 .data.gemm_1_layer
                0x2000049c       0x1c ./X-CUBE-AI/App/sine_model.o
 .data.__compound_literal.39
                0x200004b8        0x4 ./X-CUBE-AI/App/sine_model.o
 .data.__compound_literal.40
                0x200004bc        0x4 ./X-CUBE-AI/App/sine_model.o
 .data.__compound_literal.43
                0x200004c0       0x30 ./X-CUBE-AI/App/sine_model.o
 .data.nl_0_nl_layer
                0x200004f0       0x20 ./X-CUBE-AI/App/sine_model.o
 .data.__compound_literal.44
                0x20000510        0x4 ./X-CUBE-AI/App/sine_model.o
 .data.__compound_literal.45
                0x20000514        0x4 ./X-CUBE-AI/App/sine_model.o
 .data.__compound_literal.46
                0x20000518        0x8 ./X-CUBE-AI/App/sine_model.o
 .data.__compound_literal.48
                0x20000520       0x30 ./X-CUBE-AI/App/sine_model.o
 .data.gemm_0_layer
                0x20000550       0x1c ./X-CUBE-AI/App/sine_model.o
 .data.__compound_literal.49
                0x2000056c       0x10 ./X-CUBE-AI/App/sine_model.o
 .data.__compound_literal.50
                0x2000057c       0x1c ./X-CUBE-AI/App/sine_model.o
 .data.__compound_literal.51
                0x20000598       0x10 ./X-CUBE-AI/App/sine_model.o
 .data.__compound_literal.52
                0x200005a8       0x1c ./X-CUBE-AI/App/sine_model.o
 .data.__compound_literal.53
                0x200005c4        0x4 ./X-CUBE-AI/App/sine_model.o
 .data.__compound_literal.57
                0x200005c8        0xc ./X-CUBE-AI/App/sine_model.o
 .data.__compound_literal.58
                0x200005d4        0x4 ./X-CUBE-AI/App/sine_model.o
 .data.__compound_literal.62
                0x200005d8        0xc ./X-CUBE-AI/App/sine_model.o
 .data.__compound_literal.63
                0x200005e4       0x18 ./X-CUBE-AI/App/sine_model.o
 .data.g_sine_model
                0x200005fc       0x4c ./X-CUBE-AI/App/sine_model.o
 .data.__compound_literal.0
                0x20000648       0x10 ./X-CUBE-AI/App/sine_model_data.o
 .data.g_sine_model_data_map_activations
                0x20000658       0x1c ./X-CUBE-AI/App/sine_model_data.o
                0x20000658                g_sine_model_data_map_activations
 .data.__compound_literal.1
                0x20000674       0x10 ./X-CUBE-AI/App/sine_model_data.o
 .data.g_sine_model_data_map_weights
                0x20000684       0x1c ./X-CUBE-AI/App/sine_model_data.o
                0x20000684                g_sine_model_data_map_weights
 .data.__sglue  0x200006a0        0xc /opt/st/stm32cubeide_1.13.2/plugins/com.st.stm32cube.ide.mcu.externaltools.gnu-tools-for-stm32.12.3.rel1.linux64_1.0.200.202406132123/tools/bin/../lib/gcc/arm-none-eabi/12.3.1/../../../../arm-none-eabi/lib/thumb/v7e-m+fp/hard/libc_nano.a(libc_a-findfp.o)
                0x200006a0                __sglue
 .data._impure_ptr
                0x200006ac        0x4 /opt/st/stm32cubeide_1.13.2/plugins/com.st.stm32cube.ide.mcu.externaltools.gnu-tools-for-stm32.12.3.rel1.linux64_1.0.200.202406132123/tools/bin/../lib/gcc/arm-none-eabi/12.3.1/../../../../arm-none-eabi/lib/thumb/v7e-m+fp/hard/libc_nano.a(libc_a-impure.o)
                0x200006ac                _impure_ptr
 .data._impure_data
                0x200006b0       0x4c /opt/st/stm32cubeide_1.13.2/plugins/com.st.stm32cube.ide.mcu.externaltools.gnu-tools-for-stm32.12.3.rel1.linux64_1.0.200.202406132123/tools/bin/../lib/gcc/arm-none-eabi/12.3.1/../../../../arm-none-eabi/lib/thumb/v7e-m+fp/hard/libc_nano.a(libc_a-impure.o)
                0x200006b0                _impure_data
 .data.__global_locale
                0x200006fc      0x16c /opt/st/stm32cubeide_1.13.2/plugins/com.st.stm32cube.ide.mcu.externaltools.gnu-tools-for-stm32.12.3.rel1.linux64_1.0.200.202406132123/tools/bin/../lib/gcc/arm-none-eabi/12.3.1/../../../../arm-none-eabi/lib/thumb/v7e-m+fp/hard/libc_nano.a(libc_a-locale.o)
                0x200006fc                __global_locale
 *(.RamFunc)
 *(.RamFunc*)
                0x20000868                        . = ALIGN (0x4)
                0x20000868                        _edata = .

.igot.plt       0x20000868        0x0 load address 0x080072b0
 .igot.plt      0x20000868        0x0 /opt/st/stm32cubeide_1.13.2/plugins/com.st.stm32cube.ide.mcu.externaltools.gnu-tools-for-stm32.12.3.rel1.linux64_1.0.200.202406132123/tools/bin/../lib/gcc/arm-none-eabi/12.3.1/thumb/v7e-m+fp/hard/crtbegin.o
                0x20000868                        . = ALIGN (0x4)

.bss            0x20000880      0x2e8 load address 0x080072b0
                0x20000880                        _sbss = .
                0x20000880                        __bss_start__ = _sbss
 *(.bss)
 .bss           0x20000880       0x1c /opt/st/stm32cubeide_1.13.2/plugins/com.st.stm32cube.ide.mcu.externaltools.gnu-tools-for-stm32.12.3.rel1.linux64_1.0.200.202406132123/tools/bin/../lib/gcc/arm-none-eabi/12.3.1/thumb/v7e-m+fp/hard/crtbegin.o
 *(.bss*)
 .bss.huart2    0x2000089c       0x48 ./Core/Src/main.o
                0x2000089c                huart2
 .bss.__sbrk_heap_end
                0x200008e4        0x4 ./Core/Src/sysmem.o
 .bss.uwTick    0x200008e8        0x4 ./Drivers/STM32F4xx_HAL_Driver/Src/stm32f4xx_hal.o
                0x200008e8                uwTick
 .bss.data_in_1
                0x200008ec        0x4 ./X-CUBE-AI/App/app_x-cube-ai.o
                0x200008ec                data_in_1
 .bss.data_out_1
                0x200008f0        0x4 ./X-CUBE-AI/App/app_x-cube-ai.o
                0x200008f0                data_out_1
 *fill*         0x200008f4        0xc 
 .bss.pool0     0x20000900       0x80 ./X-CUBE-AI/App/app_x-cube-ai.o
 .bss.sine_model
                0x20000980        0x4 ./X-CUBE-AI/App/app_x-cube-ai.o
 .bss.ai_input  0x20000984        0x4 ./X-CUBE-AI/App/app_x-cube-ai.o
 .bss.ai_output
                0x20000988        0x4 ./X-CUBE-AI/App/app_x-cube-ai.o
 .bss.angle     0x2000098c        0x4 ./X-CUBE-AI/App/app_x-cube-ai.o
                0x2000098c                angle
 .bss.g_sine_model_activations_map
                0x20000990        0x4 ./X-CUBE-AI/App/sine_model.o
 .bss.g_sine_model_weights_map
                0x20000994        0x4 ./X-CUBE-AI/App/sine_model.o
 .bss.__compound_literal.27
                0x20000998        0x4 ./X-CUBE-AI/App/sine_model.o
 .bss.__compound_literal.31
                0x2000099c        0x4 ./X-CUBE-AI/App/sine_model.o
 .bss.__compound_literal.32
                0x200009a0        0x4 ./X-CUBE-AI/App/sine_model.o
 .bss.__compound_literal.37
                0x200009a4        0x4 ./X-CUBE-AI/App/sine_model.o
 .bss.__compound_literal.41
                0x200009a8        0x4 ./X-CUBE-AI/App/sine_model.o
 .bss.__compound_literal.42
                0x200009ac        0x4 ./X-CUBE-AI/App/sine_model.o
 .bss.__compound_literal.47
                0x200009b0        0x4 ./X-CUBE-AI/App/sine_model.o
 .bss.__compound_literal.54
                0x200009b4       0x1c ./X-CUBE-AI/App/sine_model.o
 .bss.__compound_literal.55
                0x200009d0       0x10 ./X-CUBE-AI/App/sine_model.o
 .bss.__compound_literal.56
                0x200009e0        0x8 ./X-CUBE-AI/App/sine_model.o
 .bss.__compound_literal.59
                0x200009e8       0x1c ./X-CUBE-AI/App/sine_model.o
 .bss.__compound_literal.60
                0x20000a04       0x10 ./X-CUBE-AI/App/sine_model.o
 .bss.__compound_literal.61
                0x20000a14        0x8 ./X-CUBE-AI/App/sine_model.o
 .bss.__malloc_sbrk_start
                0x20000a1c        0x4 /opt/st/stm32cubeide_1.13.2/plugins/com.st.stm32cube.ide.mcu.externaltools.gnu-tools-for-stm32.12.3.rel1.linux64_1.0.200.202406132123/tools/bin/../lib/gcc/arm-none-eabi/12.3.1/../../../../arm-none-eabi/lib/thumb/v7e-m+fp/hard/libc_nano.a(libc_a-mallocr.o)
                0x20000a1c                __malloc_sbrk_start
 .bss.__malloc_free_list
                0x20000a20        0x4 /opt/st/stm32cubeide_1.13.2/plugins/com.st.stm32cube.ide.mcu.externaltools.gnu-tools-for-stm32.12.3.rel1.linux64_1.0.200.202406132123/tools/bin/../lib/gcc/arm-none-eabi/12.3.1/../../../../arm-none-eabi/lib/thumb/v7e-m+fp/hard/libc_nano.a(libc_a-mallocr.o)
                0x20000a20                __malloc_free_list
 .bss.__sf      0x20000a24      0x138 /opt/st/stm32cubeide_1.13.2/plugins/com.st.stm32cube.ide.mcu.externaltools.gnu-tools-for-stm32.12.3.rel1.linux64_1.0.200.202406132123/tools/bin/../lib/gcc/arm-none-eabi/12.3.1/../../../../arm-none-eabi/lib/thumb/v7e-m+fp/hard/libc_nano.a(libc_a-findfp.o)
                0x20000a24                __sf
 .bss.__stdio_exit_handler
                0x20000b5c        0x4 /opt/st/stm32cubeide_1.13.2/plugins/com.st.stm32cube.ide.mcu.externaltools.gnu-tools-for-stm32.12.3.rel1.linux64_1.0.200.202406132123/tools/bin/../lib/gcc/arm-none-eabi/12.3.1/../../../../arm-none-eabi/lib/thumb/v7e-m+fp/hard/libc_nano.a(libc_a-findfp.o)
                0x20000b5c                __stdio_exit_handler
 .bss.errno     0x20000b60        0x4 /opt/st/stm32cubeide_1.13.2/plugins/com.st.stm32cube.ide.mcu.externaltools.gnu-tools-for-stm32.12.3.rel1.linux64_1.0.200.202406132123/tools/bin/../lib/gcc/arm-none-eabi/12.3.1/../../../../arm-none-eabi/lib/thumb/v7e-m+fp/hard/libc_nano.a(libc_a-reent.o)
                0x20000b60                errno
 .bss.__lock___malloc_recursive_mutex
                0x20000b64        0x1 /opt/st/stm32cubeide_1.13.2/plugins/com.st.stm32cube.ide.mcu.externaltools.gnu-tools-for-stm32.12.3.rel1.linux64_1.0.200.202406132123/tools/bin/../lib/gcc/arm-none-eabi/12.3.1/../../../../arm-none-eabi/lib/thumb/v7e-m+fp/hard/libc_nano.a(libc_a-lock.o)
                0x20000b64                __lock___malloc_recursive_mutex
 .bss.__lock___sfp_recursive_mutex
                0x20000b65        0x1 /opt/st/stm32cubeide_1.13.2/plugins/com.st.stm32cube.ide.mcu.externaltools.gnu-tools-for-stm32.12.3.rel1.linux64_1.0.200.202406132123/tools/bin/../lib/gcc/arm-none-eabi/12.3.1/../../../../arm-none-eabi/lib/thumb/v7e-m+fp/hard/libc_nano.a(libc_a-lock.o)
                0x20000b65                __lock___sfp_recursive_mutex
 *(COMMON)
                0x20000b68                        . = ALIGN (0x4)
 *fill*         0x20000b66        0x2 
                0x20000b68                        _ebss = .
                0x20000b68                        __bss_end__ = _ebss

._user_heap_stack
                0x20000b68     0x1000 load address 0x080072b0
                0x20000b68                        . = ALIGN (0x8)
                [!provide]                        PROVIDE (end = .)
                0x20000b68                        PROVIDE (_end = .)
                0x20001368                        . = (. + _Min_Heap_Size)
 *fill*         0x20000b68      0x800 
                0x20001b68                        . = (. + _Min_Stack_Size)
 *fill*         0x20001368      0x800 
                0x20001b68                        . = ALIGN (0x8)

/DISCARD/
 libc.a(*)
 libm.a(*)
 libgcc.a(*)

.ARM.attributes
                0x00000000       0x30
 *(.ARM.attributes)
 .ARM.attributes
                0x00000000       0x22 /opt/st/stm32cubeide_1.13.2/plugins/com.st.stm32cube.ide.mcu.externaltools.gnu-tools-for-stm32.12.3.rel1.linux64_1.0.200.202406132123/tools/bin/../lib/gcc/arm-none-eabi/12.3.1/thumb/v7e-m+fp/hard/crti.o
 .ARM.attributes
                0x00000022       0x34 /opt/st/stm32cubeide_1.13.2/plugins/com.st.stm32cube.ide.mcu.externaltools.gnu-tools-for-stm32.12.3.rel1.linux64_1.0.200.202406132123/tools/bin/../lib/gcc/arm-none-eabi/12.3.1/thumb/v7e-m+fp/hard/crtbegin.o
 .ARM.attributes
                0x00000056       0x34 ./Core/Src/main.o
 .ARM.attributes
                0x0000008a       0x34 ./Core/Src/stm32f4xx_hal_msp.o
 .ARM.attributes
                0x000000be       0x34 ./Core/Src/stm32f4xx_it.o
 .ARM.attributes
                0x000000f2       0x34 ./Core/Src/sysmem.o
 .ARM.attributes
                0x00000126       0x34 ./Core/Src/system_stm32f4xx.o
 .ARM.attributes
                0x0000015a       0x21 ./Core/Startup/startup_stm32f446retx.o
 .ARM.attributes
                0x0000017b       0x34 ./Drivers/STM32F4xx_HAL_Driver/Src/stm32f4xx_hal.o
 .ARM.attributes
                0x000001af       0x34 ./Drivers/STM32F4xx_HAL_Driver/Src/stm32f4xx_hal_cortex.o
 .ARM.attributes
                0x000001e3       0x34 ./Drivers/STM32F4xx_HAL_Driver/Src/stm32f4xx_hal_uart.o
 .ARM.attributes
                0x00000217       0x34 ./X-CUBE-AI/App/app_x-cube-ai.o
 .ARM.attributes
                0x0000024b       0x34 ./X-CUBE-AI/App/sine_model.o
 .ARM.attributes
                0x0000027f       0x34 ./X-CUBE-AI/App/sine_model_data.o
 .ARM.attributes
                0x000002b3       0x34 ./X-CUBE-AI/App/sine_model_data_params.o
 .ARM.attributes
                0x000002e7       0x30 ../Middlewares/ST/AI/Lib/NetworkRuntime900_CM4_GCC.a(ai_platform.o)
 .ARM.attributes
                0x00000317       0x30 ../Middlewares/ST/AI/Lib/NetworkRuntime900_CM4_GCC.a(ai_platform_interface.o)
 .ARM.attributes
                0x00000347       0x30 ../Middlewares/ST/AI/Lib/NetworkRuntime900_CM4_GCC.a(core_common.o)
 .ARM.attributes
                0x00000377       0x30 ../Middlewares/ST/AI/Lib/NetworkRuntime900_CM4_GCC.a(layers.o)
 .ARM.attributes
                0x000003a7       0x30 ../Middlewares/ST/AI/Lib/NetworkRuntime900_CM4_GCC.a(layers_conv2d_generic_float.o)
 .ARM.attributes
                0x000003d7       0x30 ../Middlewares/ST/AI/Lib/NetworkRuntime900_CM4_GCC.a(layers_nl_generic_float.o)
 .ARM.attributes
                0x00000407       0x30 ../Middlewares/ST/AI/Lib/NetworkRuntime900_CM4_GCC.a(lite_nl_relu_if32of32.o)
 .ARM.attributes
                0x00000437       0x30 ../Middlewares/ST/AI/Lib/NetworkRuntime900_CM4_GCC.a(lite_dense_if32.o)
 .ARM.attributes
                0x00000467       0x30 ../Middlewares/ST/AI/Lib/NetworkRuntime900_CM4_GCC.a(st_int8_fill.o)
 .ARM.attributes
                0x00000497       0x30 ../Middlewares/ST/AI/Lib/NetworkRuntime900_CM4_GCC.a(ai_datatypes_format.o)
 .ARM.attributes
                0x000004c7       0x30 ../Middlewares/ST/AI/Lib/NetworkRuntime900_CM4_GCC.a(ai_datatypes_internal.o)
 .ARM.attributes
                0x000004f7       0x34 /opt/st/stm32cubeide_1.13.2/plugins/com.st.stm32cube.ide.mcu.externaltools.gnu-tools-for-stm32.12.3.rel1.linux64_1.0.200.202406132123/tools/bin/../lib/gcc/arm-none-eabi/12.3.1/../../../../arm-none-eabi/lib/thumb/v7e-m+fp/hard/libc_nano.a(libc_a-malloc.o)
 .ARM.attributes
                0x0000052b       0x34 /opt/st/stm32cubeide_1.13.2/plugins/com.st.stm32cube.ide.mcu.externaltools.gnu-tools-for-stm32.12.3.rel1.linux64_1.0.200.202406132123/tools/bin/../lib/gcc/arm-none-eabi/12.3.1/../../../../arm-none-eabi/lib/thumb/v7e-m+fp/hard/libc_nano.a(libc_a-mallocr.o)
 .ARM.attributes
                0x0000055f       0x34 /opt/st/stm32cubeide_1.13.2/plugins/com.st.stm32cube.ide.mcu.externaltools.gnu-tools-for-stm32.12.3.rel1.linux64_1.0.200.202406132123/tools/bin/../lib/gcc/arm-none-eabi/12.3.1/../../../../arm-none-eabi/lib/thumb/v7e-m+fp/hard/libc_nano.a(libc_a-mlock.o)
 .ARM.attributes
                0x00000593       0x34 /opt/st/stm32cubeide_1.13.2/plugins/com.st.stm32cube.ide.mcu.externaltools.gnu-tools-for-stm32.12.3.rel1.linux64_1.0.200.202406132123/tools/bin/../lib/gcc/arm-none-eabi/12.3.1/../../../../arm-none-eabi/lib/thumb/v7e-m+fp/hard/libc_nano.a(libc_a-reallocr.o)
 .ARM.attributes
                0x000005c7       0x34 /opt/st/stm32cubeide_1.13.2/plugins/com.st.stm32cube.ide.mcu.externaltools.gnu-tools-for-stm32.12.3.rel1.linux64_1.0.200.202406132123/tools/bin/../lib/gcc/arm-none-eabi/12.3.1/../../../../arm-none-eabi/lib/thumb/v7e-m+fp/hard/libc_nano.a(libc_a-nano-vfprintf_float.o)
 .ARM.attributes