Archive member included to satisfy reference by file (symbol)

../Middlewares/ST/AI/Lib/NetworkRuntime900_CM4_GCC.a(ai_platform.o)
                              ./X-CUBE-AI/App/sine_model.o (ai_buffer_array_item_set_address)
../Middlewares/ST/AI/Lib/NetworkRuntime900_CM4_GCC.a(ai_platform_interface.o)
                              ./X-CUBE-AI/App/sine_model.o (ai_platform_get_weights_map)
../Middlewares/ST/AI/Lib/NetworkRuntime900_CM4_GCC.a(core_common.o)
                              ../Middlewares/ST/AI/Lib/NetworkRuntime900_CM4_GCC.a(ai_platform_interface.o) (core_init)
../Middlewares/ST/AI/Lib/NetworkRuntime900_CM4_GCC.a(core_mem_manager.o)
                              ../Middlewares/ST/AI/Lib/NetworkRuntime900_CM4_GCC.a(ai_platform_interface.o) (core_mem_alloc)
../Middlewares/ST/AI/Lib/NetworkRuntime900_CM4_GCC.a(layers.o)
                              ../Middlewares/ST/AI/Lib/NetworkRuntime900_CM4_GCC.a(ai_platform_interface.o) (ai_check_custom_types)
../Middlewares/ST/AI/Lib/NetworkRuntime900_CM4_GCC.a(layers_conv2d_generic_float.o)
                              ./X-CUBE-AI/App/sine_model.o (forward_dense)
../Middlewares/ST/AI/Lib/NetworkRuntime900_CM4_GCC.a(layers_nl_generic_float.o)
                              ./X-CUBE-AI/App/sine_model.o (forward_relu)
../Middlewares/ST/AI/Lib/NetworkRuntime900_CM4_GCC.a(layers_conv2d_integer_scratch.o)
                              ../Middlewares/ST/AI/Lib/NetworkRuntime900_CM4_GCC.a(layers.o) (get_conv2d_scratch_size)
../Middlewares/ST/AI/Lib/NetworkRuntime900_CM4_GCC.a(forward_lite_conv2d_if32of32wf32.o)
                              ../Middlewares/ST/AI/Lib/NetworkRuntime900_CM4_GCC.a(layers_conv2d_generic_float.o) (forward_lite_conv2d_if32of32wf32)
../Middlewares/ST/AI/Lib/NetworkRuntime900_CM4_GCC.a(lite_nl_softmax_if32of32.o)
                              ../Middlewares/ST/AI/Lib/NetworkRuntime900_CM4_GCC.a(layers_nl_generic_float.o) (forward_lite_nl_softmax_if32of32_kernel)
../Middlewares/ST/AI/Lib/NetworkRuntime900_CM4_GCC.a(lite_nl_relu_if32of32.o)
                              ../Middlewares/ST/AI/Lib/NetworkRuntime900_CM4_GCC.a(layers_nl_generic_float.o) (forward_lite_nl_prelu_if32of32_kernel)
../Middlewares/ST/AI/Lib/NetworkRuntime900_CM4_GCC.a(lite_dense_if32.o)
                              ../Middlewares/ST/AI/Lib/NetworkRuntime900_CM4_GCC.a(layers_conv2d_generic_float.o) (forward_lite_dense_if32of32wf32)
../Middlewares/ST/AI/Lib/NetworkRuntime900_CM4_GCC.a(st_int8_fill.o)
                              ../Middlewares/ST/AI/Lib/NetworkRuntime900_CM4_GCC.a(layers_nl_generic_float.o) (st_int8_fill)
../Middlewares/ST/AI/Lib/NetworkRuntime900_CM4_GCC.a(ai_math_helpers.o)
                              ../Middlewares/ST/AI/Lib/NetworkRuntime900_CM4_GCC.a(layers_nl_generic_float.o) (ai_math_sqrt)
../Middlewares/ST/AI/Lib/NetworkRuntime900_CM4_GCC.a(ai_datatypes_format.o)
                              ../Middlewares/ST/AI/Lib/NetworkRuntime900_CM4_GCC.a(ai_platform_interface.o) (ai_array_to_buffer_fmt)
../Middlewares/ST/AI/Lib/NetworkRuntime900_CM4_GCC.a(ai_datatypes_internal.o)
                              ../Middlewares/ST/AI/Lib/NetworkRuntime900_CM4_GCC.a(ai_platform_interface.o) (ai_version_get)
../Middlewares/ST/AI/Lib/NetworkRuntime900_CM4_GCC.a(ai_math_elementwise_mul_int8.o)
                              ../Middlewares/ST/AI/Lib/NetworkRuntime900_CM4_GCC.a(ai_math_helpers.o) (ai_math_elementwise_mul_int8)
../Middlewares/ST/AI/Lib/NetworkRuntime900_CM4_GCC.a(ai_math_elementwise_sum_int8.o)
                              ../Middlewares/ST/AI/Lib/NetworkRuntime900_CM4_GCC.a(ai_math_helpers.o) (ai_math_elementwise_sum_int8)
../Middlewares/ST/AI/Lib/NetworkRuntime900_CM4_GCC.a(st_align_factor.o)
                              ../Middlewares/ST/AI/Lib/NetworkRuntime900_CM4_GCC.a(ai_math_helpers.o) (align_factor)
/opt/st/stm32cubeide_1.13.2/plugins/com.st.stm32cube.ide.mcu.externaltools.gnu-tools-for-stm32.12.3.rel1.linux64_1.0.200.202406132123/tools/bin/../lib/gcc/arm-none-eabi/12.3.1/../../../../arm-none-eabi/lib/thumb/v7e-m+fp/hard/libc_nano.a(libc_a-exit.o)
                              /opt/st/stm32cubeide_1.13.2/plugins/com.st.stm32cube.ide.mcu.externaltools.gnu-tools-for-stm32.12.3.rel1.linux64_1.0.200.202406132123/tools/bin/../lib/gcc/arm-none-eabi/12.3.1/../../../../arm-none-eabi/lib/thumb/v7e-m+fp/hard/crt0.o (exit)
/opt/st/stm32cubeide_1.13.2/plugins/com.st.stm32cube.ide.mcu.externaltools.gnu-tools-for-stm32.12.3.rel1.linux64_1.0.200.202406132123/tools/bin/../lib/gcc/arm-none-eabi/12.3.1/../../../../arm-none-eabi/lib/thumb/v7e-m+fp/hard/libc_nano.a(libc_a-malloc.o)
                              ../Middlewares/ST/AI/Lib/NetworkRuntime900_CM4_GCC.a(core_mem_manager.o) (malloc)
/opt/st/stm32cubeide_1.13.2/plugins/com.st.stm32cube.ide.mcu.externaltools.gnu-tools-for-stm32.12.3.rel1.linux64_1.0.200.202406132123/tools/bin/../lib/gcc/arm-none-eabi/12.3.1/../../../../arm-none-eabi/lib/thumb/v7e-m+fp/hard/libc_nano.a(libc_a-mallocr.o)
[...]
Memory Configuration

Name             Origin             Length             Attributes
RAM              0x20000000         0x00020000         xrw
FLASH            0x08000000         0x00080000         xr
*default*        0x00000000         0xffffffff

Linker script and memory map

LOAD /opt/st/stm32cubeide_1.13.2/plugins/com.st.stm32cube.ide.mcu.externaltools.gnu-tools-for-stm32.12.3.rel1.linux64_1.0.200.202406132123/tools/bin/../lib/gcc/arm-none-eabi/12.3.1/thumb/v7e-m+fp/hard/crti.o
LOAD /opt/st/stm32cubeide_1.13.2/plugins/com.st.stm32cube.ide.mcu.externaltools.gnu-tools-for-stm32.12.3.rel1.linux64_1.0.200.202406132123/tools/bin/../lib/gcc/arm-none-eabi/12.3.1/thumb/v7e-m+fp/hard/crtbegin.o
LOAD /opt/st/stm32cubeide_1.13.2/plugins/com.st.stm32cube.ide.mcu.externaltools.gnu-tools-for-stm32.12.3.rel1.linux64_1.0.200.202406132123/tools/bin/../lib/gcc/arm-none-eabi/12.3.1/../../../../arm-none-eabi/lib/thumb/v7e-m+fp/hard/crt0.o
LOAD ./Core/Src/main.o
LOAD ./Core/Src/stm32f4xx_hal_msp.o
LOAD ./Core/Src/stm32f4xx_it.o
LOAD ./Core/Src/sysmem.o
LOAD ./Core/Src/system_stm32f4xx.o
LOAD ./Core/Startup/startup_stm32f446retx.o
LOAD ./Drivers/STM32F4xx_HAL_Driver/Src/stm32f4xx_hal.o
LOAD ./Drivers/STM32F4xx_HAL_Driver/Src/stm32f4xx_hal_cortex.o
LOAD ./Drivers/STM32F4xx_HAL_Driver/Src/stm32f4xx_hal_dma.o
LOAD ./Drivers/STM32F4xx_HAL_Driver/Src/stm32f4xx_hal_dma_ex.o
LOAD ./Drivers/STM32F4xx_HAL_Driver/Src/stm32f4xx_hal_exti.o
LOAD ./Drivers/STM32F4xx_HAL_Driver/Src/stm32f4xx_hal_flash.o
LOAD ./Drivers/STM32F4xx_HAL_Driver/Src/stm32f4xx_hal_flash_ex.o
LOAD ./Drivers/STM32F4xx_HAL_Driver/Src/stm32f4xx_hal_flash_ramfunc.o
LOAD ./Drivers/STM32F4xx_HAL_Driver/Src/stm32f4xx_hal_gpio.o
LOAD ./Drivers/STM32F4xx_HAL_Driver/Src/stm32f4xx_hal_pwr.o
LOAD ./Drivers/STM32F4xx_HAL_Driver/Src/stm32f4xx_hal_pwr_ex.o
LOAD ./Drivers/STM32F4xx_HAL_Driver/Src/stm32f4xx_hal_rcc.o
LOAD ./Drivers/STM32F4xx_HAL_Driver/Src/stm32f4xx_hal_rcc_ex.o
LOAD ./Drivers/STM32F4xx_HAL_Driver/Src/stm32f4xx_hal_tim.o
LOAD ./Drivers/STM32F4xx_HAL_Driver/Src/stm32f4xx_hal_tim_ex.o
LOAD ./Drivers/STM32F4xx_HAL_Driver/Src/stm32f4xx_hal_uart.o
LOAD ./X-CUBE-AI/App/app_x-cube-ai.o
LOAD ./X-CUBE-AI/App/sine_model.o
LOAD ./X-CUBE-AI/App/sine_model_data.o
LOAD ./X-CUBE-AI/App/sine_model_data_params.o
LOAD ../Middlewares/ST/AI/Lib/NetworkRuntime900_CM4_GCC.a
START GROUP
LOAD /opt/st/stm32cubeide_1.13.2/plugins/com.st.stm32cube.ide.mcu.externaltools.gnu-tools-for-stm32.12.3.rel1.linux64_1.0.200.202406132123/tools/bin/../lib/gcc/arm-none-eabi/12.3.1/../../../../arm-none-eabi/lib/thumb/v7e-m+fp/hard/libc_nano.a
LOAD /opt/st/stm32cubeide_1.13.2/plugins/com.st.stm32cube.ide.mcu.externaltools.gnu-tools-for-stm32.12.3.rel1.linux64_1.0.200.202406132123/tools/bin/../lib/gcc/arm-none-eabi/12.3.1/../../../../arm-none-eabi/lib/thumb/v7e-m+fp/hard/libm.a
END GROUP
START GROUP
LOAD /opt/st/stm32cubeide_1.13.2/plugins/com.st.stm32cube.ide.mcu.externaltools.gnu-tools-for-stm32.12.3.rel1.linux64_1.0.200.202406132123/tools/bin/../lib/gcc/arm-none-eabi/12.3.1/thumb/v7e-m+fp/hard/libgcc.a
LOAD /opt/st/stm32cubeide_1.13.2/plugins/com.st.stm32cube.ide.mcu.externaltools.gnu-tools-for-stm32.12.3.rel1.linux64_1.0.200.202406132123/tools/bin/../lib/gcc/arm-none-eabi/12.3.1/../../../../arm-none-eabi/lib/thumb/v7e-m+fp/hard/libc_nano.a
END GROUP
START GROUP
LOAD /opt/st/stm32cubeide_1.13.2/plugins/com.st.stm32cube.ide.mcu.externaltools.gnu-tools-for-stm32.12.3.rel1.linux64_1.0.200.202406132123/tools/bin/../lib/gcc/arm-none-eabi/12.3.1/thumb/v7e-m+fp/hard/libgcc.a
LOAD /opt/st/stm32cubeide_1.13.2/plugins/com.st.stm32cube.ide.mcu.externaltools.gnu-tools-for-stm32.12.3.rel1.linux64_1.0.200.202406132123/tools/bin/../lib/gcc/arm-none-eabi/12.3.1/../../../../arm-none-eabi/lib/thumb/v7e-m+fp/hard/libc_nano.a
LOAD /opt/st/stm32cubeide_1.13.2/plugins/com.st.stm32cube.ide.mcu.externaltools.gnu-tools-for-stm32.12.3.rel1.linux64_1.0.200.202406132123/tools/bin/../lib/gcc/arm-none-eabi/12.3.1/../../../../arm-none-eabi/lib/thumb/v7e-m+fp/hard/libnosys.a
END GROUP
START GROUP
LOAD /opt/st/stm32cubeide_1.13.2/plugins/com.st.stm32cube.ide.mcu.externaltools.gnu-tools-for-stm32.12.3.rel1.linux64_1.0.200.202406132123/tools/bin/../lib/gcc/arm-none-eabi/12.3.1/thumb/v7e-m+fp/hard/libgcc.a
LOAD /opt/st/stm32cubeide_1.13.2/plugins/com.st.stm32cube.ide.mcu.externaltools.gnu-tools-for-stm32.12.3.rel1.linux64_1.0.200.202406132123/tools/bin/../lib/gcc/arm-none-eabi/12.3.1/../../../../arm-none-eabi/lib/thumb/v7e-m+fp/hard/libc_nano.a
LOAD /opt/st/stm32cubeide_1.13.2/plugins/com.st.stm32cube.ide.mcu.externaltools.gnu-tools-for-stm32.12.3.rel1.linux64_1.0.200.202406132123/tools/bin/../lib/gcc/arm-none-eabi/12.3.1/../../../../arm-none-eabi/lib/thumb/v7e-m+fp/hard/libnosys.a
END GROUP
LOAD /opt/st/stm32cubeide_1.13.2/plugins/com.st.stm32cube.ide.mcu.externaltools.gnu-tools-for-stm32.12.3.rel1.linux64_1.0.200.202406132123/tools/bin/../lib/gcc/arm-none-eabi/12.3.1/thumb/v7e-m+fp/hard/crtend.o
LOAD /opt/st/stm32cubeide_1.13.2/plugins/com.st.stm32cube.ide.mcu.externaltools.gnu-tools-for-stm32.12.3.rel1.linux64_1.0.200.202406132123/tools/bin/../lib/gcc/arm-none-eabi/12.3.1/thumb/v7e-m+fp/hard/crtn.o
                0x20020000                        _estack = (ORIGIN (RAM) + LENGTH (RAM))
                0x00000800                        _Min_Heap_Size = 0x800
                0x00000800                        _Min_Stack_Size = 0x800

.isr_vector     0x08000000      0x1c4
                0x08000000                        . = ALIGN (0x4)
 *(.isr_vector)
 .isr_vector    0x08000000      0x1c4 ./Core/Startup/startup_stm32f446retx.o
                0x08000000                g_pfnVectors
                0x080001c4                        . = ALIGN (0x4)

.text           0x080001d0     0x7f54
                0x080001d0                        . = ALIGN (0x4)
 *(.text)
 .text          0x080001d0       0x40 /opt/st/stm32cubeide_1.13.2/plugins/com.st.stm32cube.ide.mcu.externaltools.gnu-tools-for-stm32.12.3.rel1.linux64_1.0.200.202406132123/tools/bin/../lib/gcc/arm-none-eabi/12.3.1/thumb/v7e-m+fp/hard/crtbegin.o
 .text          0x08000210       0xa0 /opt/st/stm32cubeide_1.13.2/plugins/com.st.stm32cube.ide.mcu.externaltools.gnu-tools-for-stm32.12.3.rel1.linux64_1.0.200.202406132123/tools/bin/../lib/gcc/arm-none-eabi/12.3.1/../../../../arm-none-eabi/lib/thumb/v7e-m+fp/hard/libc_nano.a(libc_a-memchr.o)
                0x08000210                memchr
 .text          0x080002b0       0x10 /opt/st/stm32cubeide_1.13.2/plugins/com.st.stm32cube.ide.mcu.externaltools.gnu-tools-for-stm32.12.3.rel1.linux64_1.0.200.202406132123/tools/bin/../lib/gcc/arm-none-eabi/12.3.1/../../../../arm-none-eabi/lib/thumb/v7e-m+fp/hard/libc_nano.a(libc_a-strlen.o)
                0x080002b0                strlen
 .text          0x080002c0      0x378 /opt/st/stm32cubeide_1.13.2/plugins/com.st.stm32cube.ide.mcu.externaltools.gnu-tools-for-stm32.12.3.rel1.linux64_1.0.200.202406132123/tools/bin/../lib/gcc/arm-none-eabi/12.3.1/thumb/v7e-m+fp/hard/libgcc.a(_arm_addsubdf3.o)
                0x080002c0                __aeabi_drsub
                0x080002c8                __aeabi_dsub
                0x080002c8                __subdf3
                0x080002cc                __adddf3
                0x080002cc                __aeabi_dadd
                0x08000544                __aeabi_ui2d
                0x08000544                __floatunsidf
                0x08000564                __floatsidf
                0x08000564                __aeabi_i2d
                0x08000588                __extendsfdf2
                0x08000588                __aeabi_f2d
                0x080005cc                __aeabi_ul2d
                0x080005cc                __floatundidf
                0x080005dc                __floatdidf
                0x080005dc                __aeabi_l2d
 .text          0x08000638      0x424 /opt/st/stm32cubeide_1.13.2/plugins/com.st.stm32cube.ide.mcu.externaltools.gnu-tools-for-stm32.12.3.rel1.linux64_1.0.200.202406132123/tools/bin/../lib/gcc/arm-none-eabi/12.3.1/thumb/v7e-m+fp/hard/libgcc.a(_arm_muldivdf3.o)
                0x08000638                __aeabi_dmul
                0x08000638                __muldf3
                0x0800088c                __aeabi_ddiv
                0x0800088c                __divdf3
 .text          0x08000a5c      0x110 /opt/st/stm32cubeide_1.13.2/plugins/com.st.stm32cube.ide.mcu.externaltools.gnu-tools-for-stm32.12.3.rel1.linux64_1.0.200.202406132123/tools/bin/../lib/gcc/arm-none-eabi/12.3.1/thumb/v7e-m+fp/hard/libgcc.a(_arm_cmpdf2.o)
                0x08000a5c                __gtdf2
                0x08000a5c                __gedf2
                0x08000a64                __ltdf2
                0x08000a64                __ledf2
                0x08000a6c                __cmpdf2
                0x08000a6c                __eqdf2
                0x08000a6c                __nedf2
                0x08000ae8                __aeabi_cdrcmple
                0x08000af8                __aeabi_cdcmple
                0x08000af8                __aeabi_cdcmpeq
                0x08000b08                __aeabi_dcmpeq
                0x08000b1c                __aeabi_dcmplt
                0x08000b30                __aeabi_dcmple
                0x08000b44                __aeabi_dcmpge
                0x08000b58                __aeabi_dcmpgt
 .text          0x08000b6c       0x2c /opt/st/stm32cubeide_1.13.2/plugins/com.st.stm32cube.ide.mcu.externaltools.gnu-tools-for-stm32.12.3.rel1.linux64_1.0.200.202406132123/tools/bin/../lib/gcc/arm-none-eabi/12.3.1/thumb/v7e-m+fp/hard/libgcc.a(_arm_unorddf2.o)
                0x08000b6c                __aeabi_dcmpun
                0x08000b6c                __unorddf2
 .text          0x08000b98       0x50 /opt/st/stm32cubeide_1.13.2/plugins/com.st.stm32cube.ide.mcu.externaltools.gnu-tools-for-stm32.12.3.rel1.linux64_1.0.200.202406132123/tools/bin/../lib/gcc/arm-none-eabi/12.3.1/thumb/v7e-m+fp/hard/libgcc.a(_arm_fixdfsi.o)
                0x08000b98                __fixdfsi
                0x08000b98                __aeabi_d2iz
 .text          0x08000be8       0x30 /opt/st/stm32cubeide_1.13.2/plugins/com.st.stm32cube.ide.mcu.externaltools.gnu-tools-for-stm32.12.3.rel1.linux64_1.0.200.202406132123/tools/bin/../lib/gcc/arm-none-eabi/12.3.1/thumb/v7e-m+fp/hard/libgcc.a(_aeabi_uldivmod.o)
                0x08000be8                __aeabi_uldivmod
 .text          0x08000c18      0x2bc /opt/st/stm32cubeide_1.13.2/plugins/com.st.stm32cube.ide.mcu.externaltools.gnu-tools-for-stm32.12.3.rel1.linux64_1.0.200.202406132123/tools/bin/../lib/gcc/arm-none-eabi/12.3.1/thumb/v7e-m+fp/hard/libgcc.a(_udivmoddi4.o)
                0x08000c18                __udivmoddi4
 .text          0x08000ed4        0x4 /opt/st/stm32cubeide_1.13.2/plugins/com.st.stm32cube.ide.mcu.externaltools.gnu-tools-for-stm32.12.3.rel1.linux64_1.0.200.202406132123/tools/bin/../lib/gcc/arm-none-eabi/12.3.1/thumb/v7e-m+fp/hard/libgcc.a(_dvmd_tls.o)
                0x08000ed4                __aeabi_ldiv0
                0x08000ed4                __aeabi_idiv0
 *(.text*)
 .text.main     0x08000ed8      0x228 ./Core/Src/main.o
                0x08000ed8                main
 .text.SystemClock_Config
                0x08001100       0xe4 ./Core/Src/main.o
                0x08001100                SystemClock_Config
 .text.MX_USART2_UART_Init
                0x080011e4       0x54 ./Core/Src/main.o
 .text.MX_USART3_UART_Init
                0x08001238       0x54 ./Core/Src/main.o
 .text.MX_GPIO_Init
                0x0800128c       0xdc ./Core/Src/main.o
 .text.Error_Handler
                0x08001368        0xc ./Core/Src/main.o
                0x08001368                Error_Handler
 .text.HAL_MspInit
                0x08001374       0x50 ./Core/Src/stm32f4xx_hal_msp.o
                0x08001374                HAL_MspInit
 .text.HAL_UART_MspInit
                0x080013c4      0x13c ./Core/Src/stm32f4xx_hal_msp.o
                0x080013c4                HAL_UART_MspInit
 .text.NMI_Handler
                0x08001500        0x8 ./Core/Src/stm32f4xx_it.o
                0x08001500                NMI_Handler
 .text.HardFault_Handler
                0x08001508        0x8 ./Core/Src/stm32f4xx_it.o
                0x08001508                HardFault_Handler
 .text.MemManage_Handler
                0x08001510        0x8 ./Core/Src/stm32f4xx_it.o
                0x08001510                MemManage_Handler
 .text.BusFault_Handler
                0x08001518        0x8 ./Core/Src/stm32f4xx_it.o
                0x08001518                BusFault_Handler
 .text.UsageFault_Handler
                0x08001520        0x8 ./Core/Src/stm32f4xx_it.o
                0x08001520                UsageFault_Handler
 .text.SVC_Handler
                0x08001528        0xe ./Core/Src/stm32f4xx_it.o
                0x08001528                SVC_Handler
 .text.DebugMon_Handler
                0x08001536        0xe ./Core/Src/stm32f4xx_it.o
                0x08001536                DebugMon_Handler
 .text.PendSV_Handler
                0x08001544        0xe ./Core/Src/stm32f4xx_it.o
                0x08001544                PendSV_Handler
 .text.SysTick_Handler
                0x08001552        0xc ./Core/Src/stm32f4xx_it.o
                0x08001552                SysTick_Handler
 *fill*         0x0800155e        0x2 
 .text._sbrk    0x08001560       0x6c ./Core/Src/sysmem.o
                0x08001560                _sbrk
 .text.SystemInit
                0x080015cc       0x24 ./Core/Src/system_stm32f4xx.o
                0x080015cc                SystemInit
 .text.Reset_Handler
                0x080015f0       0x50 ./Core/Startup/startup_stm32f446retx.o
                0x080015f0                Reset_Handler
 .text.Default_Handler
                0x08001640        0x2 ./Core/Startup/startup_stm32f446retx.o
                0x08001640                RTC_Alarm_IRQHandler
                0x08001640                EXTI2_IRQHandler
                0x08001640                TIM8_CC_IRQHandler
                0x08001640                FMPI2C1_EV_IRQHandler
                0x08001640                SPI4_IRQHandler
                0x08001640                TIM1_CC_IRQHandler
                0x08001640                DMA2_Stream5_IRQHandler
                0x08001640                DMA1_Stream5_IRQHandler
                0x08001640                PVD_IRQHandler
                0x08001640                SDIO_IRQHandler
                0x08001640                TAMP_STAMP_IRQHandler
                0x08001640                CAN2_RX1_IRQHandler
                0x08001640                EXTI3_IRQHandler
                0x08001640                TIM8_TRG_COM_TIM14_IRQHandler
                0x08001640                TIM1_UP_TIM10_IRQHandler
                0x08001640                TIM8_UP_TIM13_IRQHandler
                0x08001640                I2C3_ER_IRQHandler
                0x08001640                EXTI0_IRQHandler
                0x08001640                I2C2_EV_IRQHandler
                0x08001640                DMA1_Stream2_IRQHandler
                0x08001640                CAN1_RX0_IRQHandler
                0x08001640                FPU_IRQHandler
                0x08001640                OTG_HS_WKUP_IRQHandler
                0x08001640                CAN2_SCE_IRQHandler
                0x08001640                DMA2_Stream2_IRQHandler
                0x08001640                SPI1_IRQHandler
                0x08001640                TIM6_DAC_IRQHandler
                0x08001640                TIM1_BRK_TIM9_IRQHandler
                0x08001640                DCMI_IRQHandler
                0x08001640                CAN2_RX0_IRQHandler
                0x08001640                DMA2_Stream3_IRQHandler
                0x08001640                SAI2_IRQHandler
                0x08001640                USART6_IRQHandler
                0x08001640                USART3_IRQHandler
                0x08001640                CAN1_RX1_IRQHandler
                0x08001640                UART5_IRQHandler
                0x08001640                DMA2_Stream0_IRQHandler
                0x08001640                TIM4_IRQHandler
                0x08001640                QUADSPI_IRQHandler
                0x08001640                I2C1_EV_IRQHandler
                0x08001640                DMA1_Stream6_IRQHandler
                0x08001640                DMA1_Stream1_IRQHandler
                0x08001640                UART4_IRQHandler
                0x08001640                TIM3_IRQHandler
                0x08001640                RCC_IRQHandler
                0x08001640                TIM8_BRK_TIM12_IRQHandler
                0x08001640                Default_Handler
                0x08001640                CEC_IRQHandler
                0x08001640                EXTI15_10_IRQHandler
                0x08001640                ADC_IRQHandler
                0x08001640                DMA1_Stream7_IRQHandler
                0x08001640                TIM7_IRQHandler
                0x08001640                CAN2_TX_IRQHandler
                0x08001640                TIM5_IRQHandler
                0x08001640                DMA2_Stream7_IRQHandler
                0x08001640                I2C3_EV_IRQHandler
                0x08001640                EXTI9_5_IRQHandler
                0x08001640                RTC_WKUP_IRQHandler
                0x08001640                SPDIF_RX_IRQHandler
                0x08001640                SPI2_IRQHandler
                0x08001640                OTG_HS_EP1_IN_IRQHandler
                0x08001640                DMA1_Stream0_IRQHandler
                0x08001640                CAN1_TX_IRQHandler
                0x08001640                FMPI2C1_ER_IRQHandler
                0x08001640                EXTI4_IRQHandler
                0x08001640                OTG_HS_EP1_OUT_IRQHandler
                0x08001640                WWDG_IRQHandler
                0x08001640                TIM2_IRQHandler
                0x08001640                OTG_FS_WKUP_IRQHandler
                0x08001640                TIM1_TRG_COM_TIM11_IRQHandler
                0x08001640                OTG_HS_IRQHandler
                0x08001640                EXTI1_IRQHandler
                0x08001640                USART2_IRQHandler
                0x08001640                I2C2_ER_IRQHandler
                0x08001640                DMA2_Stream1_IRQHandler
                0x08001640                CAN1_SCE_IRQHandler
                0x08001640                FLASH_IRQHandler
                0x08001640                DMA2_Stream4_IRQHandler
                0x08001640                USART1_IRQHandler
                0x08001640                OTG_FS_IRQHandler
                0x08001640                SPI3_IRQHandler
                0x08001640                DMA1_Stream4_IRQHandler
                0x08001640                I2C1_ER_IRQHandler
                0x08001640                FMC_IRQHandler
                0x08001640                DMA2_Stream6_IRQHandler
                0x08001640                SAI1_IRQHandler
                0x08001640                DMA1_Stream3_IRQHandler
 *fill*         0x08001642        0x2 
 .text.HAL_Init
                0x08001644       0x44 ./Drivers/STM32F4xx_HAL_Driver/Src/stm32f4xx_hal.o
                0x08001644                HAL_Init
 .text.HAL_InitTick
                0x08001688       0x60 ./Drivers/STM32F4xx_HAL_Driver/Src/stm32f4xx_hal.o
                0x08001688                HAL_InitTick
 .text.HAL_IncTick
                0x080016e8       0x28 ./Drivers/STM32F4xx_HAL_Driver/Src/stm32f4xx_hal.o
                0x080016e8                HAL_IncTick
 .text.HAL_GetTick
                0x08001710       0x18 ./Drivers/STM32F4xx_HAL_Driver/Src/stm32f4xx_hal.o
                0x08001710                HAL_GetTick
 .text.__NVIC_SetPriorityGrouping
                0x08001728       0x48 ./Drivers/STM32F4xx_HAL_Driver/Src/stm32f4xx_hal_cortex.o
 .text.__NVIC_GetPriorityGrouping
                0x08001770       0x1c ./Drivers/STM32F4xx_HAL_Driver/Src/stm32f4xx_hal_cortex.o
 .text.__NVIC_SetPriority
                0x0800178c       0x54 ./Drivers/STM32F4xx_HAL_Driver/Src/stm32f4xx_hal_cortex.o
 .text.NVIC_EncodePriority
                0x080017e0       0x66 ./Drivers/STM32F4xx_HAL_Driver/Src/stm32f4xx_hal_cortex.o
 *fill*         0x08001846        0x2 
 .text.SysTick_Config
                0x08001848       0x44 ./Drivers/STM32F4xx_HAL_Driver/Src/stm32f4xx_hal_cortex.o
 .text.HAL_NVIC_SetPriorityGrouping
                0x0800188c       0x16 ./Drivers/STM32F4xx_HAL_Driver/Src/stm32f4xx_hal_cortex.o
                0x0800188c                HAL_NVIC_SetPriorityGrouping
 .text.HAL_NVIC_SetPriority
                0x080018a2       0x38 ./Drivers/STM32F4xx_HAL_Driver/Src/stm32f4xx_hal_cortex.o
                0x080018a2                HAL_NVIC_SetPriority
 .text.HAL_SYSTICK_Config
                0x080018da       0x18 ./Drivers/STM32F4xx_HAL_Driver/Src/stm32f4xx_hal_cortex.o
                0x080018da                HAL_SYSTICK_Config
 *fill*         0x080018f2        0x2 
 .text.HAL_GPIO_Init
                0x080018f4      0x328 ./Drivers/STM32F4xx_HAL_Driver/Src/stm32f4xx_hal_gpio.o
                0x080018f4                HAL_GPIO_Init
 .text.HAL_GPIO_WritePin
                0x08001c1c       0x32 ./Drivers/STM32F4xx_HAL_Driver/Src/stm32f4xx_hal_gpio.o
                0x08001c1c                HAL_GPIO_WritePin
 *fill*         0x08001c4e        0x2 
 .text.HAL_PWREx_EnableOverDrive
                0x08001c50       0xa0 ./Drivers/STM32F4xx_HAL_Driver/Src/stm32f4xx_hal_pwr_ex.o
                0x08001c50                HAL_PWREx_EnableOverDrive
 .text.HAL_RCC_ClockConfig
                0x08001cf0      0x1cc ./Drivers/STM32F4xx_HAL_Driver/Src/stm32f4xx_hal_rcc.o
                0x08001cf0                HAL_RCC_ClockConfig
 .text.HAL_RCC_GetHCLKFreq
                0x08001ebc       0x18 ./Drivers/STM32F4xx_HAL_Driver/Src/stm32f4xx_hal_rcc.o
                0x08001ebc                HAL_RCC_GetHCLKFreq
 .text.HAL_RCC_GetPCLK1Freq
                0x08001ed4       0x28 ./Drivers/STM32F4xx_HAL_Driver/Src/stm32f4xx_hal_rcc.o
                0x08001ed4                HAL_RCC_GetPCLK1Freq
 .text.HAL_RCC_GetPCLK2Freq
                0x08001efc       0x28 ./Drivers/STM32F4xx_HAL_Driver/Src/stm32f4xx_hal_rcc.o
                0x08001efc                HAL_RCC_GetPCLK2Freq
 .text.HAL_RCC_GetSysClockFreq
                0x08001f24      0x460 ./Drivers/STM32F4xx_HAL_Driver/Src/stm32f4xx_hal_rcc_ex.o
                0x08001f24                HAL_RCC_GetSysClockFreq
 .text.HAL_RCC_OscConfig
                0x08002384      0x53c ./Drivers/STM32F4xx_HAL_Driver/Src/stm32f4xx_hal_rcc_ex.o
                0x08002384                HAL_RCC_OscConfig
 .text.HAL_UART_Init
                0x080028c0       0xa0 ./Drivers/STM32F4xx_HAL_Driver/Src/stm32f4xx_hal_uart.o
                0x080028c0                HAL_UART_Init
 .text.HAL_UART_Transmit
                0x08002960      0x116 ./Drivers/STM32F4xx_HAL_Driver/Src/stm32f4xx_hal_uart.o
                0x08002960                HAL_UART_Transmit
 .text.UART_WaitOnFlagUntilTimeout
                0x08002a76       0xb2 ./Drivers/STM32F4xx_HAL_Driver/Src/stm32f4xx_hal_uart.o
 .text.UART_EndRxTransfer
                0x08002b28       0xc6 ./Drivers/STM32F4xx_HAL_Driver/Src/stm32f4xx_hal_uart.o
 *fill*         0x08002bee        0x2 
 .text.UART_SetConfig
                0x08002bf0      0x4e8 ./Drivers/STM32F4xx_HAL_Driver/Src/stm32f4xx_hal_uart.o
 .text.ai_log_err
                0x080030d8       0x44 ./X-CUBE-AI/App/app_x-cube-ai.o
 .text.ai_boostrap
                0x0800311c       0xc8 ./X-CUBE-AI/App/app_x-cube-ai.o
 .text.MX_X_CUBE_AI_Init
                0x080031e4       0x1c ./X-CUBE-AI/App/app_x-cube-ai.o
                0x080031e4                MX_X_CUBE_AI_Init
 .text.sine_model_configure_activations
                0x08003200       0xc0 ./X-CUBE-AI/App/sine_model.o
 .text.sine_model_configure_weights
                0x080032c0      0x118 ./X-CUBE-AI/App/sine_model.o
 .text.ai_sine_model_get_report
                0x080033d8       0xd8 ./X-CUBE-AI/App/sine_model.o
                0x080033d8                ai_sine_model_get_report
 .text.ai_sine_model_get_error
                0x080034b0       0x18 ./X-CUBE-AI/App/sine_model.o
                0x080034b0                ai_sine_model_get_error
 .text.ai_sine_model_create
                0x080034c8       0x2c ./X-CUBE-AI/App/sine_model.o
                0x080034c8                ai_sine_model_create
 .text.ai_sine_model_create_and_init
                0x080034f4       0xfc ./X-CUBE-AI/App/sine_model.o
                0x080034f4                ai_sine_model_create_and_init
 .text.ai_sine_model_inputs_get
                0x080035f0       0x34 ./X-CUBE-AI/App/sine_model.o
                0x080035f0                ai_sine_model_inputs_get
 .text.ai_sine_model_outputs_get
                0x08003624       0x34 ./X-CUBE-AI/App/sine_model.o
                0x08003624                ai_sine_model_outputs_get
 .text.ai_sine_model_init
                0x08003658       0x78 ./X-CUBE-AI/App/sine_model.o
                0x08003658                ai_sine_model_init
 .text.ai_sine_model_run
                0x080036d0       0x20 ./X-CUBE-AI/App/sine_model.o
                0x080036d0                ai_sine_model_run
 .text.ai_sine_model_data_params_get
                0x080036f0       0x50 ./X-CUBE-AI/App/sine_model_data.o
                0x080036f0                ai_sine_model_data_params_get
 .text.ai_buffer_get_size
                0x08003740       0x68 ../Middlewares/ST/AI/Lib/NetworkRuntime900_CM4_GCC.a(ai_platform.o)
                0x08003740                ai_buffer_get_size
 .text.ai_buffer_array_sane
                0x080037a8       0x14 ../Middlewares/ST/AI/Lib/NetworkRuntime900_CM4_GCC.a(ai_platform.o)
                0x080037a8                ai_buffer_array_sane
 .text.ai_buffer_array_item_set_address
                0x080037bc       0x20 ../Middlewares/ST/AI/Lib/NetworkRuntime900_CM4_GCC.a(ai_platform.o)
                0x080037bc                ai_buffer_array_item_set_address
 .text.ai_platform_get_weights_map
                0x080037dc       0xa8 ../Middlewares/ST/AI/Lib/NetworkRuntime900_CM4_GCC.a(ai_platform_interface.o)
                0x080037dc                ai_platform_get_weights_map
 .text.ai_platform_get_activations_map
                0x08003884       0xa8 ../Middlewares/ST/AI/Lib/NetworkRuntime900_CM4_GCC.a(ai_platform_interface.o)
                0x08003884                ai_platform_get_activations_map
 .text.ai_platform_bind_network_params
                0x0800392c       0x44 ../Middlewares/ST/AI/Lib/NetworkRuntime900_CM4_GCC.a(ai_platform_interface.o)
                0x0800392c                ai_platform_bind_network_params
 .text.ai_platform_runtime_get_revision
                0x08003970        0x8 ../Middlewares/ST/AI/Lib/NetworkRuntime900_CM4_GCC.a(ai_platform_interface.o)
                0x08003970                ai_platform_runtime_get_revision
 .text.ai_platform_runtime_get_version
                0x08003978        0x8 ../Middlewares/ST/AI/Lib/NetworkRuntime900_CM4_GCC.a(ai_platform_interface.o)
                0x08003978                ai_platform_runtime_get_version
 .text.ai_platform_api_get_version
                0x08003980       0x2c ../Middlewares/ST/AI/Lib/NetworkRuntime900_CM4_GCC.a(ai_platform_interface.o)
                0x08003980                ai_platform_api_get_version
 .text.ai_platform_interface_api_get_version
                0x080039ac       0x2c ../Middlewares/ST/AI/Lib/NetworkRuntime900_CM4_GCC.a(ai_platform_interface.o)
                0x080039ac                ai_platform_interface_api_get_version
 .text.ai_platform_context_acquire
                0x080039d8       0x10 ../Middlewares/ST/AI/Lib/NetworkRuntime900_CM4_GCC.a(ai_platform_interface.o)
                0x080039d8                ai_platform_context_acquire
 .text.ai_platform_network_get_error
                0x080039e8       0x18 ../Middlewares/ST/AI/Lib/NetworkRuntime900_CM4_GCC.a(ai_platform_interface.o)
                0x080039e8                ai_platform_network_get_error
 .text.ai_platform_network_set_error
                0x08003a00        0xc ../Middlewares/ST/AI/Lib/NetworkRuntime900_CM4_GCC.a(ai_platform_interface.o)
                0x08003a00                ai_platform_network_set_error
 .text.ai_platform_inputs_get
                0x08003a0c       0xec ../Middlewares/ST/AI/Lib/NetworkRuntime900_CM4_GCC.a(ai_platform_interface.o)
                0x08003a0c                ai_platform_inputs_get
 .text.ai_platform_outputs_get
                0x08003af8       0xe8 ../Middlewares/ST/AI/Lib/NetworkRuntime900_CM4_GCC.a(ai_platform_interface.o)
                0x08003af8                ai_platform_outputs_get
 .text.ai_platform_api_get_network_report
                0x08003be0      0x35c ../Middlewares/ST/AI/Lib/NetworkRuntime900_CM4_GCC.a(ai_platform_interface.o)
                0x08003be0                ai_platform_api_get_network_report
 .text.ai_platform_network_create
                0x08003f3c       0x84 ../Middlewares/ST/AI/Lib/NetworkRuntime900_CM4_GCC.a(ai_platform_interface.o)
                0x08003f3c                ai_platform_network_create
 .text.ai_platform_network_init
                0x08003fc0      0x19c ../Middlewares/ST/AI/Lib/NetworkRuntime900_CM4_GCC.a(ai_platform_interface.o)
                0x08003fc0                ai_platform_network_init
 .text.ai_platform_network_post_init
                0x0800415c       0x60 ../Middlewares/ST/AI/Lib/NetworkRuntime900_CM4_GCC.a(ai_platform_interface.o)
                0x0800415c                ai_platform_network_post_init
 .text.ai_platform_network_process
                0x080041bc      0x480 ../Middlewares/ST/AI/Lib/NetworkRuntime900_CM4_GCC.a(ai_platform_interface.o)
                0x080041bc                ai_platform_network_process
 .text.core_init
                0x0800463c        0x4 ../Middlewares/ST/AI/Lib/NetworkRuntime900_CM4_GCC.a(core_common.o)
                0x0800463c                core_init
 .text.core_get_error
                0x08004640        0xc ../Middlewares/ST/AI/Lib/NetworkRuntime900_CM4_GCC.a(core_common.o)
                0x08004640                core_get_error
 .text.core_set_error
                0x0800464c       0x18 ../Middlewares/ST/AI/Lib/NetworkRuntime900_CM4_GCC.a(core_common.o)
                0x0800464c                core_set_error
 .text.ai_check_custom_types
                0x08004664       0x54 ../Middlewares/ST/AI/Lib/NetworkRuntime900_CM4_GCC.a(layers.o)
                0x08004664                ai_check_custom_types
 .text.ai_layers_init_all
                0x080046b8       0x1c ../Middlewares/ST/AI/Lib/NetworkRuntime900_CM4_GCC.a(layers.o)
                0x080046b8                ai_layers_init_all
 .text.ai_layers_post_init_all
                0x080046d4       0x28 ../Middlewares/ST/AI/Lib/NetworkRuntime900_CM4_GCC.a(layers.o)
                0x080046d4                ai_layers_post_init_all
 .text.ai_layers_forward_all
                0x080046fc       0x94 ../Middlewares/ST/AI/Lib/NetworkRuntime900_CM4_GCC.a(layers.o)
                0x080046fc                ai_layers_forward_all
 .text.forward_dense
                0x08004790      0x3e0 ../Middlewares/ST/AI/Lib/NetworkRuntime900_CM4_GCC.a(layers_conv2d_generic_float.o)
                0x08004790                forward_dense
 .text.forward_relu
                0x08004b70      0x138 ../Middlewares/ST/AI/Lib/NetworkRuntime900_CM4_GCC.a(layers_nl_generic_float.o)
                0x08004b70                forward_relu
 .text.forward_lite_nl_relu_generic_if32of32_kernel
                0x08004ca8       0xfc ../Middlewares/ST/AI/Lib/NetworkRuntime900_CM4_GCC.a(lite_nl_relu_if32of32.o)
                0x08004ca8                forward_lite_nl_relu_generic_if32of32_kernel
 .text.forward_lite_dense_if32of32wf32
                0x08004da4      0x2b4 ../Middlewares/ST/AI/Lib/NetworkRuntime900_CM4_GCC.a(lite_dense_if32.o)
                0x08004da4                forward_lite_dense_if32of32wf32
 .text.st_int8_copy
                0x08005058      0x10c ../Middlewares/ST/AI/Lib/NetworkRuntime900_CM4_GCC.a(st_int8_fill.o)
                0x08005058                st_int8_copy
 .text.ai_array_to_buffer_fmt
                0x08005164       0xe0 ../Middlewares/ST/AI/Lib/NetworkRuntime900_CM4_GCC.a(ai_datatypes_format.o)
                0x08005164                ai_array_to_buffer_fmt
 .text.ai_array_get_byte_size
                0x08005244       0x50 ../Middlewares/ST/AI/Lib/NetworkRuntime900_CM4_GCC.a(ai_datatypes_format.o)
                0x08005244                ai_array_get_byte_size
 .text.ai_array_get_data_byte_size
                0x08005294       0x24 ../Middlewares/ST/AI/Lib/NetworkRuntime900_CM4_GCC.a(ai_datatypes_format.o)
                0x08005294                ai_array_get_data_byte_size
 .text.ai_version_get
                0x080052b8        0xc ../Middlewares/ST/AI/Lib/NetworkRuntime900_CM4_GCC.a(ai_datatypes_internal.o)
                0x080052b8                ai_version_get
 .text.ai_platform_version_get
                0x080052c4       0x24 ../Middlewares/ST/AI/Lib/NetworkRuntime900_CM4_GCC.a(ai_datatypes_internal.o)
                0x080052c4                ai_platform_version_get
 .text.get_tensor_byte_size
                0x080052e8       0x30 ../Middlewares/ST/AI/Lib/NetworkRuntime900_CM4_GCC.a(ai_datatypes_internal.o)
                0x080052e8                get_tensor_byte_size
 .text.malloc   0x08005318       0x10 /opt/st/stm32cubeide_1.13.2/plugins/com.st.stm32cube.ide.mcu.externaltools.gnu-tools-for-stm32.12.3.rel1.linux64_1.0.200.202406132123/tools/bin/../lib/gcc/arm-none-eabi/12.3.1/../../../../arm-none-eabi/lib/thumb/v7e-m+fp/hard/libc_nano.a(libc_a-malloc.o)
                0x08005318                malloc
 .text.sbrk_aligned
                0x08005328       0x44 /opt/st/stm32cubeide_1.13.2/plugins/com.st.stm32cube.ide.mcu.externaltools.gnu-tools-for-stm32.12.3.rel1.linux64_1.0.200.202406132123/tools/bin/../lib/gcc/arm-none-eabi/12.3.1/../../../../arm-none-eabi/lib/thumb/v7e-m+fp/hard/libc_nano.a(libc_a-mallocr.o)
 .text._malloc_r
                0x0800536c      0x100 /opt/st/stm32cubeide_1.13.2/plugins/com.st.stm32cube.ide.mcu.externaltools.gnu-tools-for-stm32.12.3.rel1.linux64_1.0.200.202406132123/tools/bin/../lib/gcc/arm-none-eabi/12.3.1/../../../../arm-none-eabi/lib/thumb/v7e-m+fp/hard/libc_nano.a(libc_a-mallocr.o)
                0x0800536c                _malloc_r
 .text.__malloc_lock
                0x0800546c        0xc /opt/st/stm32cubeide_1.13.2/plugins/com.st.stm32cube.ide.mcu.externaltools.gnu-tools-for-stm32.12.3.rel1.linux64_1.0.200.202406132123/tools/bin/../lib/gcc/arm-none-eabi/12.3.1/../../../../arm-none-eabi/lib/thumb/v7e-m+fp/hard/libc_nano.a(libc_a-mlock.o)
                0x0800546c                __malloc_lock
 .text.__malloc_unlock
                0x08005478        0xc /opt/st/stm32cubeide_1.13.2/plugins/com.st.stm32cube.ide.mcu.externaltools.gnu-tools-for-stm32.12.3.rel1.linux64_1.0.200.202406132123/tools/bin/../lib/gcc/arm-none-eabi/12.3.1/../../../../arm-none-eabi/lib/thumb/v7e-m+fp/hard/libc_nano.a(libc_a-mlock.o)
                0x08005478                __malloc_unlock
 .text._realloc_r
                0x08005484       0x5c /opt/st/stm32cubeide_1.13.2/plugins/com.st.stm32cube.ide.mcu.externaltools.gnu-tools-for-stm32.12.3.rel1.linux64_1.0.200.202406132123/tools/bin/../lib/gcc/arm-none-eabi/12.3.1/../../../../arm-none-eabi/lib/thumb/v7e-m+fp/hard/libc_nano.a(libc_a-reallocr.o)
                0x08005484                _realloc_r
 .text.__cvt    0x080054e0       0xca /opt/st/stm32cubeide_1.13.2/plugins/com.st.stm32cube.ide.mcu.externaltools.gnu-tools-for-stm32.12.3.rel1.linux64_1.0.200.202406132123/tools/bin/../lib/gcc/arm-none-eabi/12.3.1/../../../../arm-none-eabi/lib/thumb/v7e-m+fp/hard/libc_nano.a(libc_a-nano-vfprintf_float.o)
                0x080054e0                __cvt
 .text.__exponent
                0x080055aa       0x74 /opt/st/stm32cubeide_1.13.2/plugins/com.st.stm32cube.ide.mcu.externaltools.gnu-tools-for-stm32.12.3.rel1.linux64_1.0.200.202406132123/tools/bin/../lib/gcc/arm-none-eabi/12.3.1/../../../../arm-none-eabi/lib/thumb/v7e-m+fp/hard/libc_nano.a(libc_a-nano-vfprintf_float.o)
                0x080055aa                __exponent
 *fill*         0x0800561e        0x2 
 .text._printf_float
                0x08005620      0x454 /opt/st/stm32cubeide_1.13.2/plugins/com.st.stm32cube.ide.mcu.externaltools.gnu-tools-for-stm32.12.3.rel1.linux64_1.0.200.202406132123/tools/bin/../lib/gcc/arm-none-eabi/12.3.1/../../../../arm-none-eabi/lib/thumb/v7e-m+fp/hard/libc_nano.a(libc_a-nano-vfprintf_float.o)
                0x08005620                _printf_float
 .text._printf_common
                0x08005a74       0xda /opt/st/stm32cubeide_1.13.2/plugins/com.st.stm32cube.ide.mcu.externaltools.gnu-tools-for-stm32.12.3.rel1.linux64_1.0.200.202406132123/tools/bin/../lib/gcc/arm-none-eabi/12.3.1/../../../../arm-none-eabi/lib/thumb/v7e-m+fp/hard/libc_nano.a(libc_a-nano-vfprintf_i.o)
                0x08005a74                _printf_common
 *fill*         0x08005b4e        0x2 
 .text._printf_i
                0x08005b50      0x240 /opt/st/stm32cubeide_1.13.2/plugins/com.st.stm32cube.ide.mcu.externaltools.gnu-tools-for-stm32.12.3.rel1.linux64_1.0.200.202406132123/tools/bin/../lib/gcc/arm-none-eabi/12.3.1/../../../../arm-none-eabi/lib/thumb/v7e-m+fp/hard/libc_nano.a(libc_a-nano-vfprintf_i.o)
                0x08005b50                _printf_i
 .text.std      0x08005d90       0x6c /opt/st/stm32cubeide_1.13.2/plugins/com.st.stm32cube.ide.mcu.externaltools.gnu-tools-for-stm32.12.3.rel1.linux64_1.0.200.202406132123/tools/bin/../lib/gcc/arm-none-eabi/12.3.1/../../../../arm-none-eabi/lib/thumb/v7e-m+fp/hard/libc_nano.a(libc_a-findfp.o)
 .text.stdio_exit_handler
                0x08005dfc       0x18 /opt/st/stm32cubeide_1.13.2/plugins/com.st.stm32cube.ide.mcu.externaltools.gnu-tools-for-stm32.12.3.rel1.linux64_1.0.200.202406132123/tools/bin/../lib/gcc/arm-none-eabi/12.3.1/../../../../arm-none-eabi/lib/thumb/v7e-m+fp/hard/libc_nano.a(libc_a-findfp.o)
 .text.cleanup_stdio
                0x08005e14       0x40 /opt/st/stm32cubeide_1.13.2/plugins/com.st.stm32cube.ide.mcu.externaltools.gnu-tools-for-stm32.12.3.rel1.linux64_1.0.200.202406132123/tools/bin/../lib/gcc/arm-none-eabi/12.3.1/../../../../arm-none-eabi/lib/thumb/v7e-m+fp/hard/libc_nano.a(libc_a-findfp.o)
 .text.global_stdio_init.part.0
                0x08005e54       0x3c /opt/st/stm32cubeide_1.13.2/plugins/com.st.stm32cube.ide.mcu.externaltools.gnu-tools-for-stm32.12.3.rel1.linux64_1.0.200.202406132123/tools/bin/../lib/gcc/arm-none-eabi/12.3.1/../../../../arm-none-eabi/lib/thumb/v7e-m+fp/hard/libc_nano.a(libc_a-findfp.o)
 .text.__sfp_lock_acquire
                0x08005e90        0xc /opt/st/stm32cubeide_1.13.2/plugins/com.st.stm32cube.ide.mcu.externaltools.gnu-tools-for-stm32.12.3.rel1.linux64_1.0.200.202406132123/tools/bin/../lib/gcc/arm-none-eabi/12.3.1/../../../../arm-none-eabi/lib/thumb/v7e-m+fp/hard/libc_nano.a(libc_a-findfp.o)
                0x08005e90                __sfp_lock_acquire
 .text.__sfp_lock_release
                0x08005e9c        0xc /opt/st/stm32cubeide_1.13.2/plugins/com.st.stm32cube.ide.mcu.externaltools.gnu-tools-for-stm32.12.3.rel1.linux64_1.0.200.202406132123/tools/bin/../lib/gcc/arm-none-eabi/12.3.1/../../../../arm-none-eabi/lib/thumb/v7e-m+fp/hard/libc_nano.a(libc_a-findfp.o)
                0x08005e9c                __sfp_lock_release
 .text.__sinit  0x08005ea8       0x30 /opt/st/stm32cubeide_1.13.2/plugins/com.st.stm32cube.ide.mcu.externaltools.gnu-tools-for-stm32.12.3.rel1.linux64_1.0.200.202406132123/tools/bin/../lib/gcc/arm-none-eabi/12.3.1/../../../../arm-none-eabi/lib/thumb/v7e-m+fp/hard/libc_nano.a(libc_a-findfp.o)
                0x08005ea8                __sinit
 .text._fwalk_sglue
                0x08005ed8       0x3c /opt/st/stm32cubeide_1.13.2/plugins/com.st.stm32cube.ide.mcu.externaltools.gnu-tools-for-stm32.12.3.rel1.linux64_1.0.200.202406132123/tools/bin/../lib/gcc/arm-none-eabi/12.3.1/../../../../arm-none-eabi/lib/thumb/v7e-m+fp/hard/libc_nano.a(libc_a-fwalk.o)
                0x08005ed8                _fwalk_sglue
 .text.printf   0x08005f14       0x24 /opt/st/stm32cubeide_1.13.2/plugins/com.st.stm32cube.ide.mcu.externaltools.gnu-tools-for-stm32.12.3.rel1.linux64_1.0.200.202406132123/tools/bin/../lib/gcc/arm-none-eabi/12.3.1/../../../../arm-none-eabi/lib/thumb/v7e-m+fp/hard/libc_nano.a(libc_a-printf.o)
                0x08005f14                printf
                0x08005f14                iprintf
 .text._puts_r  0x08005f38       0xaa /opt/st/stm32cubeide_1.13.2/plugins/com.st.stm32cube.ide.mcu.externaltools.gnu-tools-for-stm32.12.3.rel1.linux64_1.0.200.202406132123/tools/bin/../lib/gcc/arm-none-eabi/12.3.1/../../../../arm-none-eabi/lib/thumb/v7e-m+fp/hard/libc_nano.a(libc_a-puts.o)
                0x08005f38                _puts_r
 *fill*         0x08005fe2        0x2 
 .text.puts     0x08005fe4       0x10 /opt/st/stm32cubeide_1.13.2/plugins/com.st.stm32cube.ide.mcu.externaltools.gnu-tools-for-stm32.12.3.rel1.linux64_1.0.200.202406132123/tools/bin/../lib/gcc/arm-none-eabi/12.3.1/../../../../arm-none-eabi/lib/thumb/v7e-m+fp/hard/libc_nano.a(libc_a-puts.o)
                0x08005fe4                puts
 .text.sprintf  0x08005ff4       0x40 /opt/st/stm32cubeide_1.13.2/plugins/com.st.stm32cube.ide.mcu.externaltools.gnu-tools-for-stm32.12.3.rel1.linux64_1.0.200.202406132123/tools/bin/../lib/gcc/arm-none-eabi/12.3.1/../../../../arm-none-eabi/lib/thumb/v7e-m+fp/hard/libc_nano.a(libc_a-sprintf.o)
                0x08005ff4                sprintf
                0x08005ff4                siprintf
 .text.__sread  0x08006034       0x22 /opt/st/stm32cubeide_1.13.2/plugins/com.st.stm32cube.ide.mcu.externaltools.gnu-tools-for-stm32.12.3.rel1.linux64_1.0.200.202406132123/tools/bin/../lib/gcc/arm-none-eabi/12.3.1/../../../../arm-none-eabi/lib/thumb/v7e-m+fp/hard/libc_nano.a(libc_a-stdio.o)
                0x08006034                __sread
 .text.__swrite
                0x08006056       0x38 /opt/st/stm32cubeide_1.13.2/plugins/com.st.stm32cube.ide.mcu.externaltools.gnu-tools-for-stm32.12.3.rel1.linux64_1.0.200.202406132123/tools/bin/../lib/gcc/arm-none-eabi/12.3.1/../../../../arm-none-eabi/lib/thumb/v7e-m+fp/hard/libc_nano.a(libc_a-stdio.o)
                0x08006056                __swrite
 .text.__sseek  0x0800608e       0x24 /opt/st/stm32cubeide_1.13.2/plugins/com.st.stm32cube.ide.mcu.externaltools.gnu-tools-for-stm32.12.3.rel1.linux64_1.0.200.202406132123/tools/bin/../lib/gcc/arm-none-eabi/12.3.1/../../../../arm-none-eabi/lib/thumb/v7e-m+fp/hard/libc_nano.a(libc_a-stdio.o)
                0x0800608e                __sseek
 .text.__sclose
                0x080060b2        0x8 /opt/st/stm32cubeide_1.13.2/plugins/com.st.stm32cube.ide.mcu.externaltools.gnu-tools-for-stm32.12.3.rel1.linux64_1.0.200.202406132123/tools/bin/../lib/gcc/arm-none-eabi/12.3.1/../../../../arm-none-eabi/lib/thumb/v7e-m+fp/hard/libc_nano.a(libc_a-stdio.o)
                0x080060b2                __sclose
 .text.__swbuf_r
                0x080060ba       0x7c /opt/st/stm32cubeide_1.13.2/plugins/com.st.stm32cube.ide.mcu.externaltools.gnu-tools-for-stm32.12.3.rel1.linux64_1.0.200.202406132123/tools/bin/../lib/gcc/arm-none-eabi/12.3.1/../../../../arm-none-eabi/lib/thumb/v7e-m+fp/hard/libc_nano.a(libc_a-wbuf.o)
                0x080060ba                __swbuf_r
 *fill*         0x08006136        0x2 
 .text.__swsetup_r
                0x08006138       0xac /opt/st/stm32cubeide_1.13.2/plugins/com.st.stm32cube.ide.mcu.externaltools.gnu-tools-for-stm32.12.3.rel1.linux64_1.0.200.202406132123/tools/bin/../lib/gcc/arm-none-eabi/12.3.1/../../../../arm-none-eabi/lib/thumb/v7e-m+fp/hard/libc_nano.a(libc_a-wsetup.o)
                0x08006138                __swsetup_r
 .text.memset   0x080061e4       0x10 /opt/st/stm32cubeide_1.13.2/plugins/com.st.stm32cube.ide.mcu.externaltools.gnu-tools-for-stm32.12.3.rel1.linux64_1.0.200.202406132123/tools/bin/../lib/gcc/arm-none-eabi/12.3.1/../../../../arm-none-eabi/lib/thumb/v7e-m+fp/hard/libc_nano.a(libc_a-memset.o)
                0x080061e4                memset
 .text._localeconv_r
                0x080061f4        0x8 /opt/st/stm32cubeide_1.13.2/plugins/com.st.stm32cube.ide.mcu.externaltools.gnu-tools-for-stm32.12.3.rel1.linux64_1.0.200.202406132123/tools/bin/../lib/gcc/arm-none-eabi/12.3.1/../../../../arm-none-eabi/lib/thumb/v7e-m+fp/hard/libc_nano.a(libc_a-localeconv.o)
                0x080061f4                _localeconv_r
 .text._close_r
                0x080061fc       0x20 /opt/st/stm32cubeide_1.13.2/plugins/com.st.stm32cube.ide.mcu.externaltools.gnu-tools-for-stm32.12.3.rel1.linux64_1.0.200.202406132123/tools/bin/../lib/gcc/arm-none-eabi/12.3.1/../../../../arm-none-eabi/lib/thumb/v7e-m+fp/hard/libc_nano.a(libc_a-closer.o)
                0x080061fc                _close_r
 .text._lseek_r
                0x0800621c       0x24 /opt/st/stm32cubeide_1.13.2/plugins/com.st.stm32cube.ide.mcu.externaltools.gnu-tools-for-stm32.12.3.rel1.linux64_1.0.200.202406132123/tools/bin/../lib/gcc/arm-none-eabi/12.3.1/../../../../arm-none-eabi/lib/thumb/v7e-m+fp/hard/libc_nano.a(libc_a-lseekr.o)
                0x0800621c                _lseek_r
 .text._read_r  0x08006240       0x24 /opt/st/stm32cubeide_1.13.2/plugins/com.st.stm32cube.ide.mcu.externaltools.gnu-tools-for-stm32.12.3.rel1.linux64_1.0.200.202406132123/tools/bin/../lib/gcc/arm-none-eabi/12.3.1/../../../../arm-none-eabi/lib/thumb/v7e-m+fp/hard/libc_nano.a(libc_a-readr.o)
                0x08006240                _read_r
 .text._sbrk_r  0x08006264       0x20 /opt/st/stm32cubeide_1.13.2/plugins/com.st.stm32cube.ide.mcu.externaltools.gnu-tools-for-stm32.12.3.rel1.linux64_1.0.200.202406132123/tools/bin/../lib/gcc/arm-none-eabi/12.3.1/../../../../arm-none-eabi/lib/thumb/v7e-m+fp/hard/libc_nano.a(libc_a-sbrkr.o)
                0x08006264                _sbrk_r
 .text._write_r
                0x08006284       0x24 /opt/st/stm32cubeide_1.13.2/plugins/com.st.stm32cube.ide.mcu.externaltools.gnu-tools-for-stm32.12.3.rel1.linux64_1.0.200.202406132123/tools/bin/../lib/gcc/arm-none-eabi/12.3.1/../../../../arm-none-eabi/lib/thumb/v7e-m+fp/hard/libc_nano.a(libc_a-writer.o)
                0x08006284                _write_r
 .text.__errno  0x080062a8        0xc /opt/st/stm32cubeide_1.13.2/plugins/com.st.stm32cube.ide.mcu.externaltools.gnu-tools-for-stm32.12.3.rel1.linux64_1.0.200.202406132123/tools/bin/../lib/gcc/arm-none-eabi/12.3.1/../../../../arm-none-eabi/lib/thumb/v7e-m+fp/hard/libc_nano.a(libc_a-errno.o)
                0x080062a8                __errno
 .text.__libc_init_array
                0x080062b4       0x48 /opt/st/stm32cubeide_1.13.2/plugins/com.st.stm32cube.ide.mcu.externaltools.gnu-tools-for-stm32.12.3.rel1.linux64_1.0.200.202406132123/tools/bin/../lib/gcc/arm-none-eabi/12.3.1/../../../../arm-none-eabi/lib/thumb/v7e-m+fp/hard/libc_nano.a(libc_a-init.o)
                0x080062b4                __libc_init_array
 .text.__retarget_lock_init_recursive
                0x080062fc        0x2 /opt/st/stm32cubeide_1.13.2/plugins/com.st.stm32cube.ide.mcu.externaltools.gnu-tools-for-stm32.12.3.rel1.linux64_1.0.200.202406132123/tools/bin/../lib/gcc/arm-none-eabi/12.3.1/../../../../arm-none-eabi/lib/thumb/v7e-m+fp/hard/libc_nano.a(libc_a-lock.o)
                0x080062fc                __retarget_lock_init_recursive
 .text.__retarget_lock_acquire_recursive
                0x080062fe        0x2 /opt/st/stm32cubeide_1.13.2/plugins/com.st.stm32cube.ide.mcu.externaltools.gnu-tools-for-stm32.12.3.rel1.linux64_1.0.200.202406132123/tools/bin/../lib/gcc/arm-none-eabi/12.3.1/../../../../arm-none-eabi/lib/thumb/v7e-m+fp/hard/libc_nano.a(libc_a-lock.o)
                0x080062fe                __retarget_lock_acquire_recursive
 .text.__retarget_lock_release_recursive
                0x08006300        0x2 /opt/st/stm32cubeide_1.13.2/plugins/com.st.stm32cube.ide.mcu.externaltools.gnu-tools-for-stm32.12.3.rel1.linux64_1.0.200.202406132123/tools/bin/../lib/gcc/arm-none-eabi/12.3.1/../../../../arm-none-eabi/lib/thumb/v7e-m+fp/hard/libc_nano.a(libc_a-lock.o)
                0x08006300                __retarget_lock_release_recursive
 .text.memcpy   0x08006302       0x1c /opt/st/stm32cubeide_1.13.2/plugins/com.st.stm32cube.ide.mcu.externaltools.gnu-tools-for-stm32.12.3.rel1.linux64_1.0.200.202406132123/tools/bin/../lib/gcc/arm-none-eabi/12.3.1/../../../../arm-none-eabi/lib/thumb/v7e-m+fp/hard/libc_nano.a(libc_a-memcpy-stub.o)
                0x08006302                memcpy
 .text.quorem   0x0800631e      0x110 /opt/st/stm32cubeide_1.13.2/plugins/com.st.stm32cube.ide.mcu.externaltools.gnu-tools-for-stm32.12.3.rel1.linux64_1.0.200.202406132123/tools/bin/../lib/gcc/arm-none-eabi/12.3.1/../../../../arm-none-eabi/lib/thumb/v7e-m+fp/hard/libc_nano.a(libc_a-dtoa.o)
 *fill*         0x0800642e        0x2 
 .text._dtoa_r  0x08006430      0xb88 /opt/st/stm32cubeide_1.13.2/plugins/com.st.stm32cube.ide.mcu.externaltools.gnu-tools-for-stm32.12.3.rel1.linux64_1.0.200.202406132123/tools/bin/../lib/gcc/arm-none-eabi/12.3.1/../../../../arm-none-eabi/lib/thumb/v7e-m+fp/hard/libc_nano.a(libc_a-dtoa.o)
                0x08006430                _dtoa_r
 .text._free_r  0x08006fb8       0x94 /opt/st/stm32cubeide_1.13.2/plugins/com.st.stm32cube.ide.mcu.externaltools.gnu-tools-for-stm32.12.3.rel1.linux64_1.0.200.202406132123/tools/bin/../lib/gcc/arm-none-eabi/12.3.1/../../../../arm-none-eabi/lib/thumb/v7e-m+fp/hard/libc_nano.a(libc_a-freer.o)
                0x08006fb8                _free_r
 .text._Balloc  0x0800704c       0x80 /opt/st/stm32cubeide_1.13.2/plugins/com.st.stm32cube.ide.mcu.externaltools.gnu-tools-for-stm32.12.3.rel1.linux64_1.0.200.202406132123/tools/bin/../lib/gcc/arm-none-eabi/12.3.1/../../../../arm-none-eabi/lib/thumb/v7e-m+fp/hard/libc_nano.a(libc_a-mprec.o)
                0x0800704c                _Balloc
 .text._Bfree   0x080070cc       0x44 /opt/st/stm32cubeide_1.13.2/plugins/com.st.stm32cube.ide.mcu.externaltools.gnu-tools-for-stm32.12.3.rel1.linux64_1.0.200.202406132123/tools/bin/../lib/gcc/arm-none-eabi/12.3.1/../../../../arm-none-eabi/lib/thumb/v7e-m+fp/hard/libc_nano.a(libc_a-mprec.o)
                0x080070cc                _Bfree
 .text.__multadd
                0x08007110       0x8c /opt/st/stm32cubeide_1.13.2/plugins/com.st.stm32cube.ide.mcu.externaltools.gnu-tools-for-stm32.12.3.rel1.linux64_1.0.200.202406132123/tools/bin/../lib/gcc/arm-none-eabi/12.3.1/../../../../arm-none-eabi/lib/thumb/v7e-m+fp/hard/libc_nano.a(libc_a-mprec.o)
                0x08007110                __multadd
 .text.__hi0bits
                0x0800719c       0x3e /opt/st/stm32cubeide_1.13.2/plugins/com.st.stm32cube.ide.mcu.externaltools.gnu-tools-for-stm32.12.3.rel1.linux64_1.0.200.202406132123/tools/bin/../lib/gcc/arm-none-eabi/12.3.1/../../../../arm-none-eabi/lib/thumb/v7e-m+fp/hard/libc_nano.a(libc_a-mprec.o)
                0x0800719c                __hi0bits
 .text.__lo0bits
                0x080071da       0x5a /opt/st/stm32cubeide_1.13.2/plugins/com.st.stm32cube.ide.mcu.externaltools.gnu-tools-for-stm32.12.3.rel1.linux64_1.0.200.202406132123/tools/bin/../lib/gcc/arm-none-eabi/12.3.1/../../../../arm-none-eabi/lib/thumb/v7e-m+fp/hard/libc_nano.a(libc_a-mprec.o)
                0x080071da                __lo0bits
 .text.__i2b    0x08007234       0x2c /opt/st/stm32cubeide_1.13.2/plugins/com.st.stm32cube.ide.mcu.externaltools.gnu-tools-for-stm32.12.3.rel1.linux64_1.0.200.202406132123/tools/bin/../lib/gcc/arm-none-eabi/12.3.1/../../../../arm-none-eabi/lib/thumb/v7e-m+fp/hard/libc_nano.a(libc_a-mprec.o)
                0x08007234                __i2b
 .text.__multiply
                0x08007260      0x154 /opt/st/stm32cubeide_1.13.2/plugins/com.st.stm32cube.ide.mcu.externaltools.gnu-tools-for-stm32.12.3.rel1.linux64_1.0.200.202406132123/tools/bin/../lib/gcc/arm-none-eabi/12.3.1/../../../../arm-none-eabi/lib/thumb/v7e-m+fp/hard/libc_nano.a(libc_a-mprec.o)
                0x08007260                __multiply
 .text.__pow5mult
                0x080073b4       0xb4 /opt/st/stm32cubeide_1.13.2/plugins/com.st.stm32cube.ide.mcu.externaltools.gnu-tools-for-stm32.12.3.rel1.linux64_1.0.200.202406132123/tools/bin/../lib/gcc/arm-none-eabi/12.3.1/../../../../arm-none-eabi/lib/thumb/v7e-m+fp/hard/libc_nano.a(libc_a-mprec.o)
                0x080073b4                __pow5mult
 .text.__lshift
                0x08007468       0xd8 /opt/st/stm32cubeide_1.13.2/plugins/com.st.stm32cube.ide.mcu.externaltools.gnu-tools-for-stm32.12.3.rel1.linux64_1.0.200.202406132123/tools/bin/../lib/gcc/arm-none-eabi/12.3.1/../../../../arm-none-eabi/lib/thumb/v7e-m+fp/hard/libc_nano.a(libc_a-mprec.o)
                0x08007468                __lshift
 .text.__mcmp   0x08007540       0x36 /opt/st/stm32cubeide_1.13.2/plugins/com.st.stm32cube.ide.mcu.externaltools.gnu-tools-for-stm32.12.3.rel1.linux64_1.0.200.202406132123/tools/bin/../lib/gcc/arm-none-eabi/12.3.1/../../../../arm-none-eabi/lib/thumb/v7e-m+fp/hard/libc_nano.a(libc_a-mprec.o)
                0x08007540                __mcmp
 *fill*         0x08007576        0x2 
 .text.__mdiff  0x08007578      0x128 /opt/st/stm32cubeide_1.13.2/plugins/com.st.stm32cube.ide.mcu.externaltools.gnu-tools-for-stm32.12.3.rel1.linux64_1.0.200.202406132123/tools/bin/../lib/gcc/arm-none-eabi/12.3.1/../../../../arm-none-eabi/lib/thumb/v7e-m+fp/hard/libc_nano.a(libc_a-mprec.o)
                0x08007578                __mdiff
 .text.__d2b    0x080076a0       0xb0 /opt/st/stm32cubeide_1.13.2/plugins/com.st.stm32cube.ide.mcu.externaltools.gnu-tools-for-stm32.12.3.rel1.linux64_1.0.200.202406132123/tools/bin/../lib/gcc/arm-none-eabi/12.3.1/../../../../arm-none-eabi/lib/thumb/v7e-m+fp/hard/libc_nano.a(libc_a-mprec.o)
                0x080076a0                __d2b
 .text._malloc_usable_size_r
                0x08007750       0x10 /opt/st/stm32cubeide_1.13.2/plugins/com.st.stm32cube.ide.mcu.externaltools.gnu-tools-for-stm32.12.3.rel1.linux64_1.0.200.202406132123/tools/bin/../lib/gcc/arm-none-eabi/12.3.1/../../../../arm-none-eabi/lib/thumb/v7e-m+fp/hard/libc_nano.a(libc_a-msizer.o)
                0x08007750                _malloc_usable_size_r
 .text.__ssputs_r
                0x08007760       0xb6 /opt/st/stm32cubeide_1.13.2/plugins/com.st.stm32cube.ide.mcu.externaltools.gnu-tools-for-stm32.12.3.rel1.linux64_1.0.200.202406132123/tools/bin/../lib/gcc/arm-none-eabi/12.3.1/../../../../arm-none-eabi/lib/thumb/v7e-m+fp/hard/libc_nano.a(libc_a-nano-svfprintf.o)
                0x08007760                __ssputs_r
 *fill*         0x08007816        0x2 
 .text._svfprintf_r
                0x08007818      0x1f8 /opt/st/stm32cubeide_1.13.2/plugins/com.st.stm32cube.ide.mcu.externaltools.gnu-tools-for-stm32.12.3.rel1.linux64_1.0.200.202406132123/tools/bin/../lib/gcc/arm-none-eabi/12.3.1/../../../../arm-none-eabi/lib/thumb/v7e-m+fp/hard/libc_nano.a(libc_a-nano-svfprintf.o)
                0x08007818                _svfprintf_r
                0x08007818                _svfiprintf_r
 .text.__sfputc_r
                0x08007a10       0x2e /opt/st/stm32cubeide_1.13.2/plugins/com.st.stm32cube.ide.mcu.externaltools.gnu-tools-for-stm32.12.3.rel1.linux64_1.0.200.202406132123/tools/bin/../lib/gcc/arm-none-eabi/12.3.1/../../../../arm-none-eabi/lib/thumb/v7e-m+fp/hard/libc_nano.a(libc_a-nano-vfprintf.o)
 .text.__sfputs_r
                0x08007a3e       0x24 /opt/st/stm32cubeide_1.13.2/plugins/com.st.stm32cube.ide.mcu.externaltools.gnu-tools-for-stm32.12.3.rel1.linux64_1.0.200.202406132123/tools/bin/../lib/gcc/arm-none-eabi/12.3.1/../../../../arm-none-eabi/lib/thumb/v7e-m+fp/hard/libc_nano.a(libc_a-nano-vfprintf.o)
                0x08007a3e                __sfputs_r
 *fill*         0x08007a62        0x2 
 .text._vfprintf_r
                0x08007a64      0x230 /opt/st/stm32cubeide_1.13.2/plugins/com.st.stm32cube.ide.mcu.externaltools.gnu-tools-for-stm32.12.3.rel1.linux64_1.0.200.202406132123/tools/bin/../lib/gcc/arm-none-eabi/12.3.1/../../../../arm-none-eabi/lib/thumb/v7e-m+fp/hard/libc_nano.a(libc_a-nano-vfprintf.o)
                0x08007a64                _vfiprintf_r
                0x08007a64                _vfprintf_r
 .text.__sflush_r
                0x08007c94      0x108 /opt/st/stm32cubeide_1.13.2/plugins/com.st.stm32cube.ide.mcu.externaltools.gnu-tools-for-stm32.12.3.rel1.linux64_1.0.200.202406132123/tools/bin/../lib/gcc/arm-none-eabi/12.3.1/../../../../arm-none-eabi/lib/thumb/v7e-m+fp/hard/libc_nano.a(libc_a-fflush.o)
                0x08007c94                __sflush_r
 .text._fflush_r
                0x08007d9c       0x50 /opt/st/stm32cubeide_1.13.2/plugins/com.st.stm32cube.ide.mcu.externaltools.gnu-tools-for-stm32.12.3.rel1.linux64_1.0.200.202406132123/tools/bin/../lib/gcc/arm-none-eabi/12.3.1/../../../../arm-none-eabi/lib/thumb/v7e-m+fp/hard/libc_nano.a(libc_a-fflush.o)
                0x08007d9c                _fflush_r
 .text.__swhatbuf_r
                0x08007dec       0x4c /opt/st/stm32cubeide_1.13.2/plugins/com.st.stm32cube.ide.mcu.externaltools.gnu-tools-for-stm32.12.3.rel1.linux64_1.0.200.202406132123/tools/bin/../lib/gcc/arm-none-eabi/12.3.1/../../../../arm-none-eabi/lib/thumb/v7e-m+fp/hard/libc_nano.a(libc_a-makebuf.o)
                0x08007dec                __swhatbuf_r
 .text.__smakebuf_r
                0x08007e38       0x78 /opt/st/stm32cubeide_1.13.2/plugins/com.st.stm32cube.ide.mcu.externaltools.gnu-tools-for-stm32.12.3.rel1.linux64_1.0.200.202406132123/tools/bin/../lib/gcc/arm-none-eabi/12.3.1/../../../../arm-none-eabi/lib/thumb/v7e-m+fp/hard/libc_nano.a(libc_a-makebuf.o)
                0x08007e38                __smakebuf_r
 .text.memmove  0x08007eb0       0x34 /opt/st/stm32cubeide_1.13.2/plugins/com.st.stm32cube.ide.mcu.externaltools.gnu-tools-for-stm32.12.3.rel1.linux64_1.0.200.202406132123/tools/bin/../lib/gcc/arm-none-eabi/12.3.1/../../../../arm-none-eabi/lib/thumb/v7e-m+fp/hard/libc_nano.a(libc_a-memmove.o)
                0x08007eb0                memmove
 .text._fstat_r
                0x08007ee4       0x24 /opt/st/stm32cubeide_1.13.2/plugins/com.st.stm32cube.ide.mcu.externaltools.gnu-tools-for-stm32.12.3.rel1.linux64_1.0.200.202406132123/tools/bin/../lib/gcc/arm-none-eabi/12.3.1/../../../../arm-none-eabi/lib/thumb/v7e-m+fp/hard/libc_nano.a(libc_a-fstatr.o)
                0x08007ee4                _fstat_r
 .text._isatty_r
                0x08007f08       0x20 /opt/st/stm32cubeide_1.13.2/plugins/com.st.stm32cube.ide.mcu.externaltools.gnu-tools-for-stm32.12.3.rel1.linux64_1.0.200.202406132123/tools/bin/../lib/gcc/arm-none-eabi/12.3.1/../../../../arm-none-eabi/lib/thumb/v7e-m+fp/hard/libc_nano.a(libc_a-isattyr.o)
                0x08007f08                _isatty_r
 .text.__assert_func
                0x08007f28       0x3c /opt/st/stm32cubeide_1.13.2/plugins/com.st.stm32cube.ide.mcu.externaltools.gnu-tools-for-stm32.12.3.rel1.linux64_1.0.200.202406132123/tools/bin/../lib/gcc/arm-none-eabi/12.3.1/../../../../arm-none-eabi/lib/thumb/v7e-m+fp/hard/libc_nano.a(libc_a-assert.o)
                0x08007f28                __assert_func
 .text._calloc_r
                0x08007f64       0x28 /opt/st/stm32cubeide_1.13.2/plugins/com.st.stm32cube.ide.mcu.externaltools.gnu-tools-for-stm32.12.3.rel1.linux64_1.0.200.202406132123/tools/bin/../lib/gcc/arm-none-eabi/12.3.1/../../../../arm-none-eabi/lib/thumb/v7e-m+fp/hard/libc_nano.a(libc_a-callocr.o)
                0x08007f64                _calloc_r
 .text.__ascii_mbtowc
                0x08007f8c       0x24 /opt/st/stm32cubeide_1.13.2/plugins/com.st.stm32cube.ide.mcu.externaltools.gnu-tools-for-stm32.12.3.rel1.linux64_1.0.200.202406132123/tools/bin/../lib/gcc/arm-none-eabi/12.3.1/../../../../arm-none-eabi/lib/thumb/v7e-m+fp/hard/libc_nano.a(libc_a-mbtowc_r.o)
                0x08007f8c                __ascii_mbtowc
 .text.__ascii_wctomb
                0x08007fb0       0x1a /opt/st/stm32cubeide_1.13.2/plugins/com.st.stm32cube.ide.mcu.externaltools.gnu-tools-for-stm32.12.3.rel1.linux64_1.0.200.202406132123/tools/bin/../lib/gcc/arm-none-eabi/12.3.1/../../../../arm-none-eabi/lib/thumb/v7e-m+fp/hard/libc_nano.a(libc_a-wctomb_r.o)
                0x08007fb0                __ascii_wctomb
 *fill*         0x08007fca        0x2 
 .text.fprintf  0x08007fcc       0x24 /opt/st/stm32cubeide_1.13.2/plugins/com.st.stm32cube.ide.mcu.externaltools.gnu-tools-for-stm32.12.3.rel1.linux64_1.0.200.202406132123/tools/bin/../lib/gcc/arm-none-eabi/12.3.1/../../../../arm-none-eabi/lib/thumb/v7e-m+fp/hard/libc_nano.a(libc_a-fprintf.o)
                0x08007fcc                fprintf
                0x08007fcc                fiprintf
 .text.abort    0x08007ff0        0xe /opt/st/stm32cubeide_1.13.2/plugins/com.st.stm32cube.ide.mcu.externaltools.gnu-tools-for-stm32.12.3.rel1.linux64_1.0.200.202406132123/tools/bin/../lib/gcc/arm-none-eabi/12.3.1/../../../../arm-none-eabi/lib/thumb/v7e-m+fp/hard/libc_nano.a(libc_a-abort.o)
                0x08007ff0                abort
 .text._raise_r
                0x08007ffe       0x50 /opt/st/stm32cubeide_1.13.2/plugins/com.st.stm32cube.ide.mcu.externaltools.gnu-tools-for-stm32.12.3.rel1.linux64_1.0.200.202406132123/tools/bin/../lib/gcc/arm-none-eabi/12.3.1/../../../../arm-none-eabi/lib/thumb/v7e-m+fp/hard/libc_nano.a(libc_a-signal.o)
                0x08007ffe                _raise_r
 *fill*         0x0800804e        0x2 
 .text.raise    0x08008050       0x10 /opt/st/stm32cubeide_1.13.2/plugins/com.st.stm32cube.ide.mcu.externaltools.gnu-tools-for-stm32.12.3.rel1.linux64_1.0.200.202406132123/tools/bin/../lib/gcc/arm-none-eabi/12.3.1/../../../../arm-none-eabi/lib/thumb/v7e-m+fp/hard/libc_nano.a(libc_a-signal.o)
                0x08008050                raise
 .text._kill_r  0x08008060       0x24 /opt/st/stm32cubeide_1.13.2/plugins/com.st.stm32cube.ide.mcu.externaltools.gnu-tools-for-stm32.12.3.rel1.linux64_1.0.200.202406132123/tools/bin/../lib/gcc/arm-none-eabi/12.3.1/../../../../arm-none-eabi/lib/thumb/v7e-m+fp/hard/libc_nano.a(libc_a-signalr.o)
                0x08008060                _kill_r
 .text._getpid_r
                0x08008084        0x4 /opt/st/stm32cubeide_1.13.2/plugins/com.st.stm32cube.ide.mcu.externaltools.gnu-tools-for-stm32.12.3.rel1.linux64_1.0.200.202406132123/tools/bin/../lib/gcc/arm-none-eabi/12.3.1/../../../../arm-none-eabi/lib/thumb/v7e-m+fp/hard/libc_nano.a(libc_a-signalr.o)
                0x08008084                _getpid_r
 .text._close   0x08008088       0x10 /opt/st/stm32cubeide_1.13.2/plugins/com.st.stm32cube.ide.mcu.externaltools.gnu-tools-for-stm32.12.3.rel1.linux64_1.0.200.202406132123/tools/bin/../lib/gcc/arm-none-eabi/12.3.1/../../../../arm-none-eabi/lib/thumb/v7e-m+fp/hard/libnosys.a(close.o)
                0x08008088                _close
 .text._fstat   0x08008098       0x10 /opt/st/stm32cubeide_1.13.2/plugins/com.st.stm32cube.ide.mcu.externaltools.gnu-tools-for-stm32.12.3.rel1.linux64_1.0.200.202406132123/tools/bin/../lib/gcc/arm-none-eabi/12.3.1/../../../../arm-none-eabi/lib/thumb/v7e-m+fp/hard/libnosys.a(fstat.o)
                0x08008098                _fstat
 .text._getpid  0x080080a8       0x10 /opt/st/stm32cubeide_1.13.2/plugins/com.st.stm32cube.ide.mcu.externaltools.gnu-tools-for-stm32.12.3.rel1.linux64_1.0.200.202406132123/tools/bin/../lib/gcc/arm-none-eabi/12.3.1/../../../../arm-none-eabi/lib/thumb/v7e-m+fp/hard/libnosys.a(getpid.o)
                0x080080a8                _getpid
 .text._isatty  0x080080b8       0x10 /opt/st/stm32cubeide_1.13.2/plugins/com.st.stm32cube.ide.mcu.externaltools.gnu-tools-for-stm32.12.3.rel1.linux64_1.0.200.202406132123/tools/bin/../lib/gcc/arm-none-eabi/12.3.1/../../../../arm-none-eabi/lib/thumb/v7e-m+fp/hard/libnosys.a(isatty.o)
                0x080080b8                _isatty
 .text._kill    0x080080c8       0x10 /opt/st/stm32cubeide_1.13.2/plugins/com.st.stm32cube.ide.mcu.externaltools.gnu-tools-for-stm32.12.3.rel1.linux64_1.0.200.202406132123/tools/bin/../lib/gcc/arm-none-eabi/12.3.1/../../../../arm-none-eabi/lib/thumb/v7e-m+fp/hard/libnosys.a(kill.o)
                0x080080c8                _kill
 .text._lseek   0x080080d8       0x10 /opt/st/stm32cubeide_1.13.2/plugins/com.st.stm32cube.ide.mcu.externaltools.gnu-tools-for-stm32.12.3.rel1.linux64_1.0.200.202406132123/tools/bin/../lib/gcc/arm-none-eabi/12.3.1/../../../../arm-none-eabi/lib/thumb/v7e-m+fp/hard/libnosys.a(lseek.o)
                0x080080d8                _lseek
 .text._read    0x080080e8       0x10 /opt/st/stm32cubeide_1.13.2/plugins/com.st.stm32cube.ide.mcu.externaltools.gnu-tools-for-stm32.12.3.rel1.linux64_1.0.200.202406132123/tools/bin/../lib/gcc/arm-none-eabi/12.3.1/../../../../arm-none-eabi/lib/thumb/v7e-m+fp/hard/libnosys.a(read.o)
                0x080080e8                _read
 .text._write   0x080080f8       0x10 /opt/st/stm32cubeide_1.13.2/plugins/com.st.stm32cube.ide.mcu.externaltools.gnu-tools-for-stm32.12.3.rel1.linux64_1.0.200.202406132123/tools/bin/../lib/gcc/arm-none-eabi/12.3.1/../../../../arm-none-eabi/lib/thumb/v7e-m+fp/hard/libnosys.a(write.o)
                0x080080f8                _write
 .text._exit    0x08008108        0x2 /opt/st/stm32cubeide_1.13.2/plugins/com.st.stm32cube.ide.mcu.externaltools.gnu-tools-for-stm32.12.3.rel1.linux64_1.0.200.202406132123/tools/bin/../lib/gcc/arm-none-eabi/12.3.1/../../../../arm-none-eabi/lib/thumb/v7e-m+fp/hard/libnosys.a(_exit.o)
                0x08008108                _exit
 *(.glue_7)
 .glue_7        0x0800810a        0x0 linker stubs
 *(.glue_7t)
 .glue_7t       0x0800810a        0x0 linker stubs
 *(.eh_frame)
 *fill*         0x0800810a        0x2 
 .eh_frame      0x0800810c        0x0 /opt/st/stm32cubeide_1.13.2/plugins/com.st.stm32cube.ide.mcu.externaltools.gnu-tools-for-stm32.12.3.rel1.linux64_1.0.200.202406132123/tools/bin/../lib/gcc/arm-none-eabi/12.3.1/thumb/v7e-m+fp/hard/crtbegin.o
 *(.init)
 .init          0x0800810c        0x4 /opt/st/stm32cubeide_1.13.2/plugins/com.st.stm32cube.ide.mcu.externaltools.gnu-tools-for-stm32.12.3.rel1.linux64_1.0.200.202406132123/tools/bin/../lib/gcc/arm-none-eabi/12.3.1/thumb/v7e-m+fp/hard/crti.o
                0x0800810c                _init
 .init          0x08008110        0x8 /opt/st/stm32cubeide_1.13.2/plugins/com.st.stm32cube.ide.mcu.externaltools.gnu-tools-for-stm32.12.3.rel1.linux64_1.0.200.202406132123/tools/bin/../lib/gcc/arm-none-eabi/12.3.1/thumb/v7e-m+fp/hard/crtn.o
 *(.fini)
 .fini          0x08008118        0x4 /opt/st/stm32cubeide_1.13.2/plugins/com.st.stm32cube.ide.mcu.externaltools.gnu-tools-for-stm32.12.3.rel1.linux64_1.0.200.202406132123/tools/bin/../lib/gcc/arm-none-eabi/12.3.1/thumb/v7e-m+fp/hard/crti.o
                0x08008118                _fini
 .fini          0x0800811c        0x8 /opt/st/stm32cubeide_1.13.2/plugins/com.st.stm32cube.ide.mcu.externaltools.gnu-tools-for-stm32.12.3.rel1.linux64_1.0.200.202406132123/tools/bin/../lib/gcc/arm-none-eabi/12.3.1/thumb/v7e-m+fp/hard/crtn.o
                0x08008124                        . = ALIGN (0x4)
                0x08008124                        _etext = .

.vfp11_veneer   0x08008124        0x0
 .vfp11_veneer  0x08008124        0x0 linker stubs

.v4_bx          0x08008124        0x0
 .v4_bx         0x08008124        0x0 linker stubs

.iplt           0x08008124        0x0
 .iplt          0x08008124        0x0 /opt/st/stm32cubeide_1.13.2/plugins/com.st.stm32cube.ide.mcu.externaltools.gnu-tools-for-stm32.12.3.rel1.linux64_1.0.200.202406132123/tools/bin/../lib/gcc/arm-none-eabi/12.3.1/thumb/v7e-m+fp/hard/crtbegin.o

.rodata         0x08008140      0xb08
                0x08008140                        . = ALIGN (0x4)
 *(.rodata)
 .rodata        0x08008140       0xa6 ./Core/Src/main.o
 *fill*         0x080081e6        0x2 
 .rodata        0x080081e8       0xe7 ./X-CUBE-AI/App/app_x-cube-ai.o
 *fill*         0x080082cf        0x1 
 .rodata        0x080082d0       0x65 ./X-CUBE-AI/App/sine_model.o
 *fill*         0x08008335        0x3 
 .rodata        0x08008338       0x30 ./X-CUBE-AI/App/sine_model_data.o
 .rodata        0x08008368       0x10 ../Middlewares/ST/AI/Lib/NetworkRuntime900_CM4_GCC.a(ai_platform_interface.o)
 *(.rodata*)
 .rodata.AHBPrescTable
                0x08008378       0x10 ./Core/Src/system_stm32f4xx.o
                0x08008378                AHBPrescTable
 .rodata.APBPrescTable
                0x08008388        0x8 ./Core/Src/system_stm32f4xx.o
                0x08008388                APBPrescTable
 .rodata.gemm_2_chain
                0x08008390        0x8 ./X-CUBE-AI/App/sine_model.o
 .rodata.nl_1_nl_chain
                0x08008398        0x8 ./X-CUBE-AI/App/sine_model.o
 .rodata.gemm_1_chain
                0x080083a0        0x8 ./X-CUBE-AI/App/sine_model.o
 .rodata.nl_0_nl_chain
                0x080083a8        0x8 ./X-CUBE-AI/App/sine_model.o
 .rodata.gemm_0_chain
                0x080083b0        0x8 ./X-CUBE-AI/App/sine_model.o
 *fill*         0x080083b8        0x8 
 .rodata.s_sine_model_weights_array_u64
                0x080083c0      0x508 ./X-CUBE-AI/App/sine_model_data_params.o
                0x080083c0                s_sine_model_weights_array_u64
 .rodata.ai_platform_runtime_get_revision.str1.4
                0x080088c8        0x1 ../Middlewares/ST/AI/Lib/NetworkRuntime900_CM4_GCC.a(ai_platform_interface.o)
 *fill*         0x080088c9        0x3 
 .rodata.v.0    0x080088cc        0x4 ../Middlewares/ST/AI/Lib/NetworkRuntime900_CM4_GCC.a(ai_platform_interface.o)
 .rodata.v.1    0x080088d0        0x4 ../Middlewares/ST/AI/Lib/NetworkRuntime900_CM4_GCC.a(ai_platform_interface.o)
 .rodata._printf_float.str1.1
                0x080088d4       0x12 /opt/st/stm32cubeide_1.13.2/plugins/com.st.stm32cube.ide.mcu.externaltools.gnu-tools-for-stm32.12.3.rel1.linux64_1.0.200.202406132123/tools/bin/../lib/gcc/arm-none-eabi/12.3.1/../../../../arm-none-eabi/lib/thumb/v7e-m+fp/hard/libc_nano.a(libc_a-nano-vfprintf_float.o)
 .rodata._printf_i.str1.1
                0x080088e6       0x22 /opt/st/stm32cubeide_1.13.2/plugins/com.st.stm32cube.ide.mcu.externaltools.gnu-tools-for-stm32.12.3.rel1.linux64_1.0.200.202406132123/tools/bin/../lib/gcc/arm-none-eabi/12.3.1/../../../../arm-none-eabi/lib/thumb/v7e-m+fp/hard/libc_nano.a(libc_a-nano-vfprintf_i.o)
 .rodata._dtoa_r.str1.1
                0x08008908       0x8d /opt/st/stm32cubeide_1.13.2/plugins/com.st.stm32cube.ide.mcu.externaltools.gnu-tools-for-stm32.12.3.rel1.linux64_1.0.200.202406132123/tools/bin/../lib/gcc/arm-none-eabi/12.3.1/../../../../arm-none-eabi/lib/thumb/v7e-m+fp/hard/libc_nano.a(libc_a-dtoa.o)
                                 0x8f (size before relaxing)
 .rodata._Balloc.str1.1
                0x08008995       0x59 /opt/st/stm32cubeide_1.13.2/plugins/com.st.stm32cube.ide.mcu.externaltools.gnu-tools-for-stm32.12.3.rel1.linux64_1.0.200.202406132123/tools/bin/../lib/gcc/arm-none-eabi/12.3.1/../../../../arm-none-eabi/lib/thumb/v7e-m+fp/hard/libc_nano.a(libc_a-mprec.o)
                                 0x70 (size before relaxing)
 .rodata.__multadd.str1.1
                0x080089ee       0x11 /opt/st/stm32cubeide_1.13.2/plugins/com.st.stm32cube.ide.mcu.externaltools.gnu-tools-for-stm32.12.3.rel1.linux64_1.0.200.202406132123/tools/bin/../lib/gcc/arm-none-eabi/12.3.1/../../../../arm-none-eabi/lib/thumb/v7e-m+fp/hard/libc_nano.a(libc_a-mprec.o)
 *fill*         0x080089ee        0x2 
 .rodata.p05.0  0x080089f0        0xc /opt/st/stm32cubeide_1.13.2/plugins/com.st.stm32cube.ide.mcu.externaltools.gnu-tools-for-stm32.12.3.rel1.linux64_1.0.200.202406132123/tools/bin/../lib/gcc/arm-none-eabi/12.3.1/../../../../arm-none-eabi/lib/thumb/v7e-m+fp/hard/libc_nano.a(libc_a-mprec.o)
 *fill*         0x080089fc        0x4 
 .rodata.__mprec_bigtens
                0x08008a00       0x28 /opt/st/stm32cubeide_1.13.2/plugins/com.st.stm32cube.ide.mcu.externaltools.gnu-tools-for-stm32.12.3.rel1.linux64_1.0.200.202406132123/tools/bin/../lib/gcc/arm-none-eabi/12.3.1/../../../../arm-none-eabi/lib/thumb/v7e-m+fp/hard/libc_nano.a(libc_a-mprec.o)
                0x08008a00                __mprec_bigtens
 .rodata.__mprec_tens
                0x08008a28       0xc8 /opt/st/stm32cubeide_1.13.2/plugins/com.st.stm32cube.ide.mcu.externaltools.gnu-tools-for-stm32.12.3.rel1.linux64_1.0.200.202406132123/tools/bin/../lib/gcc/arm-none-eabi/12.3.1/../../../../arm-none-eabi/lib/thumb/v7e-m+fp/hard/libc_nano.a(libc_a-mprec.o)
                0x08008a28                __mprec_tens
 .rodata._svfprintf_r.str1.1
                0x08008af0       0x11 /opt/st/stm32cubeide_1.13.2/plugins/com.st.stm32cube.ide.mcu.externaltools.gnu-tools-for-stm32.12.3.rel1.linux64_1.0.200.202406132123/tools/bin/../lib/gcc/arm-none-eabi/12.3.1/../../../../arm-none-eabi/lib/thumb/v7e-m+fp/hard/libc_nano.a(libc_a-nano-svfprintf.o)
 .rodata._vfprintf_r.str1.1
                0x08008b01       0x11 /opt/st/stm32cubeide_1.13.2/plugins/com.st.stm32cube.ide.mcu.externaltools.gnu-tools-for-stm32.12.3.rel1.linux64_1.0.200.202406132123/tools/bin/../lib/gcc/arm-none-eabi/12.3.1/../../../../arm-none-eabi/lib/thumb/v7e-m+fp/hard/libc_nano.a(libc_a-nano-vfprintf.o)
 .rodata._setlocale_r.str1.1
                0x08008b01        0x8 /opt/st/stm32cubeide_1.13.2/plugins/com.st.stm32cube.ide.mcu.externaltools.gnu-tools-for-stm32.12.3.rel1.linux64_1.0.200.202406132123/tools/bin/../lib/gcc/arm-none-eabi/12.3.1/../../../../arm-none-eabi/lib/thumb/v7e-m+fp/hard/libc_nano.a(libc_a-locale.o)
                                  0x9 (size before relaxing)
 .rodata.str1.1
                0x08008b09        0x2 /opt/st/stm32cubeide_1.13.2/plugins/com.st.stm32cube.ide.mcu.externaltools.gnu-tools-for-stm32.12.3.rel1.linux64_1.0.200.202406132123/tools/bin/../lib/gcc/arm-none-eabi/12.3.1/../../../../arm-none-eabi/lib/thumb/v7e-m+fp/hard/libc_nano.a(libc_a-locale.o)
 .rodata.__assert_func.str1.1
                0x08008b0b       0x3c /opt/st/stm32cubeide_1.13.2/plugins/com.st.stm32cube.ide.mcu.externaltools.gnu-tools-for-stm32.12.3.rel1.linux64_1.0.200.202406132123/tools/bin/../lib/gcc/arm-none-eabi/12.3.1/../../../../arm-none-eabi/lib/thumb/v7e-m+fp/hard/libc_nano.a(libc_a-assert.o)
                                 0x3d (size before relaxing)
 .rodata._ctype_
                0x08008b47      0x101 /opt/st/stm32cubeide_1.13.2/plugins/com.st.stm32cube.ide.mcu.externaltools.gnu-tools-for-stm32.12.3.rel1.linux64_1.0.200.202406132123/tools/bin/../lib/gcc/arm-none-eabi/12.3.1/../../../../arm-none-eabi/lib/thumb/v7e-m+fp/hard/libc_nano.a(libc_a-ctype_.o)
                0x08008b47                _ctype_
                0x08008c48                        . = ALIGN (0x4)

.ARM.extab      0x08008c48        0x0
                0x08008c48                        . = ALIGN (0x4)
 *(.ARM.extab* .gnu.linkonce.armextab.*)
                0x08008c48                        . = ALIGN (0x4)

.ARM            0x08008c48        0x8
                0x08008c48                        . = ALIGN (0x4)
                0x08008c48                        __exidx_start = .
 *(.ARM.exidx*)
 .ARM.exidx     0x08008c48        0x8 /opt/st/stm32cubeide_1.13.2/plugins/com.st.stm32cube.ide.mcu.externaltools.gnu-tools-for-stm32.12.3.rel1.linux64_1.0.200.202406132123/tools/bin/../lib/gcc/arm-none-eabi/12.3.1/../../../../arm-none-eabi/lib/thumb/v7e-m+fp/hard/libc_nano.a(libc_a-memchr.o)
 .ARM.exidx     0x08008c50        0x0 /opt/st/stm32cubeide_1.13.2/plugins/com.st.stm32cube.ide.mcu.externaltools.gnu-tools-for-stm32.12.3.rel1.linux64_1.0.200.202406132123/tools/bin/../lib/gcc/arm-none-eabi/12.3.1/../../../../arm-none-eabi/lib/thumb/v7e-m+fp/hard/libc_nano.a(libc_a-strlen.o)
                                  0x8 (size before relaxing)
 .ARM.exidx     0x08008c50        0x0 /opt/st/stm32cubeide_1.13.2/plugins/com.st.stm32cube.ide.mcu.externaltools.gnu-tools-for-stm32.12.3.rel1.linux64_1.0.200.202406132123/tools/bin/../lib/gcc/arm-none-eabi/12.3.1/thumb/v7e-m+fp/hard/libgcc.a(_udivmoddi4.o)
                                  0x8 (size before relaxing)
                0x08008c50                        __exidx_end = .
                0x08008c50                        . = ALIGN (0x4)

.preinit_array  0x08008c50        0x0
                0x08008c50                        . = ALIGN (0x4)
                0x08008c50                        PROVIDE (__preinit_array_start = .)
 *(.preinit_array*)
                0x08008c50                        PROVIDE (__preinit_array_end = .)
                0x08008c50                        . = ALIGN (0x4)

.init_array     0x08008c50        0x4
                0x08008c50                        . = ALIGN (0x4)
                0x08008c50                        PROVIDE (__init_array_start = .)
 *(SORT_BY_NAME(.init_array.*))
 *(.init_array*)
 .init_array    0x08008c50        0x4 /opt/st/stm32cubeide_1.13.2/plugins/com.st.stm32cube.ide.mcu.externaltools.gnu-tools-for-stm32.12.3.rel1.linux64_1.0.200.202406132123/tools/bin/../lib/gcc/arm-none-eabi/12.3.1/thumb/v7e-m+fp/hard/crtbegin.o
                0x08008c54                        PROVIDE (__init_array_end = .)
                0x08008c54                        . = ALIGN (0x4)

.fini_array     0x08008c54        0x4
                0x08008c54                        . = ALIGN (0x4)
                [!provide]                        PROVIDE (__fini_array_start = .)
 *(SORT_BY_NAME(.fini_array.*))
 *(.fini_array*)
 .fini_array    0x08008c54        0x4 /opt/st/stm32cubeide_1.13.2/plugins/com.st.stm32cube.ide.mcu.externaltools.gnu-tools-for-stm32.12.3.rel1.linux64_1.0.200.202406132123/tools/bin/../lib/gcc/arm-none-eabi/12.3.1/thumb/v7e-m+fp/hard/crtbegin.o
                [!provide]                        PROVIDE (__fini_array_end = .)
                0x08008c58                        . = ALIGN (0x4)
                0x08008c58                        _sidata = LOADADDR (.data)

.rel.dyn        0x08008c58        0x0
 .rel.iplt      0x08008c58        0x0 /opt/st/stm32cubeide_1.13.2/plugins/com.st.stm32cube.ide.mcu.externaltools.gnu-tools-for-stm32.12.3.rel1.linux64_1.0.200.202406132123/tools/bin/../lib/gcc/arm-none-eabi/12.3.1/thumb/v7e-m+fp/hard/crtbegin.o

.data           0x20000000      0x860 load address 0x08008c58
                0x20000000                        . = ALIGN (0x4)
                0x20000000                        _sdata = .
 *(.data)
 *(.data*)
 .data.SystemCoreClock
                0x20000000        0x4 ./Core/Src/system_stm32f4xx.o
                0x20000000                SystemCoreClock
 .data.uwTickPrio
                0x20000004        0x4 ./Drivers/STM32F4xx_HAL_Driver/Src/stm32f4xx_hal.o
                0x20000004                uwTickPrio
 .data.uwTickFreq
                0x20000008        0x1 ./Drivers/STM32F4xx_HAL_Driver/Src/stm32f4xx_hal.o
                0x20000008                uwTickFreq
 *fill*         0x20000009        0x3 
 .data.data_activations0
                0x2000000c        0x4 ./X-CUBE-AI/App/app_x-cube-ai.o
                0x2000000c                data_activations0
 .data.serving_default_dense_input0_output_array
                0x20000010       0x10 ./X-CUBE-AI/App/sine_model.o
 .data.gemm_0_output_array
                0x20000020       0x10 ./X-CUBE-AI/App/sine_model.o
 .data.nl_0_nl_output_array
                0x20000030       0x10 ./X-CUBE-AI/App/sine_model.o
 .data.gemm_1_output_array
                0x20000040       0x10 ./X-CUBE-AI/App/sine_model.o
 .data.nl_1_nl_output_array
                0x20000050       0x10 ./X-CUBE-AI/App/sine_model.o
 .data.gemm_2_output_array
                0x20000060       0x10 ./X-CUBE-AI/App/sine_model.o
 .data.gemm_0_weights_array
                0x20000070       0x10 ./X-CUBE-AI/App/sine_model.o
 .data.gemm_0_bias_array
                0x20000080       0x10 ./X-CUBE-AI/App/sine_model.o
 .data.gemm_1_weights_array
                0x20000090       0x10 ./X-CUBE-AI/App/sine_model.o
 .data.gemm_1_bias_array
                0x200000a0       0x10 ./X-CUBE-AI/App/sine_model.o
 .data.gemm_2_weights_array
                0x200000b0       0x10 ./X-CUBE-AI/App/sine_model.o
 .data.gemm_2_bias_array
                0x200000c0       0x10 ./X-CUBE-AI/App/sine_model.o
 .data.__compound_literal.0
                0x200000d0       0x10 ./X-CUBE-AI/App/sine_model.o
 .data.__compound_literal.1
                0x200000e0       0x10 ./X-CUBE-AI/App/sine_model.o
 .data.serving_default_dense_input0_output
                0x200000f0       0x1c ./X-CUBE-AI/App/sine_model.o
 .data.__compound_literal.2
                0x2000010c       0x10 ./X-CUBE-AI/App/sine_model.o
 .data.__compound_literal.3
                0x2000011c       0x10 ./X-CUBE-AI/App/sine_model.o
 .data.gemm_0_output
                0x2000012c       0x1c ./X-CUBE-AI/App/sine_model.o
 .data.__compound_literal.4
                0x20000148       0x10 ./X-CUBE-AI/App/sine_model.o
 .data.__compound_literal.5
                0x20000158       0x10 ./X-CUBE-AI/App/sine_model.o
 .data.nl_0_nl_output
                0x20000168       0x1c ./X-CUBE-AI/App/sine_model.o
 .data.__compound_literal.6
                0x20000184       0x10 ./X-CUBE-AI/App/sine_model.o
 .data.__compound_literal.7
                0x20000194       0x10 ./X-CUBE-AI/App/sine_model.o
 .data.gemm_1_output
                0x200001a4       0x1c ./X-CUBE-AI/App/sine_model.o
 .data.__compound_literal.8
                0x200001c0       0x10 ./X-CUBE-AI/App/sine_model.o
 .data.__compound_literal.9
                0x200001d0       0x10 ./X-CUBE-AI/App/sine_model.o
 .data.nl_1_nl_output
                0x200001e0       0x1c ./X-CUBE-AI/App/sine_model.o
 .data.__compound_literal.10
                0x200001fc       0x10 ./X-CUBE-AI/App/sine_model.o
 .data.__compound_literal.11
                0x2000020c       0x10 ./X-CUBE-AI/App/sine_model.o
 .data.gemm_2_output
                0x2000021c       0x1c ./X-CUBE-AI/App/sine_model.o
 .data.__compound_literal.12
                0x20000238       0x10 ./X-CUBE-AI/App/sine_model.o
 .data.__compound_literal.13
                0x20000248       0x10 ./X-CUBE-AI/App/sine_model.o
 .data.gemm_0_weights
                0x20000258       0x1c ./X-CUBE-AI/App/sine_model.o
 .data.__compound_literal.14
                0x20000274       0x10 ./X-CUBE-AI/App/sine_model.o
 .data.__compound_literal.15
                0x20000284       0x10 ./X-CUBE-AI/App/sine_model.o
 .data.gemm_0_bias
                0x20000294       0x1c ./X-CUBE-AI/App/sine_model.o
 .data.__compound_literal.16
                0x200002b0       0x10 ./X-CUBE-AI/App/sine_model.o
 .data.__compound_literal.17
                0x200002c0       0x10 ./X-CUBE-AI/App/sine_model.o
 .data.gemm_1_weights
                0x200002d0       0x1c ./X-CUBE-AI/App/sine_model.o
 .data.__compound_literal.18
                0x200002ec       0x10 ./X-CUBE-AI/App/sine_model.o
 .data.__compound_literal.19
                0x200002fc       0x10 ./X-CUBE-AI/App/sine_model.o
 .data.gemm_1_bias
                0x2000030c       0x1c ./X-CUBE-AI/App/sine_model.o
 .data.__compound_literal.20
                0x20000328       0x10 ./X-CUBE-AI/App/sine_model.o
 .data.__compound_literal.21
                0x20000338       0x10 ./X-CUBE-AI/App/sine_model.o
 .data.gemm_2_weights
                0x20000348       0x1c ./X-CUBE-AI/App/sine_model.o
 .data.__compound_literal.22
                0x20000364       0x10 ./X-CUBE-AI/App/sine_model.o
 .data.__compound_literal.23
                0x20000374       0x10 ./X-CUBE-AI/App/sine_model.o
 .data.gemm_2_bias
                0x20000384       0x1c ./X-CUBE-AI/App/sine_model.o
 .data.__compound_literal.24
                0x200003a0        0x4 ./X-CUBE-AI/App/sine_model.o
 .data.__compound_literal.25
                0x200003a4        0x4 ./X-CUBE-AI/App/sine_model.o
 .data.__compound_literal.26
                0x200003a8        0x8 ./X-CUBE-AI/App/sine_model.o
 .data.__compound_literal.28
                0x200003b0       0x30 ./X-CUBE-AI/App/sine_model.o
 .data.gemm_2_layer
                0x200003e0       0x1c ./X-CUBE-AI/App/sine_model.o
 .data.__compound_literal.29
                0x200003fc        0x4 ./X-CUBE-AI/App/sine_model.o
 .data.__compound_literal.30
                0x20000400        0x4 ./X-CUBE-AI/App/sine_model.o
 .data.__compound_literal.33
                0x20000404       0x30 ./X-CUBE-AI/App/sine_model.o
 .data.nl_1_nl_layer
                0x20000434       0x20 ./X-CUBE-AI/App/sine_model.o
 .data.__compound_literal.34
                0x20000454        0x4 ./X-CUBE-AI/App/sine_model.o
 .data.__compound_literal.35
                0x20000458        0x4 ./X-CUBE-AI/App/sine_model.o
 .data.__compound_literal.36
                0x2000045c        0x8 ./X-CUBE-AI/App/sine_model.o
 .data.__compound_literal.38
                0x20000464       0x30 ./X-CUBE-AI/App/sine_model.o
 .data.gemm_1_layer
                0x20000494       0x1c ./X-CUBE-AI/App/sine_model.o
 .data.__compound_literal.39
                0x200004b0        0x4 ./X-CUBE-AI/App/sine_model.o
 .data.__compound_literal.40
                0x200004b4        0x4 ./X-CUBE-AI/App/sine_model.o
 .data.__compound_literal.43
                0x200004b8       0x30 ./X-CUBE-AI/App/sine_model.o
 .data.nl_0_nl_layer
                0x200004e8       0x20 ./X-CUBE-AI/App/sine_model.o
 .data.__compound_literal.44
                0x20000508        0x4 ./X-CUBE-AI/App/sine_model.o
 .data.__compound_literal.45
                0x2000050c        0x4 ./X-CUBE-AI/App/sine_model.o
 .data.__compound_literal.46
                0x20000510        0x8 ./X-CUBE-AI/App/sine_model.o
 .data.__compound_literal.48
                0x20000518       0x30 ./X-CUBE-AI/App/sine_model.o
 .data.gemm_0_layer
                0x20000548       0x1c ./X-CUBE-AI/App/sine_model.o
 .data.__compound_literal.49
                0x20000564       0x10 ./X-CUBE-AI/App/sine_model.o
 .data.__compound_literal.50
                0x20000574       0x1c ./X-CUBE-AI/App/sine_model.o
 .data.__compound_literal.51
                0x20000590       0x10 ./X-CUBE-AI/App/sine_model.o
 .data.__compound_literal.52
                0x200005a0       0x1c ./X-CUBE-AI/App/sine_model.o
 .data.__compound_literal.53
                0x200005bc        0x4 ./X-CUBE-AI/App/sine_model.o
 .data.__compound_literal.57
                0x200005c0        0xc ./X-CUBE-AI/App/sine_model.o
 .data.__compound_literal.58
                0x200005cc        0x4 ./X-CUBE-AI/App/sine_model.o
 .data.__compound_literal.62
                0x200005d0        0xc ./X-CUBE-AI/App/sine_model.o
 .data.__compound_literal.63
                0x200005dc       0x18 ./X-CUBE-AI/App/sine_model.o
 .data.g_sine_model
                0x200005f4       0x4c ./X-CUBE-AI/App/sine_model.o
 .data.__compound_literal.0
                0x20000640       0x10 ./X-CUBE-AI/App/sine_model_data.o
 .data.g_sine_model_data_map_activations
                0x20000650       0x1c ./X-CUBE-AI/App/sine_model_data.o
                0x20000650                g_sine_model_data_map_activations
 .data.__compound_literal.1
                0x2000066c       0x10 ./X-CUBE-AI/App/sine_model_data.o
 .data.g_sine_model_data_map_weights
                0x2000067c       0x1c ./X-CUBE-AI/App/sine_model_data.o
                0x2000067c                g_sine_model_data_map_weights
 .data.__sglue  0x20000698        0xc /opt/st/stm32cubeide_1.13.2/plugins/com.st.stm32cube.ide.mcu.externaltools.gnu-tools-for-stm32.12.3.rel1.linux64_1.0.200.202406132123/tools/bin/../lib/gcc/arm-none-eabi/12.3.1/../../../../arm-none-eabi/lib/thumb/v7e-m+fp/hard/libc_nano.a(libc_a-findfp.o)
                0x20000698                __sglue
 .data._impure_ptr
                0x200006a4        0x4 /opt/st/stm32cubeide_1.13.2/plugins/com.st.stm32cube.ide.mcu.externaltools.gnu-tools-for-stm32.12.3.rel1.linux64_1.0.200.202406132123/tools/bin/../lib/gcc/arm-none-eabi/12.3.1/../../../../arm-none-eabi/lib/thumb/v7e-m+fp/hard/libc_nano.a(libc_a-impure.o)
                0x200006a4                _impure_ptr
 .data._impure_data
                0x200006a8       0x4c /opt/st/stm32cubeide_1.13.2/plugins/com.st.stm32cube.ide.mcu.externaltools.gnu-tools-for-stm32.12.3.rel1.linux64_1.0.200.202406132123/tools/bin/../lib/gcc/arm-none-eabi/12.3.1/../../../../arm-none-eabi/lib/thumb/v7e-m+fp/hard/libc_nano.a(libc_a-impure.o)
                0x200006a8                _impure_data
 .data.__global_locale
                0x200006f4      0x16c /opt/st/stm32cubeide_1.13.2/plugins/com.st.stm32cube.ide.mcu.externaltools.gnu-tools-for-stm32.12.3.rel1.linux64_1.0.200.202406132123/tools/bin/../lib/gcc/arm-none-eabi/12.3.1/../../../../arm-none-eabi/lib/thumb/v7e-m+fp/hard/libc_nano.a(libc_a-locale.o)
                0x200006f4                __global_locale
 *(.RamFunc)
 *(.RamFunc*)
                0x20000860                        . = ALIGN (0x4)
                0x20000860                        _edata = .

.igot.plt       0x20000860        0x0 load address 0x080094b8
 .igot.plt      0x20000860        0x0 /opt/st/stm32cubeide_1.13.2/plugins/com.st.stm32cube.ide.mcu.externaltools.gnu-tools-for-stm32.12.3.rel1.linux64_1.0.200.202406132123/tools/bin/../lib/gcc/arm-none-eabi/12.3.1/thumb/v7e-m+fp/hard/crtbegin.o
                0x20000860                        . = ALIGN (0x4)

.bss            0x20000860      0x344 load address 0x080094b8
                0x20000860                        _sbss = .
                0x20000860                        __bss_start__ = _sbss
 *(.bss)
 .bss           0x20000860       0x1c /opt/st/stm32cubeide_1.13.2/plugins/com.st.stm32cube.ide.mcu.externaltools.gnu-tools-for-stm32.12.3.rel1.linux64_1.0.200.202406132123/tools/bin/../lib/gcc/arm-none-eabi/12.3.1/thumb/v7e-m+fp/hard/crtbegin.o
 *(.bss*)
 .bss.huart2    0x2000087c       0x48 ./Core/Src/main.o
                0x2000087c                huart2
 .bss.huart3    0x200008c4       0x48 ./Core/Src/main.o
                0x200008c4                huart3
 .bss.in_data   0x2000090c        0x4 ./Core/Src/main.o
                0x2000090c                in_data
 .bss.out_data  0x20000910        0x4 ./Core/Src/main.o
                0x20000910                out_data
 .bss.__sbrk_heap_end
                0x20000914        0x4 ./Core/Src/sysmem.o
 .bss.uwTick    0x20000918        0x4 ./Drivers/STM32F4xx_HAL_Driver/Src/stm32f4xx_hal.o
                0x20000918                uwTick
 .bss.data_ins  0x2000091c        0x4 ./X-CUBE-AI/App/app_x-cube-ai.o
                0x2000091c                data_ins
 .bss.data_outs
                0x20000920        0x4 ./X-CUBE-AI/App/app_x-cube-ai.o
                0x20000920                data_outs
 *fill*         0x20000924       0x1c 
 .bss.pool0     0x20000940       0x80 ./X-CUBE-AI/App/app_x-cube-ai.o
 .bss.sine_model
                0x200009c0        0x4 ./X-CUBE-AI/App/app_x-cube-ai.o
 .bss.ai_input  0x200009c4        0x4 ./X-CUBE-AI/App/app_x-cube-ai.o
 .bss.ai_output
                0x200009c8        0x4 ./X-CUBE-AI/App/app_x-cube-ai.o
 .bss.g_sine_model_activations_map
                0x200009cc        0x4 ./X-CUBE-AI/App/sine_model.o
 .bss.g_sine_model_weights_map
                0x200009d0        0x4 ./X-CUBE-AI/App/sine_model.o
 .bss.__compound_literal.27
                0x200009d4        0x4 ./X-CUBE-AI/App/sine_model.o
 .bss.__compound_literal.31
                0x200009d8        0x4 ./X-CUBE-AI/App/sine_model.o
 .bss.__compound_literal.32
                0x200009dc        0x4 ./X-CUBE-AI/App/sine_model.o
 .bss.__compound_literal.37
                0x200009e0        0x4 ./X-CUBE-AI/App/sine_model.o
 .bss.__compound_literal.41
                0x200009e4        0x4 ./X-CUBE-AI/App/sine_model.o
 .bss.__compound_literal.42
                0x200009e8        0x4 ./X-CUBE-AI/App/sine_model.o
 .bss.__compound_literal.47
                0x200009ec        0x4 ./X-CUBE-AI/App/sine_model.o
 .bss.__compound_literal.54
                0x200009f0       0x1c ./X-CUBE-AI/App/sine_model.o
 .bss.__compound_literal.55
                0x20000a0c       0x10 ./X-CUBE-AI/App/sine_model.o
 .bss.__compound_literal.56
                0x20000a1c        0x8 ./X-CUBE-AI/App/sine_model.o
 .bss.__compound_literal.59
                0x20000a24       0x1c ./X-CUBE-AI/App/sine_model.o
 .bss.__compound_literal.60
                0x20000a40       0x10 ./X-CUBE-AI/App/sine_model.o
 .bss.__compound_literal.61
                0x20000a50        0x8 ./X-CUBE-AI/App/sine_model.o
 .bss.__malloc_sbrk_start
                0x20000a58        0x4 /opt/st/stm32cubeide_1.13.2/plugins/com.st.stm32cube.ide.mcu.externaltools.gnu-tools-for-stm32.12.3.rel1.linux64_1.0.200.202406132123/tools/bin/../lib/gcc/arm-none-eabi/12.3.1/../../../../arm-none-eabi/lib/thumb/v7e-m+fp/hard/libc_nano.a(libc_a-mallocr.o)
                0x20000a58                __malloc_sbrk_start
 .bss.__malloc_free_list
                0x20000a5c        0x4 /opt/st/stm32cubeide_1.13.2/plugins/com.st.stm32cube.ide.mcu.externaltools.gnu-tools-for-stm32.12.3.rel1.linux64_1.0.200.202406132123/tools/bin/../lib/gcc/arm-none-eabi/12.3.1/../../../../arm-none-eabi/lib/thumb/v7e-m+fp/hard/libc_nano.a(libc_a-mallocr.o)
                0x20000a5c                __malloc_free_list
 .bss.__sf      0x20000a60      0x138 /opt/st/stm32cubeide_1.13.2/plugins/com.st.stm32cube.ide.mcu.externaltools.gnu-tools-for-stm32.12.3.rel1.linux64_1.0.200.202406132123/tools/bin/../lib/gcc/arm-none-eabi/12.3.1/../../../../arm-none-eabi/lib/thumb/v7e-m+fp/hard/libc_nano.a(libc_a-findfp.o)
                0x20000a60                __sf
 .bss.__stdio_exit_handler
                0x20000b98        0x4 /opt/st/stm32cubeide_1.13.2/plugins/com.st.stm32cube.ide.mcu.externaltools.gnu-tools-for-stm32.12.3.rel1.linux64_1.0.200.202406132123/tools/bin/../lib/gcc/arm-none-eabi/12.3.1/../../../../arm-none-eabi/lib/thumb/v7e-m+fp/hard/libc_nano.a(libc_a-findfp.o)
                0x20000b98                __stdio_exit_handler
 .bss.errno     0x20000b9c        0x4 /opt/st/stm32cubeide_1.13.2/plugins/com.st.stm32cube.ide.mcu.externaltools.gnu-tools-for-stm32.12.3.rel1.linux64_1.0.200.202406132123/tools/bin/../lib/gcc/arm-none-eabi/12.3.1/../../../../arm-none-eabi/lib/thumb/v7e-m+fp/hard/libc_nano.a(libc_a-reent.o)
                0x20000b9c                errno
 .bss.__lock___malloc_recursive_mutex
                0x20000ba0        0x1 /opt/st/stm32cubeide_1.13.2/plugins/com.st.stm32cube.ide.mcu.externaltools.gnu-tools-for-stm32.12.3.rel1.linux64_1.0.200.202406132123/tools/bin/../lib/gcc/arm-none-eabi/12.3.1/../../../../arm-none-eabi/lib/thumb/v7e-m+fp/hard/libc_nano.a(libc_a-lock.o)
                0x20000ba0                __lock___malloc_recursive_mutex
 .bss.__lock___sfp_recursive_mutex